Archive member included because of file (symbol)

/Applications/Arduino.app/Contents/Resources/Java/hardware/arduino/sam/variants/arduino_due_x/libsam_sam3x8e_gcc_rel.a(pio.o)
                              Builds/variant.cpp.o (PIO_Configure)
/Applications/Arduino.app/Contents/Resources/Java/hardware/arduino/sam/variants/arduino_due_x/libsam_sam3x8e_gcc_rel.a(pmc.o)
                              Builds/variant.cpp.o (pmc_enable_periph_clk)
/Applications/Arduino.app/Contents/Resources/Java/hardware/arduino/sam/variants/arduino_due_x/libsam_sam3x8e_gcc_rel.a(wdt.o)
                              Builds/variant.cpp.o (WDT_Disable)
/Applications/Arduino.app/Contents/Resources/Java/hardware/arduino/sam/variants/arduino_due_x/libsam_sam3x8e_gcc_rel.a(system_sam3xa.o)
                              Builds/variant.cpp.o (SystemInit)
/Applications/Arduino.app/Contents/Resources/Java/hardware/arduino/sam/variants/arduino_due_x/libsam_sam3x8e_gcc_rel.a(startup_sam3xa.o)
                              (Reset_Handler)
/Applications/Arduino.app/Contents/Resources/Java/hardware/arduino/sam/variants/arduino_due_x/libsam_sam3x8e_gcc_rel.a(adc.o)
                              Builds/variant.cpp.o (adc_init)
/Applications/Arduino.app/Contents/Resources/Java/hardware/arduino/sam/variants/arduino_due_x/libsam_sam3x8e_gcc_rel.a(uotghs.o)
                              /Applications/Arduino.app/Contents/Resources/Java/hardware/arduino/sam/variants/arduino_due_x/libsam_sam3x8e_gcc_rel.a(startup_sam3xa.o) (UOTGHS_Handler)
Builds/embeddedcomputing.a(RingBuffer.cpp.o)
                              Builds/variant.cpp.o (RingBuffer::RingBuffer())
Builds/embeddedcomputing.a(UARTClass.cpp.o)
                              Builds/variant.cpp.o (UARTClass::available())
Builds/embeddedcomputing.a(USARTClass.cpp.o)
                              Builds/variant.cpp.o (USARTClass::available())
Builds/embeddedcomputing.a(USBCore.cpp.o)
                              Builds/main.cpp.o (USBDevice_::attach())
Builds/embeddedcomputing.a(WInterrupts.c.o)
                              /Applications/Arduino.app/Contents/Resources/Java/hardware/arduino/sam/variants/arduino_due_x/libsam_sam3x8e_gcc_rel.a(startup_sam3xa.o) (PIOA_Handler)
Builds/embeddedcomputing.a(abi.cpp.o)
                              Builds/embeddedcomputing.a(UARTClass.cpp.o) (__cxa_pure_virtual)
Builds/embeddedcomputing.a(cortex_handlers.c.o)
                              /Applications/Arduino.app/Contents/Resources/Java/hardware/arduino/sam/variants/arduino_due_x/libsam_sam3x8e_gcc_rel.a(startup_sam3xa.o) (NMI_Handler)
Builds/embeddedcomputing.a(hooks.c.o)
                              Builds/embeddedcomputing.a(cortex_handlers.c.o) (sysTickHook)
Builds/embeddedcomputing.a(new.cpp.o)
                              Builds/Lightshows.cpp.o (operator new(unsigned int))
Builds/embeddedcomputing.a(wiring.c.o)
                              Builds/main.cpp.o (millis)
Builds/embeddedcomputing.a(wiring_analog.c.o)
                              Builds/variant.cpp.o (analogOutputInit)
Builds/embeddedcomputing.a(wiring_digital.c.o)
                              Builds/Adafruit_NeoPixel.cpp.o (pinMode)
Builds/embeddedcomputing.a(Print.cpp.o)
                              Builds/embeddedcomputing.a(UARTClass.cpp.o) (Print::write(unsigned char const*, unsigned int))
Builds/embeddedcomputing.a(Reset.cpp.o)
                              Builds/embeddedcomputing.a(cortex_handlers.c.o) (tickReset)
Builds/embeddedcomputing.a(CDC.cpp.o)
                              Builds/embeddedcomputing.a(USBCore.cpp.o) (Serial_::accept())
Builds/embeddedcomputing.a(HID.cpp.o)
                              Builds/embeddedcomputing.a(USBCore.cpp.o) (HID_GetInterface(unsigned char*))
/Applications/Arduino.app/Contents/Resources/Java/hardware/arduino/sam/variants/arduino_due_x/libsam_sam3x8e_gcc_rel.a(pwmc.o)
                              Builds/embeddedcomputing.a(wiring_analog.c.o) (PWMC_ConfigureChannel)
/Applications/Arduino.app/Contents/Resources/Java/hardware/arduino/sam/variants/arduino_due_x/libsam_sam3x8e_gcc_rel.a(tc.o)
                              Builds/Adafruit_NeoPixel.cpp.o (TC_Configure)
/Applications/Arduino.app/Contents/Resources/Java/hardware/arduino/sam/variants/arduino_due_x/libsam_sam3x8e_gcc_rel.a(timetick.o)
                              Builds/embeddedcomputing.a(cortex_handlers.c.o) (TimeTick_Increment)
/Applications/Arduino.app/Contents/Resources/Java/hardware/arduino/sam/variants/arduino_due_x/libsam_sam3x8e_gcc_rel.a(interrupt_sam_nvic.o)
                              Builds/embeddedcomputing.a(USBCore.cpp.o) (g_interrupt_enabled)
/Applications/Arduino.app/Contents/Resources/Java/hardware/arduino/sam/variants/arduino_due_x/libsam_sam3x8e_gcc_rel.a(uotghs_device.o)
                              Builds/embeddedcomputing.a(USBCore.cpp.o) (UDD_SetStack)
/Applications/Arduino.app/Contents/Resources/Java/hardware/arduino/sam/variants/arduino_due_x/libsam_sam3x8e_gcc_rel.a(dacc.o)
[...]
Memory Configuration

Name             Origin             Length             Attributes
rom              0x0000000000080000 0x0000000000080000 xr
sram0            0x0000000020000000 0x0000000000010000 xrw
sram1            0x0000000020080000 0x0000000000008000 xrw
ram              0x0000000020070000 0x0000000000018000 xrw
*default*        0x0000000000000000 0xffffffffffffffff

Linker script and memory map

LOAD /Applications/Arduino.app/Contents/Resources/Java/hardware/tools/gcc-arm-none-eabi-4.8.3-2014q1/bin/../lib/gcc/arm-none-eabi/4.8.3/armv7-m/crti.o
LOAD /Applications/Arduino.app/Contents/Resources/Java/hardware/tools/gcc-arm-none-eabi-4.8.3-2014q1/bin/../lib/gcc/arm-none-eabi/4.8.3/armv7-m/crtbegin.o
LOAD /Applications/Arduino.app/Contents/Resources/Java/hardware/tools/gcc-arm-none-eabi-4.8.3-2014q1/bin/../lib/gcc/arm-none-eabi/4.8.3/../../../../arm-none-eabi/lib/armv7-m/crt0.o
LOAD Builds/variant.cpp.o
LOAD /Applications/Arduino.app/Contents/Resources/Java/hardware/tools/gcc-arm-none-eabi-4.8.3-2014q1/bin/../lib/gcc/arm-none-eabi/4.8.3/armv7-m/libgcc.a
START GROUP
LOAD Builds/syscalls_sam3.c.o
LOAD /Applications/Arduino.app/Contents/Resources/Java/hardware/arduino/sam/variants/arduino_due_x/libsam_sam3x8e_gcc_rel.a
LOAD Builds/Adafruit_NeoPixel.cpp.o
LOAD Builds/EMoonClasses.cpp.o
LOAD Builds/EMoonDesign.cpp.o
LOAD Builds/Lightshows.cpp.o
LOAD Builds/LocalLibrary.cpp.o
LOAD Builds/Strips.cpp.o
LOAD Builds/main.cpp.o
LOAD Builds/embeddedcomputing.a
END GROUP
LOAD /Applications/Arduino.app/Contents/Resources/Java/hardware/tools/gcc-arm-none-eabi-4.8.3-2014q1/bin/../lib/gcc/arm-none-eabi/4.8.3/../../../../arm-none-eabi/lib/armv7-m/libstdc++.a
LOAD /Applications/Arduino.app/Contents/Resources/Java/hardware/tools/gcc-arm-none-eabi-4.8.3-2014q1/bin/../lib/gcc/arm-none-eabi/4.8.3/../../../../arm-none-eabi/lib/armv7-m/libm.a
START GROUP
LOAD /Applications/Arduino.app/Contents/Resources/Java/hardware/tools/gcc-arm-none-eabi-4.8.3-2014q1/bin/../lib/gcc/arm-none-eabi/4.8.3/armv7-m/libgcc.a
LOAD /Applications/Arduino.app/Contents/Resources/Java/hardware/tools/gcc-arm-none-eabi-4.8.3-2014q1/bin/../lib/gcc/arm-none-eabi/4.8.3/../../../../arm-none-eabi/lib/armv7-m/libc.a
END GROUP
LOAD /Applications/Arduino.app/Contents/Resources/Java/hardware/tools/gcc-arm-none-eabi-4.8.3-2014q1/bin/../lib/gcc/arm-none-eabi/4.8.3/armv7-m/crtend.o
LOAD /Applications/Arduino.app/Contents/Resources/Java/hardware/tools/gcc-arm-none-eabi-4.8.3-2014q1/bin/../lib/gcc/arm-none-eabi/4.8.3/armv7-m/crtn.o

.text           0x0000000000080000     0x63d0
                0x0000000000080000                . = ALIGN (0x4)
                0x0000000000080000                _sfixed = .
 *(.vectors .vectors.*)
 .vectors       0x0000000000080000       0xf4 /Applications/Arduino.app/Contents/Resources/Java/hardware/arduino/sam/variants/arduino_due_x/libsam_sam3x8e_gcc_rel.a(startup_sam3xa.o)
                0x0000000000080000                exception_table
 *(.text .text.* .gnu.linkonce.t.*)
 .text          0x00000000000800f4       0x54 /Applications/Arduino.app/Contents/Resources/Java/hardware/tools/gcc-arm-none-eabi-4.8.3-2014q1/bin/../lib/gcc/arm-none-eabi/4.8.3/armv7-m/crtbegin.o
 .text._Z11serialEventv
                0x0000000000080148        0x2 Builds/variant.cpp.o
                0x0000000000080148                serialEvent()
 *fill*         0x000000000008014a        0x2 
 .text.UART_Handler
                0x000000000008014c        0xc Builds/variant.cpp.o
                0x000000000008014c                UART_Handler
 .text._Z12serialEvent1v
                0x0000000000080158        0x2 Builds/variant.cpp.o
                0x0000000000080158                serialEvent1()
 .text._Z12serialEvent2v
                0x000000000008015a        0x2 Builds/variant.cpp.o
                0x000000000008015a                serialEvent2()
 .text._Z12serialEvent3v
                0x000000000008015c        0x2 Builds/variant.cpp.o
                0x000000000008015c                serialEvent3()
 *fill*         0x000000000008015e        0x2 
 .text.USART0_Handler
                0x0000000000080160        0xc Builds/variant.cpp.o
                0x0000000000080160                USART0_Handler
 .text.USART1_Handler
                0x000000000008016c        0xc Builds/variant.cpp.o
                0x000000000008016c                USART1_Handler
 .text.USART3_Handler
                0x0000000000080178        0xc Builds/variant.cpp.o
                0x0000000000080178                USART3_Handler
 .text.init     0x0000000000080184      0x130 Builds/variant.cpp.o
                0x0000000000080184                init
 .text.startup._GLOBAL__sub_I_g_APinDescription
                0x00000000000802b4       0x90 Builds/variant.cpp.o
 .text._Z14serialEventRunv
                0x0000000000080344       0x44 Builds/variant.cpp.o
                0x0000000000080344                serialEventRun()
 .text._sbrk    0x0000000000080388       0x1c Builds/syscalls_sam3.c.o
                0x0000000000080388                _sbrk
 .text._close   0x00000000000803a4        0x6 Builds/syscalls_sam3.c.o
                0x00000000000803a4                _close
 .text._fstat   0x00000000000803aa        0xa Builds/syscalls_sam3.c.o
                0x00000000000803aa                _fstat
 .text._isatty  0x00000000000803b4        0x4 Builds/syscalls_sam3.c.o
                0x00000000000803b4                _isatty
 .text._lseek   0x00000000000803b8        0x4 Builds/syscalls_sam3.c.o
                0x00000000000803b8                _lseek
 .text._read    0x00000000000803bc        0x4 Builds/syscalls_sam3.c.o
                0x00000000000803bc                _read
 .text._write   0x00000000000803c0       0x24 Builds/syscalls_sam3.c.o
                0x00000000000803c0                _write
 .text._exit    0x00000000000803e4       0x10 Builds/syscalls_sam3.c.o
                0x00000000000803e4                _exit
 .text._kill    0x00000000000803f4        0x2 Builds/syscalls_sam3.c.o
                0x00000000000803f4                _kill
 .text._getpid  0x00000000000803f6        0x6 Builds/syscalls_sam3.c.o
                0x00000000000803f6                _getpid
 .text.PIO_DisableInterrupt
                0x00000000000803fc        0x4 /Applications/Arduino.app/Contents/Resources/Java/hardware/arduino/sam/variants/arduino_due_x/libsam_sam3x8e_gcc_rel.a(pio.o)
                0x00000000000803fc                PIO_DisableInterrupt
 .text.PIO_PullUp
                0x0000000000080400        0xa /Applications/Arduino.app/Contents/Resources/Java/hardware/arduino/sam/variants/arduino_due_x/libsam_sam3x8e_gcc_rel.a(pio.o)
                0x0000000000080400                PIO_PullUp
 .text.PIO_SetPeripheral
                0x000000000008040a       0x2a /Applications/Arduino.app/Contents/Resources/Java/hardware/arduino/sam/variants/arduino_due_x/libsam_sam3x8e_gcc_rel.a(pio.o)
                0x000000000008040a                PIO_SetPeripheral
 .text.PIO_SetInput
                0x0000000000080434       0x40 /Applications/Arduino.app/Contents/Resources/Java/hardware/arduino/sam/variants/arduino_due_x/libsam_sam3x8e_gcc_rel.a(pio.o)
                0x0000000000080434                PIO_SetInput
 .text.PIO_SetOutput
                0x0000000000080474       0x38 /Applications/Arduino.app/Contents/Resources/Java/hardware/arduino/sam/variants/arduino_due_x/libsam_sam3x8e_gcc_rel.a(pio.o)
                0x0000000000080474                PIO_SetOutput
 .text.PIO_Configure
                0x00000000000804ac       0x74 /Applications/Arduino.app/Contents/Resources/Java/hardware/arduino/sam/variants/arduino_due_x/libsam_sam3x8e_gcc_rel.a(pio.o)
                0x00000000000804ac                PIO_Configure
 .text.PIO_GetOutputDataStatus
                0x0000000000080520       0x16 /Applications/Arduino.app/Contents/Resources/Java/hardware/arduino/sam/variants/arduino_due_x/libsam_sam3x8e_gcc_rel.a(pio.o)
                0x0000000000080520                PIO_GetOutputDataStatus
 *fill*         0x0000000000080536        0x2 
 .text.pmc_enable_upll_clock
                0x0000000000080538       0x18 /Applications/Arduino.app/Contents/Resources/Java/hardware/arduino/sam/variants/arduino_due_x/libsam_sam3x8e_gcc_rel.a(pmc.o)
                0x0000000000080538                pmc_enable_upll_clock
 .text.pmc_enable_periph_clk
                0x0000000000080550       0x48 /Applications/Arduino.app/Contents/Resources/Java/hardware/arduino/sam/variants/arduino_due_x/libsam_sam3x8e_gcc_rel.a(pmc.o)
                0x0000000000080550                pmc_enable_periph_clk
 .text.pmc_disable_periph_clk
                0x0000000000080598       0x48 /Applications/Arduino.app/Contents/Resources/Java/hardware/arduino/sam/variants/arduino_due_x/libsam_sam3x8e_gcc_rel.a(pmc.o)
                0x0000000000080598                pmc_disable_periph_clk
 .text.pmc_switch_udpck_to_upllck
                0x00000000000805e0       0x14 /Applications/Arduino.app/Contents/Resources/Java/hardware/arduino/sam/variants/arduino_due_x/libsam_sam3x8e_gcc_rel.a(pmc.o)
                0x00000000000805e0                pmc_switch_udpck_to_upllck
 .text.pmc_enable_udpck
                0x00000000000805f4        0xc /Applications/Arduino.app/Contents/Resources/Java/hardware/arduino/sam/variants/arduino_due_x/libsam_sam3x8e_gcc_rel.a(pmc.o)
                0x00000000000805f4                pmc_enable_udpck
 .text.pmc_set_writeprotect
                0x0000000000080600       0x1c /Applications/Arduino.app/Contents/Resources/Java/hardware/arduino/sam/variants/arduino_due_x/libsam_sam3x8e_gcc_rel.a(pmc.o)
                0x0000000000080600                pmc_set_writeprotect
 .text.WDT_Disable
                0x000000000008061c        0x8 /Applications/Arduino.app/Contents/Resources/Java/hardware/arduino/sam/variants/arduino_due_x/libsam_sam3x8e_gcc_rel.a(wdt.o)
                0x000000000008061c                WDT_Disable
 .text.SystemInit
                0x0000000000080624       0x9c /Applications/Arduino.app/Contents/Resources/Java/hardware/arduino/sam/variants/arduino_due_x/libsam_sam3x8e_gcc_rel.a(system_sam3xa.o)
                0x0000000000080624                SystemInit
 .text.Reset_Handler
                0x00000000000806c0       0x70 /Applications/Arduino.app/Contents/Resources/Java/hardware/arduino/sam/variants/arduino_due_x/libsam_sam3x8e_gcc_rel.a(startup_sam3xa.o)
                0x00000000000806c0                Reset_Handler
 .text.adc_init
                0x0000000000080730       0xa0 /Applications/Arduino.app/Contents/Resources/Java/hardware/arduino/sam/variants/arduino_due_x/libsam_sam3x8e_gcc_rel.a(adc.o)
                0x0000000000080730                adc_init
 .text.adc_configure_trigger
                0x00000000000807d0       0x10 /Applications/Arduino.app/Contents/Resources/Java/hardware/arduino/sam/variants/arduino_due_x/libsam_sam3x8e_gcc_rel.a(adc.o)
                0x00000000000807d0                adc_configure_trigger
 .text.adc_configure_timing
                0x00000000000807e0       0x1a /Applications/Arduino.app/Contents/Resources/Java/hardware/arduino/sam/variants/arduino_due_x/libsam_sam3x8e_gcc_rel.a(adc.o)
                0x00000000000807e0                adc_configure_timing
 .text.adc_disable_all_channel
                0x00000000000807fa        0x8 /Applications/Arduino.app/Contents/Resources/Java/hardware/arduino/sam/variants/arduino_due_x/libsam_sam3x8e_gcc_rel.a(adc.o)
                0x00000000000807fa                adc_disable_all_channel
 .text.adc_disable_interrupt
                0x0000000000080802        0x4 /Applications/Arduino.app/Contents/Resources/Java/hardware/arduino/sam/variants/arduino_due_x/libsam_sam3x8e_gcc_rel.a(adc.o)
                0x0000000000080802                adc_disable_interrupt
 *fill*         0x0000000000080806        0x2 
 .text.UOTGHS_Handler
                0x0000000000080808       0x10 /Applications/Arduino.app/Contents/Resources/Java/hardware/arduino/sam/variants/arduino_due_x/libsam_sam3x8e_gcc_rel.a(uotghs.o)
                0x0000000000080808                UOTGHS_Handler
 .text._ZN17Adafruit_NeoPixelC2Ethh
                0x0000000000080818       0x5e Builds/Adafruit_NeoPixel.cpp.o
                0x0000000000080818                Adafruit_NeoPixel::Adafruit_NeoPixel(unsigned short, unsigned char, unsigned char)
                0x0000000000080818                Adafruit_NeoPixel::Adafruit_NeoPixel(unsigned short, unsigned char, unsigned char)
 .text._ZN17Adafruit_NeoPixel5beginEv
                0x0000000000080876       0x18 Builds/Adafruit_NeoPixel.cpp.o
                0x0000000000080876                Adafruit_NeoPixel::begin()
 *fill*         0x000000000008088e        0x2 
 .text._ZN17Adafruit_NeoPixel4showEv
                0x0000000000080890       0xd8 Builds/Adafruit_NeoPixel.cpp.o
                0x0000000000080890                Adafruit_NeoPixel::show()
 .text._ZN17Adafruit_NeoPixel13setPixelColorEtm
                0x0000000000080968       0x38 Builds/Adafruit_NeoPixel.cpp.o
                0x0000000000080968                Adafruit_NeoPixel::setPixelColor(unsigned short, unsigned long)
 .text._ZNK17Adafruit_NeoPixel9numPixelsEv
                0x00000000000809a0        0x4 Builds/Adafruit_NeoPixel.cpp.o
                0x00000000000809a0                Adafruit_NeoPixel::numPixels() const
 .text._Z5wipe4mmP17Adafruit_NeoPixelhPFmvES2_S2_S2_S2_
                0x00000000000809a4       0x8c Builds/EMoonDesign.cpp.o
                0x00000000000809a4                wipe4(unsigned long, unsigned long, Adafruit_NeoPixel*, unsigned char, unsigned long (*)(), unsigned long (*)(), unsigned long (*)(), unsigned long (*)(), unsigned long (*)())
 .text._Z5fade2mmP17Adafruit_NeoPixelhPFmvES2_S2_
                0x0000000000080a30       0x6c Builds/EMoonDesign.cpp.o
                0x0000000000080a30                fade2(unsigned long, unsigned long, Adafruit_NeoPixel*, unsigned char, unsigned long (*)(), unsigned long (*)(), unsigned long (*)())
 .text._Z9redFadeCXv
                0x0000000000080a9c        0x4 Builds/Lightshows.cpp.o
                0x0000000000080a9c                redFadeCX()
 .text._Z9redFadeC0v
                0x0000000000080aa0        0x4 Builds/Lightshows.cpp.o
                0x0000000000080aa0                redFadeC0()
 .text._Z9redFadeC1v
                0x0000000000080aa4        0x6 Builds/Lightshows.cpp.o
                0x0000000000080aa4                redFadeC1()
 .text._Z9gordon1CXv
                0x0000000000080aaa        0x6 Builds/Lightshows.cpp.o
                0x0000000000080aaa                gordon1CX()
 .text._Z9gordon1C0v
                0x0000000000080ab0        0x6 Builds/Lightshows.cpp.o
                0x0000000000080ab0                gordon1C0()
 .text._Z9gordon1C1v
                0x0000000000080ab6        0x6 Builds/Lightshows.cpp.o
                0x0000000000080ab6                gordon1C1()
 .text._Z9gordon1C2v
                0x0000000000080abc        0x6 Builds/Lightshows.cpp.o
                0x0000000000080abc                gordon1C2()
 .text._Z9gordon1C3v
                0x0000000000080ac2        0x6 Builds/Lightshows.cpp.o
                0x0000000000080ac2                gordon1C3()
 .text._Z11blackFadeCXv
                0x0000000000080ac8        0x6 Builds/Lightshows.cpp.o
                0x0000000000080ac8                blackFadeCX()
 .text._Z11blackFadeC0v
                0x0000000000080ace        0x6 Builds/Lightshows.cpp.o
                0x0000000000080ace                blackFadeC0()
 .text._Z11blackFadeC1v
                0x0000000000080ad4        0x4 Builds/Lightshows.cpp.o
                0x0000000000080ad4                blackFadeC1()
 .text._Z9gordon2CXv
                0x0000000000080ad8        0x4 Builds/Lightshows.cpp.o
                0x0000000000080ad8                gordon2CX()
 .text._Z9gordon2C0v
                0x0000000000080adc        0x4 Builds/Lightshows.cpp.o
                0x0000000000080adc                gordon2C0()
 .text._Z9gordon2C1v
                0x0000000000080ae0        0x8 Builds/Lightshows.cpp.o
                0x0000000000080ae0                gordon2C1()
 .text._Z9gordon2C2v
                0x0000000000080ae8        0x4 Builds/Lightshows.cpp.o
                0x0000000000080ae8                gordon2C2()
 .text._Z9gordon2C3v
                0x0000000000080aec        0x8 Builds/Lightshows.cpp.o
                0x0000000000080aec                gordon2C3()
 .text._Z9gordon3CXv
                0x0000000000080af4        0x6 Builds/Lightshows.cpp.o
                0x0000000000080af4                gordon3CX()
 .text._Z9gordon3C0v
                0x0000000000080afa        0x6 Builds/Lightshows.cpp.o
                0x0000000000080afa                gordon3C0()
 .text._Z9gordon3C1v
                0x0000000000080b00        0x8 Builds/Lightshows.cpp.o
                0x0000000000080b00                gordon3C1()
 .text._Z9gordon3C2v
                0x0000000000080b08        0x6 Builds/Lightshows.cpp.o
                0x0000000000080b08                gordon3C2()
 .text._Z9gordon3C3v
                0x0000000000080b0e        0x4 Builds/Lightshows.cpp.o
                0x0000000000080b0e                gordon3C3()
 .text._Z10redGreenCXv
                0x0000000000080b12        0x4 Builds/Lightshows.cpp.o
                0x0000000000080b12                redGreenCX()
 .text._Z10redGreenC0v
                0x0000000000080b16        0x4 Builds/Lightshows.cpp.o
                0x0000000000080b16                redGreenC0()
 .text._Z10redGreenC1v
                0x0000000000080b1a        0x4 Builds/Lightshows.cpp.o
                0x0000000000080b1a                redGreenC1()
 .text._Z11greenBlueCXv
                0x0000000000080b1e        0x6 Builds/Lightshows.cpp.o
                0x0000000000080b1e                greenBlueCX()
 .text._Z11greenBlueC0v
                0x0000000000080b24        0x6 Builds/Lightshows.cpp.o
                0x0000000000080b24                greenBlueC0()
 .text._Z11greenBlueC1v
                0x0000000000080b2a        0x4 Builds/Lightshows.cpp.o
                0x0000000000080b2a                greenBlueC1()
 .text._Z11mardigrasCXv
                0x0000000000080b2e        0x6 Builds/Lightshows.cpp.o
                0x0000000000080b2e                mardigrasCX()
 .text._Z11mardigrasC0v
                0x0000000000080b34        0x6 Builds/Lightshows.cpp.o
                0x0000000000080b34                mardigrasC0()
 *fill*         0x0000000000080b3a        0x2 
 .text._Z11mardigrasC1v
                0x0000000000080b3c        0x8 Builds/Lightshows.cpp.o
                0x0000000000080b3c                mardigrasC1()
 .text._Z11mardigrasC2v
                0x0000000000080b44        0x8 Builds/Lightshows.cpp.o
                0x0000000000080b44                mardigrasC2()
 .text._Z11mardigrasC3v
                0x0000000000080b4c        0x6 Builds/Lightshows.cpp.o
                0x0000000000080b4c                mardigrasC3()
 *fill*         0x0000000000080b52        0x2 
 .text._Z7gordon1mmP17Adafruit_NeoPixel
                0x0000000000080b54       0x38 Builds/Lightshows.cpp.o
                0x0000000000080b54                gordon1(unsigned long, unsigned long, Adafruit_NeoPixel*)
 .text._Z7gordon2mmP17Adafruit_NeoPixel
                0x0000000000080b8c       0x38 Builds/Lightshows.cpp.o
                0x0000000000080b8c                gordon2(unsigned long, unsigned long, Adafruit_NeoPixel*)
 .text._Z7gordon3mmP17Adafruit_NeoPixel
                0x0000000000080bc4       0x38 Builds/Lightshows.cpp.o
                0x0000000000080bc4                gordon3(unsigned long, unsigned long, Adafruit_NeoPixel*)
 .text._Z9mardigrasmmP17Adafruit_NeoPixel
                0x0000000000080bfc       0x38 Builds/Lightshows.cpp.o
                0x0000000000080bfc                mardigras(unsigned long, unsigned long, Adafruit_NeoPixel*)
 .text._Z7redFademmP17Adafruit_NeoPixel
                0x0000000000080c34       0x28 Builds/Lightshows.cpp.o
                0x0000000000080c34                redFade(unsigned long, unsigned long, Adafruit_NeoPixel*)
 .text._Z9blackFademmP17Adafruit_NeoPixel
                0x0000000000080c5c       0x28 Builds/Lightshows.cpp.o
                0x0000000000080c5c                blackFade(unsigned long, unsigned long, Adafruit_NeoPixel*)
 .text._Z8redGreenmmP17Adafruit_NeoPixel
                0x0000000000080c84       0x28 Builds/Lightshows.cpp.o
                0x0000000000080c84                redGreen(unsigned long, unsigned long, Adafruit_NeoPixel*)
 .text._Z9greenBluemmP17Adafruit_NeoPixel
                0x0000000000080cac       0x28 Builds/Lightshows.cpp.o
                0x0000000000080cac                greenBlue(unsigned long, unsigned long, Adafruit_NeoPixel*)
 .text._Z8testmix1mmP17Adafruit_NeoPixel
                0x0000000000080cd4      0x114 Builds/Lightshows.cpp.o
                0x0000000000080cd4                testmix1(unsigned long, unsigned long, Adafruit_NeoPixel*)
 .text._Z11setupStripsv
                0x0000000000080de8       0x38 Builds/Lightshows.cpp.o
                0x0000000000080de8                setupStrips()
 .text._Z20setupMasterLightshowv
                0x0000000000080e20       0x2c Builds/Lightshows.cpp.o
                0x0000000000080e20                setupMasterLightshow()
 .text.startup._GLOBAL__sub_I__Z15rainbowSpreadCXv
                0x0000000000080e4c       0x54 Builds/Lightshows.cpp.o
 .text._ZN28activePrimitiveLightshowListC2Ev
                0x0000000000080ea0       0x2a Builds/LocalLibrary.cpp.o
                0x0000000000080ea0                activePrimitiveLightshowList::activePrimitiveLightshowList()
                0x0000000000080ea0                activePrimitiveLightshowList::activePrimitiveLightshowList()
 *fill*         0x0000000000080eca        0x2 
 .text._ZN28activePrimitiveLightshowList12addLightshowEimP17Adafruit_NeoPixelPFvmmS1_E
                0x0000000000080ecc       0x58 Builds/LocalLibrary.cpp.o
                0x0000000000080ecc                activePrimitiveLightshowList::addLightshow(int, unsigned long, Adafruit_NeoPixel*, void (*)(unsigned long, unsigned long, Adafruit_NeoPixel*))
 .text._ZN28activePrimitiveLightshowList15removeLightshowEi
                0x0000000000080f24       0x46 Builds/LocalLibrary.cpp.o
                0x0000000000080f24                activePrimitiveLightshowList::removeLightshow(int)
 .text._ZN27activeSymbolicLightshowListC2Ev
                0x0000000000080f6a       0x1e Builds/LocalLibrary.cpp.o
                0x0000000000080f6a                activeSymbolicLightshowList::activeSymbolicLightshowList()
                0x0000000000080f6a                activeSymbolicLightshowList::activeSymbolicLightshowList()
 .text._ZN27activeSymbolicLightshowList12addLightshowEimP17Adafruit_NeoPixelPFvmmS1_E
                0x0000000000080f88       0x38 Builds/LocalLibrary.cpp.o
                0x0000000000080f88                activeSymbolicLightshowList::addLightshow(int, unsigned long, Adafruit_NeoPixel*, void (*)(unsigned long, unsigned long, Adafruit_NeoPixel*))
 .text._ZN27activeSymbolicLightshowList15removeLightshowEi
                0x0000000000080fc0       0x1a Builds/LocalLibrary.cpp.o
                0x0000000000080fc0                activeSymbolicLightshowList::removeLightshow(int)
 *fill*         0x0000000000080fda        0x2 
 .text._ZN27activeSymbolicLightshowList21activateNextLightshowEi
                0x0000000000080fdc       0x44 Builds/LocalLibrary.cpp.o
                0x0000000000080fdc                activeSymbolicLightshowList::activateNextLightshow(int)
 .text._ZN28activePrimitiveLightshowList9updateAllEv
                0x0000000000081020       0x54 Builds/LocalLibrary.cpp.o
                0x0000000000081020                activePrimitiveLightshowList::updateAll()
 .text._ZN23activePhysicalStripList8addStripEP17Adafruit_NeoPixel
                0x0000000000081074       0x14 Builds/LocalLibrary.cpp.o
                0x0000000000081074                activePhysicalStripList::addStrip(Adafruit_NeoPixel*)
 .text._ZN23activePhysicalStripList7showAllEv
                0x0000000000081088       0x1c Builds/LocalLibrary.cpp.o
                0x0000000000081088                activePhysicalStripList::showAll()
 .text.startup._GLOBAL__sub_I_APL_list
                0x00000000000810a4       0x48 Builds/LocalLibrary.cpp.o
 .text.setup    0x00000000000810ec       0x34 Builds/main.cpp.o
                0x00000000000810ec                setup
 .text.loop     0x0000000000081120       0x44 Builds/main.cpp.o
                0x0000000000081120                loop
 .text.startup.main
                0x0000000000081164       0x30 Builds/main.cpp.o
                0x0000000000081164                main
 .text.startup._GLOBAL__sub_I_main
                0x0000000000081194       0x20 Builds/main.cpp.o
 .text._ZN10RingBufferC2Ev
                0x00000000000811b4       0x16 Builds/embeddedcomputing.a(RingBuffer.cpp.o)
                0x00000000000811b4                RingBuffer::RingBuffer()
                0x00000000000811b4                RingBuffer::RingBuffer()
 .text._ZN10RingBuffer10store_charEh
                0x00000000000811ca       0x16 Builds/embeddedcomputing.a(RingBuffer.cpp.o)
                0x00000000000811ca                RingBuffer::store_char(unsigned char)
 .text._ZN9UARTClasscvbEv
                0x00000000000811e0        0x4 Builds/embeddedcomputing.a(UARTClass.cpp.o)
                0x00000000000811e0                UARTClass::operator bool()
 .text._ZN9UARTClass9availableEv
                0x00000000000811e4        0xe Builds/embeddedcomputing.a(UARTClass.cpp.o)
                0x00000000000811e4                UARTClass::available()
 .text._ZN9UARTClass4peekEv
                0x00000000000811f2       0x12 Builds/embeddedcomputing.a(UARTClass.cpp.o)
                0x00000000000811f2                UARTClass::peek()
 .text._ZN9UARTClass4readEv
                0x0000000000081204       0x1c Builds/embeddedcomputing.a(UARTClass.cpp.o)
                0x0000000000081204                UARTClass::read()
 .text._ZN9UARTClass5flushEv
                0x0000000000081220        0xa Builds/embeddedcomputing.a(UARTClass.cpp.o)
                0x0000000000081220                UARTClass::flush()
 .text._ZN9UARTClass5writeEh
                0x000000000008122a        0xe Builds/embeddedcomputing.a(UARTClass.cpp.o)
                0x000000000008122a                UARTClass::write(unsigned char)
 .text._ZN9UARTClass5beginEm
                0x0000000000081238       0x5c Builds/embeddedcomputing.a(UARTClass.cpp.o)
                0x0000000000081238                UARTClass::begin(unsigned long)
 .text._ZN9UARTClass3endEv
                0x0000000000081294       0x38 Builds/embeddedcomputing.a(UARTClass.cpp.o)
                0x0000000000081294                UARTClass::end()
 .text._ZN9UARTClassC2EP4Uart4IRQnmP10RingBuffer
                0x00000000000812cc       0x20 Builds/embeddedcomputing.a(UARTClass.cpp.o)
                0x00000000000812cc                UARTClass::UARTClass(Uart*, IRQn, unsigned long, RingBuffer*)
                0x00000000000812cc                UARTClass::UARTClass(Uart*, IRQn, unsigned long, RingBuffer*)
 .text._ZN9UARTClass10IrqHandlerEv
                0x00000000000812ec       0x28 Builds/embeddedcomputing.a(UARTClass.cpp.o)
                0x00000000000812ec                UARTClass::IrqHandler()
 .text._ZN10USARTClasscvbEv
                0x0000000000081314        0x4 Builds/embeddedcomputing.a(USARTClass.cpp.o)
                0x0000000000081314                USARTClass::operator bool()
 .text._ZN10USARTClass9availableEv
                0x0000000000081318        0xe Builds/embeddedcomputing.a(USARTClass.cpp.o)
                0x0000000000081318                USARTClass::available()
 .text._ZN10USARTClass4peekEv
                0x0000000000081326       0x12 Builds/embeddedcomputing.a(USARTClass.cpp.o)
                0x0000000000081326                USARTClass::peek()
 .text._ZN10USARTClass4readEv
                0x0000000000081338       0x1c Builds/embeddedcomputing.a(USARTClass.cpp.o)
                0x0000000000081338                USARTClass::read()
 .text._ZN10USARTClass5flushEv
                0x0000000000081354        0xa Builds/embeddedcomputing.a(USARTClass.cpp.o)
                0x0000000000081354                USARTClass::flush()
 .text._ZN10USARTClass5writeEh
                0x000000000008135e        0xe Builds/embeddedcomputing.a(USARTClass.cpp.o)
                0x000000000008135e                USARTClass::write(unsigned char)
 .text._ZN10USARTClass3endEv
                0x000000000008136c       0x38 Builds/embeddedcomputing.a(USARTClass.cpp.o)
                0x000000000008136c                USARTClass::end()
 .text._ZN10USARTClassC2EP5Usart4IRQnmP10RingBuffer
                0x00000000000813a4       0x20 Builds/embeddedcomputing.a(USARTClass.cpp.o)
                0x00000000000813a4                USARTClass::USARTClass(Usart*, IRQn, unsigned long, RingBuffer*)
                0x00000000000813a4                USARTClass::USARTClass(Usart*, IRQn, unsigned long, RingBuffer*)
 .text._ZN10USARTClass5beginEmm
                0x00000000000813c4       0x58 Builds/embeddedcomputing.a(USARTClass.cpp.o)
                0x00000000000813c4                USARTClass::begin(unsigned long, unsigned long)
 .text._ZN10USARTClass5beginEm
                0x000000000008141c        0x8 Builds/embeddedcomputing.a(USARTClass.cpp.o)
                0x000000000008141c                USARTClass::begin(unsigned long)
 .text._ZN10USARTClass10IrqHandlerEv
                0x0000000000081424       0x28 Builds/embeddedcomputing.a(USARTClass.cpp.o)
                0x0000000000081424                USARTClass::IrqHandler()
 .text.unlikely._ZL11USB_SendZlpv
                0x000000000008144c       0x20 Builds/embeddedcomputing.a(USBCore.cpp.o)
 .text._Z14USBD_Availablem
                0x000000000008146c       0x2c Builds/embeddedcomputing.a(USBCore.cpp.o)
                0x000000000008146c                USBD_Available(unsigned long)
 .text._Z9USBD_RecvmPvm
                0x0000000000081498       0x7c Builds/embeddedcomputing.a(USBCore.cpp.o)
                0x0000000000081498                USBD_Recv(unsigned long, void*, unsigned long)
 .text._Z9USBD_Recvm
                0x0000000000081514       0x22 Builds/embeddedcomputing.a(USBCore.cpp.o)
                0x0000000000081514                USBD_Recv(unsigned long)
 *fill*         0x0000000000081536        0x2 
 .text._Z9USBD_SendmPKvm
                0x0000000000081538       0x4c Builds/embeddedcomputing.a(USBCore.cpp.o)
                0x0000000000081538                USBD_Send(unsigned long, void const*, unsigned long)
 .text._Z16USBD_SendControlhPKvm
                0x0000000000081584       0x40 Builds/embeddedcomputing.a(USBCore.cpp.o)
                0x0000000000081584                USBD_SendControl(unsigned char, void const*, unsigned long)
 .text.unlikely._ZL24USB_SendStringDescriptorPKhi
                0x00000000000815c4       0x38 Builds/embeddedcomputing.a(USBCore.cpp.o)
 .text._Z16USBD_RecvControlPvm
                0x00000000000815fc       0x1c Builds/embeddedcomputing.a(USBCore.cpp.o)
                0x00000000000815fc                USBD_RecvControl(void*, unsigned long)
 .text._Z26USBD_ClassInterfaceRequestR5Setup
                0x0000000000081618       0x14 Builds/embeddedcomputing.a(USBCore.cpp.o)
                0x0000000000081618                USBD_ClassInterfaceRequest(Setup&)
 .text._Z19USBD_SendInterfacesv
                0x000000000008162c       0x1e Builds/embeddedcomputing.a(USBCore.cpp.o)
                0x000000000008162c                USBD_SendInterfaces()
 .text._Z24USBD_SendOtherInterfacesv
                0x000000000008164a       0x1e Builds/embeddedcomputing.a(USBCore.cpp.o)
                0x000000000008164a                USBD_SendOtherInterfaces()
 .text._Z10USBD_Flushm
                0x0000000000081668       0x16 Builds/embeddedcomputing.a(USBCore.cpp.o)
                0x0000000000081668                USBD_Flush(unsigned long)
 *fill*         0x000000000008167e        0x2 
 .text._ZN10USBDevice_C2Ev
                0x0000000000081680       0x24 Builds/embeddedcomputing.a(USBCore.cpp.o)
                0x0000000000081680                USBDevice_::USBDevice_()
                0x0000000000081680                USBDevice_::USBDevice_()
 .text._ZN10USBDevice_6attachEv
                0x00000000000816a4       0x20 Builds/embeddedcomputing.a(USBCore.cpp.o)
                0x00000000000816a4                USBDevice_::attach()
 .text.startup._GLOBAL__sub_I_TxLEDPulse
                0x00000000000816c4        0xc Builds/embeddedcomputing.a(USBCore.cpp.o)
 .text._ZL7USB_ISRv
                0x00000000000816d0      0x424 Builds/embeddedcomputing.a(USBCore.cpp.o)
 .text.PIOA_Handler
                0x0000000000081af4       0x28 Builds/embeddedcomputing.a(WInterrupts.c.o)
                0x0000000000081af4                PIOA_Handler
 .text.PIOB_Handler
                0x0000000000081b1c       0x28 Builds/embeddedcomputing.a(WInterrupts.c.o)
                0x0000000000081b1c                PIOB_Handler
 .text.PIOC_Handler
                0x0000000000081b44       0x28 Builds/embeddedcomputing.a(WInterrupts.c.o)
                0x0000000000081b44                PIOC_Handler
 .text.PIOD_Handler
                0x0000000000081b6c       0x28 Builds/embeddedcomputing.a(WInterrupts.c.o)
                0x0000000000081b6c                PIOD_Handler
 .text.__halt   0x0000000000081b94        0x2 Builds/embeddedcomputing.a(cortex_handlers.c.o)
                0x0000000000081b94                SPI0_Handler
                0x0000000000081b94                DebugMon_Handler
                0x0000000000081b94                DMAC_Handler
                0x0000000000081b94                TRNG_Handler
                0x0000000000081b94                HardFault_Handler
                0x0000000000081b94                TC2_Handler
                0x0000000000081b94                TWI1_Handler
                0x0000000000081b94                NMI_Handler
                0x0000000000081b94                TC7_Handler
                0x0000000000081b94                ADC_Handler
                0x0000000000081b94                SMC_Handler
                0x0000000000081b94                RTT_Handler
                0x0000000000081b94                EFC1_Handler
                0x0000000000081b94                RTC_Handler
                0x0000000000081b94                UsageFault_Handler
                0x0000000000081b94                TC6_Handler
                0x0000000000081b94                WDT_Handler
                0x0000000000081b94                CAN0_Handler
                0x0000000000081b94                TC4_Handler
                0x0000000000081b94                TC1_Handler
                0x0000000000081b94                HSMCI_Handler
                0x0000000000081b94                TC3_Handler
                0x0000000000081b94                TWI0_Handler
                0x0000000000081b94                SSC_Handler
                0x0000000000081b94                EFC0_Handler
                0x0000000000081b94                PMC_Handler
                0x0000000000081b94                PWM_Handler
                0x0000000000081b94                CAN1_Handler
                0x0000000000081b94                MemManage_Handler
                0x0000000000081b94                SUPC_Handler
                0x0000000000081b94                TC8_Handler
                0x0000000000081b94                USART2_Handler
                0x0000000000081b94                EMAC_Handler
                0x0000000000081b94                BusFault_Handler
                0x0000000000081b94                RSTC_Handler
                0x0000000000081b94                TC0_Handler
                0x0000000000081b94                TC5_Handler
                0x0000000000081b94                DACC_Handler
 .text.SVC_Handler
                0x0000000000081b96        0x4 Builds/embeddedcomputing.a(cortex_handlers.c.o)
                0x0000000000081b96                SVC_Handler
 .text.PendSV_Handler
                0x0000000000081b9a        0x4 Builds/embeddedcomputing.a(cortex_handlers.c.o)
                0x0000000000081b9a                PendSV_Handler
 .text.SysTick_Handler
                0x0000000000081b9e       0x16 Builds/embeddedcomputing.a(cortex_handlers.c.o)
                0x0000000000081b9e                SysTick_Handler
 .text.__empty  0x0000000000081bb4        0x2 Builds/embeddedcomputing.a(hooks.c.o)
                0x0000000000081bb4                yield
 .text.__false  0x0000000000081bb6        0x4 Builds/embeddedcomputing.a(hooks.c.o)
                0x0000000000081bb6                sysTickHook
 .text.__halt   0x0000000000081bba        0x2 Builds/embeddedcomputing.a(hooks.c.o)
                0x0000000000081bba                pendSVHook
                0x0000000000081bba                svcHook
 .text._Znwj    0x0000000000081bbc        0x4 Builds/embeddedcomputing.a(new.cpp.o)
                0x0000000000081bbc                operator new(unsigned int)
 .text.millis   0x0000000000081bc0        0x4 Builds/embeddedcomputing.a(wiring.c.o)
                0x0000000000081bc0                millis
 .text.micros   0x0000000000081bc4       0x74 Builds/embeddedcomputing.a(wiring.c.o)
                0x0000000000081bc4                micros
 .text.delay    0x0000000000081c38       0x1c Builds/embeddedcomputing.a(wiring.c.o)
                0x0000000000081c38                delay
 .text.analogOutputInit
                0x0000000000081c54       0x14 Builds/embeddedcomputing.a(wiring_analog.c.o)
                0x0000000000081c54                analogOutputInit
 .text.pinMode  0x0000000000081c68       0x64 Builds/embeddedcomputing.a(wiring_digital.c.o)
                0x0000000000081c68                pinMode
 .text.digitalWrite
                0x0000000000081ccc       0x48 Builds/embeddedcomputing.a(wiring_digital.c.o)
                0x0000000000081ccc                digitalWrite
 .text._ZN5Print5writeEPKhj
                0x0000000000081d14       0x22 Builds/embeddedcomputing.a(Print.cpp.o)
                0x0000000000081d14                Print::write(unsigned char const*, unsigned int)
 *fill*         0x0000000000081d36        0x2 
 .text.initiateReset
                0x0000000000081d38        0xc Builds/embeddedcomputing.a(Reset.cpp.o)
                0x0000000000081d38                initiateReset
 .text.cancelReset
                0x0000000000081d44       0x10 Builds/embeddedcomputing.a(Reset.cpp.o)
                0x0000000000081d44                cancelReset
 .text.tickReset
                0x0000000000081d54       0x20 Builds/embeddedcomputing.a(Reset.cpp.o)
                0x0000000000081d54                tickReset
 .text._ZN7Serial_9availableEv
                0x0000000000081d74       0x18 Builds/embeddedcomputing.a(CDC.cpp.o)
                0x0000000000081d74                Serial_::available()
 .text._ZN7Serial_4peekEv
                0x0000000000081d8c       0x20 Builds/embeddedcomputing.a(CDC.cpp.o)
                0x0000000000081d8c                Serial_::peek()
 .text._ZN7Serial_5writeEh
                0x0000000000081dac       0x16 Builds/embeddedcomputing.a(CDC.cpp.o)
                0x0000000000081dac                Serial_::write(unsigned char)
 *fill*         0x0000000000081dc2        0x2 
 .text._ZN7Serial_4readEv
                0x0000000000081dc4       0x44 Builds/embeddedcomputing.a(CDC.cpp.o)
                0x0000000000081dc4                Serial_::read()
 .text._ZN7Serial_5flushEv
                0x0000000000081e08        0x6 Builds/embeddedcomputing.a(CDC.cpp.o)
                0x0000000000081e08                Serial_::flush()
 *fill*         0x0000000000081e0e        0x2 
 .text._ZN7Serial_6acceptEv
                0x0000000000081e10       0x70 Builds/embeddedcomputing.a(CDC.cpp.o)
                0x0000000000081e10                Serial_::accept()
 .text._ZN7Serial_5writeEPKhj
                0x0000000000081e80       0x2c Builds/embeddedcomputing.a(CDC.cpp.o)
                0x0000000000081e80                Serial_::write(unsigned char const*, unsigned int)
 .text._Z16CDC_GetInterfacePh
                0x0000000000081eac       0x14 Builds/embeddedcomputing.a(CDC.cpp.o)
                0x0000000000081eac                CDC_GetInterface(unsigned char*)
 .text._Z21CDC_GetOtherInterfacePh
                0x0000000000081ec0       0x14 Builds/embeddedcomputing.a(CDC.cpp.o)
                0x0000000000081ec0                CDC_GetOtherInterface(unsigned char*)
 .text._Z9CDC_SetupR5Setup
                0x0000000000081ed4       0x64 Builds/embeddedcomputing.a(CDC.cpp.o)
                0x0000000000081ed4                CDC_Setup(Setup&)
 .text.startup._GLOBAL__sub_I_cdc_rx_buffer
                0x0000000000081f38       0x1c Builds/embeddedcomputing.a(CDC.cpp.o)
 .text._ZN9Keyboard_5writeEh
                0x0000000000081f54       0x1c Builds/embeddedcomputing.a(HID.cpp.o)
                0x0000000000081f54                Keyboard_::write(unsigned char)
 .text._Z16HID_GetInterfacePh
                0x0000000000081f70       0x14 Builds/embeddedcomputing.a(HID.cpp.o)
                0x0000000000081f70                HID_GetInterface(unsigned char*)
 .text._Z17HID_GetDescriptori
                0x0000000000081f84       0x10 Builds/embeddedcomputing.a(HID.cpp.o)
                0x0000000000081f84                HID_GetDescriptor(int)
 .text._Z14HID_SendReporthPKvm
                0x0000000000081f94       0x2e Builds/embeddedcomputing.a(HID.cpp.o)
                0x0000000000081f94                HID_SendReport(unsigned char, void const*, unsigned long)
 *fill*         0x0000000000081fc2        0x2 
 .text._Z9HID_SetupR5Setup
                0x0000000000081fc4       0x40 Builds/embeddedcomputing.a(HID.cpp.o)
                0x0000000000081fc4                HID_Setup(Setup&)
 .text._ZN9Keyboard_10sendReportEP9KeyReport
                0x0000000000082004        0xc Builds/embeddedcomputing.a(HID.cpp.o)
                0x0000000000082004                Keyboard_::sendReport(KeyReport*)
 .text._ZN9Keyboard_5pressEh
                0x0000000000082010       0x88 Builds/embeddedcomputing.a(HID.cpp.o)
                0x0000000000082010                Keyboard_::press(unsigned char)
 .text._ZN9Keyboard_7releaseEh
                0x0000000000082098       0x64 Builds/embeddedcomputing.a(HID.cpp.o)
                0x0000000000082098                Keyboard_::release(unsigned char)
 .text._ZN9Keyboard_10releaseAllEv
                0x00000000000820fc       0x18 Builds/embeddedcomputing.a(HID.cpp.o)
                0x00000000000820fc                Keyboard_::releaseAll()
 .text.startup._GLOBAL__sub_I_Mouse
                0x0000000000082114       0x1c Builds/embeddedcomputing.a(HID.cpp.o)
 .text.TC_Configure
                0x0000000000082130       0x38 /Applications/Arduino.app/Contents/Resources/Java/hardware/arduino/sam/variants/arduino_due_x/libsam_sam3x8e_gcc_rel.a(tc.o)
                0x0000000000082130                TC_Configure
 .text.TC_Start
                0x0000000000082168       0x2c /Applications/Arduino.app/Contents/Resources/Java/hardware/arduino/sam/variants/arduino_due_x/libsam_sam3x8e_gcc_rel.a(tc.o)
                0x0000000000082168                TC_Start
 .text.TC_Stop  0x0000000000082194       0x2c /Applications/Arduino.app/Contents/Resources/Java/hardware/arduino/sam/variants/arduino_due_x/libsam_sam3x8e_gcc_rel.a(tc.o)
                0x0000000000082194                TC_Stop
 .text.TimeTick_Increment
                0x00000000000821c0       0x10 /Applications/Arduino.app/Contents/Resources/Java/hardware/arduino/sam/variants/arduino_due_x/libsam_sam3x8e_gcc_rel.a(timetick.o)
                0x00000000000821c0                TimeTick_Increment
 .text.GetTickCount
                0x00000000000821d0        0xc /Applications/Arduino.app/Contents/Resources/Java/hardware/arduino/sam/variants/arduino_due_x/libsam_sam3x8e_gcc_rel.a(timetick.o)
                0x00000000000821d0                GetTickCount
 .text.UDD_SetStack
                0x00000000000821dc        0xc /Applications/Arduino.app/Contents/Resources/Java/hardware/arduino/sam/variants/arduino_due_x/libsam_sam3x8e_gcc_rel.a(uotghs_device.o)
                0x00000000000821dc                UDD_SetStack
 .text.UDD_Init
                0x00000000000821e8       0xd0 /Applications/Arduino.app/Contents/Resources/Java/hardware/arduino/sam/variants/arduino_due_x/libsam_sam3x8e_gcc_rel.a(uotghs_device.o)
                0x00000000000821e8                UDD_Init
 .text.UDD_Attach
                0x00000000000822b8       0x4c /Applications/Arduino.app/Contents/Resources/Java/hardware/arduino/sam/variants/arduino_due_x/libsam_sam3x8e_gcc_rel.a(uotghs_device.o)
                0x00000000000822b8                UDD_Attach
 .text.UDD_InitEP
                0x0000000000082304       0x30 /Applications/Arduino.app/Contents/Resources/Java/hardware/arduino/sam/variants/arduino_due_x/libsam_sam3x8e_gcc_rel.a(uotghs_device.o)
                0x0000000000082304                UDD_InitEP
 .text.UDD_InitEndpoints
                0x0000000000082334       0x3c /Applications/Arduino.app/Contents/Resources/Java/hardware/arduino/sam/variants/arduino_due_x/libsam_sam3x8e_gcc_rel.a(uotghs_device.o)
                0x0000000000082334                UDD_InitEndpoints
 .text.UDD_WaitIN
                0x0000000000082370       0x14 /Applications/Arduino.app/Contents/Resources/Java/hardware/arduino/sam/variants/arduino_due_x/libsam_sam3x8e_gcc_rel.a(uotghs_device.o)
                0x0000000000082370                UDD_WaitIN
 .text.UDD_WaitOUT
                0x0000000000082384       0x14 /Applications/Arduino.app/Contents/Resources/Java/hardware/arduino/sam/variants/arduino_due_x/libsam_sam3x8e_gcc_rel.a(uotghs_device.o)
                0x0000000000082384                UDD_WaitOUT
 .text.UDD_ClearIN
                0x0000000000082398       0x18 /Applications/Arduino.app/Contents/Resources/Java/hardware/arduino/sam/variants/arduino_due_x/libsam_sam3x8e_gcc_rel.a(uotghs_device.o)
                0x0000000000082398                UDD_ClearIN
 .text.UDD_ClearOUT
                0x00000000000823b0       0x18 /Applications/Arduino.app/Contents/Resources/Java/hardware/arduino/sam/variants/arduino_due_x/libsam_sam3x8e_gcc_rel.a(uotghs_device.o)
                0x00000000000823b0                UDD_ClearOUT
 .text.UDD_ReceivedSetupInt
                0x00000000000823c8       0x10 /Applications/Arduino.app/Contents/Resources/Java/hardware/arduino/sam/variants/arduino_due_x/libsam_sam3x8e_gcc_rel.a(uotghs_device.o)
                0x00000000000823c8                UDD_ReceivedSetupInt
 .text.UDD_ClearSetupInt
                0x00000000000823d8       0x10 /Applications/Arduino.app/Contents/Resources/Java/hardware/arduino/sam/variants/arduino_due_x/libsam_sam3x8e_gcc_rel.a(uotghs_device.o)
                0x00000000000823d8                UDD_ClearSetupInt
 .text.UDD_Send
                0x00000000000823e8       0x90 /Applications/Arduino.app/Contents/Resources/Java/hardware/arduino/sam/variants/arduino_due_x/libsam_sam3x8e_gcc_rel.a(uotghs_device.o)
                0x00000000000823e8                UDD_Send
 .text.UDD_Send8
                0x0000000000082478       0x28 /Applications/Arduino.app/Contents/Resources/Java/hardware/arduino/sam/variants/arduino_due_x/libsam_sam3x8e_gcc_rel.a(uotghs_device.o)
                0x0000000000082478                UDD_Send8
 .text.UDD_Recv8
                0x00000000000824a0       0x28 /Applications/Arduino.app/Contents/Resources/Java/hardware/arduino/sam/variants/arduino_due_x/libsam_sam3x8e_gcc_rel.a(uotghs_device.o)
                0x00000000000824a0                UDD_Recv8
 .text.UDD_Recv
                0x00000000000824c8       0x34 /Applications/Arduino.app/Contents/Resources/Java/hardware/arduino/sam/variants/arduino_due_x/libsam_sam3x8e_gcc_rel.a(uotghs_device.o)
                0x00000000000824c8                UDD_Recv
 .text.UDD_Stall
                0x00000000000824fc       0x14 /Applications/Arduino.app/Contents/Resources/Java/hardware/arduino/sam/variants/arduino_due_x/libsam_sam3x8e_gcc_rel.a(uotghs_device.o)
                0x00000000000824fc                UDD_Stall
 .text.UDD_FifoByteCount
                0x0000000000082510       0x1c /Applications/Arduino.app/Contents/Resources/Java/hardware/arduino/sam/variants/arduino_due_x/libsam_sam3x8e_gcc_rel.a(uotghs_device.o)
                0x0000000000082510                UDD_FifoByteCount
 .text.UDD_ReleaseRX
                0x000000000008252c       0x2c /Applications/Arduino.app/Contents/Resources/Java/hardware/arduino/sam/variants/arduino_due_x/libsam_sam3x8e_gcc_rel.a(uotghs_device.o)
                0x000000000008252c                UDD_ReleaseRX
 .text.UDD_ReleaseTX
                0x0000000000082558       0x2c /Applications/Arduino.app/Contents/Resources/Java/hardware/arduino/sam/variants/arduino_due_x/libsam_sam3x8e_gcc_rel.a(uotghs_device.o)
                0x0000000000082558                UDD_ReleaseTX
 .text.UDD_SetAddress
                0x0000000000082584       0x20 /Applications/Arduino.app/Contents/Resources/Java/hardware/arduino/sam/variants/arduino_due_x/libsam_sam3x8e_gcc_rel.a(uotghs_device.o)
                0x0000000000082584                UDD_SetAddress
 .text.__assert_func
                0x00000000000825a4       0x3c /Applications/Arduino.app/Contents/Resources/Java/hardware/tools/gcc-arm-none-eabi-4.8.3-2014q1/bin/../lib/gcc/arm-none-eabi/4.8.3/../../../../arm-none-eabi/lib/armv7-m/libc.a(lib_a-assert.o)
                0x00000000000825a4                __assert_func
 .text.fiprintf
                0x00000000000825e0       0x28 /Applications/Arduino.app/Contents/Resources/Java/hardware/tools/gcc-arm-none-eabi-4.8.3-2014q1/bin/../lib/gcc/arm-none-eabi/4.8.3/../../../../arm-none-eabi/lib/armv7-m/libc.a(lib_a-fiprintf.o)
                0x00000000000825e0                fiprintf
 .text.__libc_init_array
                0x0000000000082608       0x50 /Applications/Arduino.app/Contents/Resources/Java/hardware/tools/gcc-arm-none-eabi-4.8.3-2014q1/bin/../lib/gcc/arm-none-eabi/4.8.3/../../../../arm-none-eabi/lib/armv7-m/libc.a(lib_a-init.o)
                0x0000000000082608                __libc_init_array
 .text.iprintf  0x0000000000082658       0x28 /Applications/Arduino.app/Contents/Resources/Java/hardware/tools/gcc-arm-none-eabi-4.8.3-2014q1/bin/../lib/gcc/arm-none-eabi/4.8.3/../../../../arm-none-eabi/lib/armv7-m/libc.a(lib_a-iprintf.o)
                0x0000000000082658                iprintf
 .text.malloc   0x0000000000082680       0x10 /Applications/Arduino.app/Contents/Resources/Java/hardware/tools/gcc-arm-none-eabi-4.8.3-2014q1/bin/../lib/gcc/arm-none-eabi/4.8.3/../../../../arm-none-eabi/lib/armv7-m/libc.a(lib_a-malloc.o)
                0x0000000000082680                malloc
 .text._malloc_r
                0x0000000000082690      0x538 /Applications/Arduino.app/Contents/Resources/Java/hardware/tools/gcc-arm-none-eabi-4.8.3-2014q1/bin/../lib/gcc/arm-none-eabi/4.8.3/../../../../arm-none-eabi/lib/armv7-m/libc.a(lib_a-mallocr.o)
                0x0000000000082690                _malloc_r
 .text.memset   0x0000000000082bc8       0x94 /Applications/Arduino.app/Contents/Resources/Java/hardware/tools/gcc-arm-none-eabi-4.8.3-2014q1/bin/../lib/gcc/arm-none-eabi/4.8.3/../../../../arm-none-eabi/lib/armv7-m/libc.a(lib_a-memset.o)
                0x0000000000082bc8                memset
 .text.__malloc_lock
                0x0000000000082c5c        0x4 /Applications/Arduino.app/Contents/Resources/Java/hardware/tools/gcc-arm-none-eabi-4.8.3-2014q1/bin/../lib/gcc/arm-none-eabi/4.8.3/../../../../arm-none-eabi/lib/armv7-m/libc.a(lib_a-mlock.o)
                0x0000000000082c5c                __malloc_lock
 .text.__malloc_unlock
                0x0000000000082c60        0x4 /Applications/Arduino.app/Contents/Resources/Java/hardware/tools/gcc-arm-none-eabi-4.8.3-2014q1/bin/../lib/gcc/arm-none-eabi/4.8.3/../../../../arm-none-eabi/lib/armv7-m/libc.a(lib_a-mlock.o)
                0x0000000000082c60                __malloc_unlock
 .text._sbrk_r  0x0000000000082c64       0x24 /Applications/Arduino.app/Contents/Resources/Java/hardware/tools/gcc-arm-none-eabi-4.8.3-2014q1/bin/../lib/gcc/arm-none-eabi/4.8.3/../../../../arm-none-eabi/lib/armv7-m/libc.a(lib_a-sbrkr.o)
                0x0000000000082c64                _sbrk_r
 .text.strlen   0x0000000000082c88       0x60 /Applications/Arduino.app/Contents/Resources/Java/hardware/tools/gcc-arm-none-eabi-4.8.3-2014q1/bin/../lib/gcc/arm-none-eabi/4.8.3/../../../../arm-none-eabi/lib/armv7-m/libc.a(lib_a-strlen.o)
                0x0000000000082c88                strlen
 .text.__sprint_r.part.0
                0x0000000000082ce8       0x78 /Applications/Arduino.app/Contents/Resources/Java/hardware/tools/gcc-arm-none-eabi-4.8.3-2014q1/bin/../lib/gcc/arm-none-eabi/4.8.3/../../../../arm-none-eabi/lib/armv7-m/libc.a(lib_a-vfiprintf.o)
 .text._vfiprintf_r
                0x0000000000082d60      0xc54 /Applications/Arduino.app/Contents/Resources/Java/hardware/tools/gcc-arm-none-eabi-4.8.3-2014q1/bin/../lib/gcc/arm-none-eabi/4.8.3/../../../../arm-none-eabi/lib/armv7-m/libc.a(lib_a-vfiprintf.o)
                0x0000000000082d60                _vfiprintf_r
 .text.__sbprintf
                0x00000000000839b4       0x7c /Applications/Arduino.app/Contents/Resources/Java/hardware/tools/gcc-arm-none-eabi-4.8.3-2014q1/bin/../lib/gcc/arm-none-eabi/4.8.3/../../../../arm-none-eabi/lib/armv7-m/libc.a(lib_a-vfiprintf.o)
 .text.__swsetup_r
                0x0000000000083a30       0xc4 /Applications/Arduino.app/Contents/Resources/Java/hardware/tools/gcc-arm-none-eabi-4.8.3-2014q1/bin/../lib/gcc/arm-none-eabi/4.8.3/../../../../arm-none-eabi/lib/armv7-m/libc.a(lib_a-wsetup.o)
                0x0000000000083a30                __swsetup_r
 .text.startup.register_fini
                0x0000000000083af4       0x14 /Applications/Arduino.app/Contents/Resources/Java/hardware/tools/gcc-arm-none-eabi-4.8.3-2014q1/bin/../lib/gcc/arm-none-eabi/4.8.3/../../../../arm-none-eabi/lib/armv7-m/libc.a(lib_a-__call_atexit.o)
 .text.abort    0x0000000000083b08       0x10 /Applications/Arduino.app/Contents/Resources/Java/hardware/tools/gcc-arm-none-eabi-4.8.3-2014q1/bin/../lib/gcc/arm-none-eabi/4.8.3/../../../../arm-none-eabi/lib/armv7-m/libc.a(lib_a-abort.o)
                0x0000000000083b08                abort
 .text.atexit   0x0000000000083b18        0xc /Applications/Arduino.app/Contents/Resources/Java/hardware/tools/gcc-arm-none-eabi-4.8.3-2014q1/bin/../lib/gcc/arm-none-eabi/4.8.3/../../../../arm-none-eabi/lib/armv7-m/libc.a(lib_a-atexit.o)
                0x0000000000083b18                atexit
 .text.__sflush_r
                0x0000000000083b24      0x148 /Applications/Arduino.app/Contents/Resources/Java/hardware/tools/gcc-arm-none-eabi-4.8.3-2014q1/bin/../lib/gcc/arm-none-eabi/4.8.3/../../../../arm-none-eabi/lib/armv7-m/libc.a(lib_a-fflush.o)
                0x0000000000083b24                __sflush_r
 .text._fflush_r
                0x0000000000083c6c       0x2c /Applications/Arduino.app/Contents/Resources/Java/hardware/tools/gcc-arm-none-eabi-4.8.3-2014q1/bin/../lib/gcc/arm-none-eabi/4.8.3/../../../../arm-none-eabi/lib/armv7-m/libc.a(lib_a-fflush.o)
                0x0000000000083c6c                _fflush_r
 .text._cleanup_r
                0x0000000000083c98        0xc /Applications/Arduino.app/Contents/Resources/Java/hardware/tools/gcc-arm-none-eabi-4.8.3-2014q1/bin/../lib/gcc/arm-none-eabi/4.8.3/../../../../arm-none-eabi/lib/armv7-m/libc.a(lib_a-findfp.o)
                0x0000000000083c98                _cleanup_r
 .text.__sinit  0x0000000000083ca4       0xf4 /Applications/Arduino.app/Contents/Resources/Java/hardware/tools/gcc-arm-none-eabi-4.8.3-2014q1/bin/../lib/gcc/arm-none-eabi/4.8.3/../../../../arm-none-eabi/lib/armv7-m/libc.a(lib_a-findfp.o)
                0x0000000000083ca4                __sinit
 .text.__sfp_lock_acquire
                0x0000000000083d98        0x4 /Applications/Arduino.app/Contents/Resources/Java/hardware/tools/gcc-arm-none-eabi-4.8.3-2014q1/bin/../lib/gcc/arm-none-eabi/4.8.3/../../../../arm-none-eabi/lib/armv7-m/libc.a(lib_a-findfp.o)
                0x0000000000083d98                __sfp_lock_acquire
 .text.__sfp_lock_release
                0x0000000000083d9c        0x4 /Applications/Arduino.app/Contents/Resources/Java/hardware/tools/gcc-arm-none-eabi-4.8.3-2014q1/bin/../lib/gcc/arm-none-eabi/4.8.3/../../../../arm-none-eabi/lib/armv7-m/libc.a(lib_a-findfp.o)
                0x0000000000083d9c                __sfp_lock_release
 .text.__libc_fini_array
                0x0000000000083da0       0x30 /Applications/Arduino.app/Contents/Resources/Java/hardware/tools/gcc-arm-none-eabi-4.8.3-2014q1/bin/../lib/gcc/arm-none-eabi/4.8.3/../../../../arm-none-eabi/lib/armv7-m/libc.a(lib_a-fini.o)
                0x0000000000083da0                __libc_fini_array
 .text._fputwc_r
                0x0000000000083dd0       0xc0 /Applications/Arduino.app/Contents/Resources/Java/hardware/tools/gcc-arm-none-eabi-4.8.3-2014q1/bin/../lib/gcc/arm-none-eabi/4.8.3/../../../../arm-none-eabi/lib/armv7-m/libc.a(lib_a-fputwc.o)
                0x0000000000083dd0                _fputwc_r
 .text._malloc_trim_r
                0x0000000000083e90       0x9c /Applications/Arduino.app/Contents/Resources/Java/hardware/tools/gcc-arm-none-eabi-4.8.3-2014q1/bin/../lib/gcc/arm-none-eabi/4.8.3/../../../../arm-none-eabi/lib/armv7-m/libc.a(lib_a-freer.o)
                0x0000000000083e90                _malloc_trim_r
 .text._free_r  0x0000000000083f2c      0x198 /Applications/Arduino.app/Contents/Resources/Java/hardware/tools/gcc-arm-none-eabi-4.8.3-2014q1/bin/../lib/gcc/arm-none-eabi/4.8.3/../../../../arm-none-eabi/lib/armv7-m/libc.a(lib_a-freer.o)
                0x0000000000083f2c                _free_r
 .text.__sfvwrite_r
                0x00000000000840c4      0x314 /Applications/Arduino.app/Contents/Resources/Java/hardware/tools/gcc-arm-none-eabi-4.8.3-2014q1/bin/../lib/gcc/arm-none-eabi/4.8.3/../../../../arm-none-eabi/lib/armv7-m/libc.a(lib_a-fvwrite.o)
                0x00000000000840c4                __sfvwrite_r
 .text._fwalk   0x00000000000843d8       0x48 /Applications/Arduino.app/Contents/Resources/Java/hardware/tools/gcc-arm-none-eabi-4.8.3-2014q1/bin/../lib/gcc/arm-none-eabi/4.8.3/../../../../arm-none-eabi/lib/armv7-m/libc.a(lib_a-fwalk.o)
                0x00000000000843d8                _fwalk
 .text.__locale_charset
                0x0000000000084420        0x8 /Applications/Arduino.app/Contents/Resources/Java/hardware/tools/gcc-arm-none-eabi-4.8.3-2014q1/bin/../lib/gcc/arm-none-eabi/4.8.3/../../../../arm-none-eabi/lib/armv7-m/libc.a(lib_a-locale.o)
                0x0000000000084420                __locale_charset
 .text.__locale_mb_cur_max
                0x0000000000084428        0xc /Applications/Arduino.app/Contents/Resources/Java/hardware/tools/gcc-arm-none-eabi-4.8.3-2014q1/bin/../lib/gcc/arm-none-eabi/4.8.3/../../../../arm-none-eabi/lib/armv7-m/libc.a(lib_a-locale.o)
                0x0000000000084428                __locale_mb_cur_max
 .text.__smakebuf_r
                0x0000000000084434       0xe0 /Applications/Arduino.app/Contents/Resources/Java/hardware/tools/gcc-arm-none-eabi-4.8.3-2014q1/bin/../lib/gcc/arm-none-eabi/4.8.3/../../../../arm-none-eabi/lib/armv7-m/libc.a(lib_a-makebuf.o)
                0x0000000000084434                __smakebuf_r
 .text.memchr   0x0000000000084514       0x94 /Applications/Arduino.app/Contents/Resources/Java/hardware/tools/gcc-arm-none-eabi-4.8.3-2014q1/bin/../lib/gcc/arm-none-eabi/4.8.3/../../../../arm-none-eabi/lib/armv7-m/libc.a(lib_a-memchr-stub.o)
                0x0000000000084514                memchr
 .text          0x00000000000845a8       0xec /Applications/Arduino.app/Contents/Resources/Java/hardware/tools/gcc-arm-none-eabi-4.8.3-2014q1/bin/../lib/gcc/arm-none-eabi/4.8.3/../../../../arm-none-eabi/lib/armv7-m/libc.a(lib_a-memcpy.o)
                0x00000000000845a8                memcpy
 .text.memmove  0x0000000000084694       0xcc /Applications/Arduino.app/Contents/Resources/Java/hardware/tools/gcc-arm-none-eabi-4.8.3-2014q1/bin/../lib/gcc/arm-none-eabi/4.8.3/../../../../arm-none-eabi/lib/armv7-m/libc.a(lib_a-memmove.o)
                0x0000000000084694                memmove
 .text._realloc_r
                0x0000000000084760      0x3c0 /Applications/Arduino.app/Contents/Resources/Java/hardware/tools/gcc-arm-none-eabi-4.8.3-2014q1/bin/../lib/gcc/arm-none-eabi/4.8.3/../../../../arm-none-eabi/lib/armv7-m/libc.a(lib_a-reallocr.o)
                0x0000000000084760                _realloc_r
 .text._raise_r
                0x0000000000084b20       0x58 /Applications/Arduino.app/Contents/Resources/Java/hardware/tools/gcc-arm-none-eabi-4.8.3-2014q1/bin/../lib/gcc/arm-none-eabi/4.8.3/../../../../arm-none-eabi/lib/armv7-m/libc.a(lib_a-signal.o)
                0x0000000000084b20                _raise_r
 .text.raise    0x0000000000084b78       0x10 /Applications/Arduino.app/Contents/Resources/Java/hardware/tools/gcc-arm-none-eabi-4.8.3-2014q1/bin/../lib/gcc/arm-none-eabi/4.8.3/../../../../arm-none-eabi/lib/armv7-m/libc.a(lib_a-signal.o)
                0x0000000000084b78                raise
 .text._kill_r  0x0000000000084b88       0x28 /Applications/Arduino.app/Contents/Resources/Java/hardware/tools/gcc-arm-none-eabi-4.8.3-2014q1/bin/../lib/gcc/arm-none-eabi/4.8.3/../../../../arm-none-eabi/lib/armv7-m/libc.a(lib_a-signalr.o)
                0x0000000000084b88                _kill_r
 .text._getpid_r
                0x0000000000084bb0        0x4 /Applications/Arduino.app/Contents/Resources/Java/hardware/tools/gcc-arm-none-eabi-4.8.3-2014q1/bin/../lib/gcc/arm-none-eabi/4.8.3/../../../../arm-none-eabi/lib/armv7-m/libc.a(lib_a-signalr.o)
                0x0000000000084bb0                _getpid_r
 .text.__sread  0x0000000000084bb4       0x24 /Applications/Arduino.app/Contents/Resources/Java/hardware/tools/gcc-arm-none-eabi-4.8.3-2014q1/bin/../lib/gcc/arm-none-eabi/4.8.3/../../../../arm-none-eabi/lib/armv7-m/libc.a(lib_a-stdio.o)
                0x0000000000084bb4                __sread
 .text.__swrite
                0x0000000000084bd8       0x38 /Applications/Arduino.app/Contents/Resources/Java/hardware/tools/gcc-arm-none-eabi-4.8.3-2014q1/bin/../lib/gcc/arm-none-eabi/4.8.3/../../../../arm-none-eabi/lib/armv7-m/libc.a(lib_a-stdio.o)
                0x0000000000084bd8                __swrite
 .text.__sseek  0x0000000000084c10       0x20 /Applications/Arduino.app/Contents/Resources/Java/hardware/tools/gcc-arm-none-eabi-4.8.3-2014q1/bin/../lib/gcc/arm-none-eabi/4.8.3/../../../../arm-none-eabi/lib/armv7-m/libc.a(lib_a-stdio.o)
                0x0000000000084c10                __sseek
 .text.__sclose
                0x0000000000084c30        0x8 /Applications/Arduino.app/Contents/Resources/Java/hardware/tools/gcc-arm-none-eabi-4.8.3-2014q1/bin/../lib/gcc/arm-none-eabi/4.8.3/../../../../arm-none-eabi/lib/armv7-m/libc.a(lib_a-stdio.o)
                0x0000000000084c30                __sclose
 .text.__swbuf_r
                0x0000000000084c38       0xa8 /Applications/Arduino.app/Contents/Resources/Java/hardware/tools/gcc-arm-none-eabi-4.8.3-2014q1/bin/../lib/gcc/arm-none-eabi/4.8.3/../../../../arm-none-eabi/lib/armv7-m/libc.a(lib_a-wbuf.o)
                0x0000000000084c38                __swbuf_r
 .text._wcrtomb_r
                0x0000000000084ce0       0x50 /Applications/Arduino.app/Contents/Resources/Java/hardware/tools/gcc-arm-none-eabi-4.8.3-2014q1/bin/../lib/gcc/arm-none-eabi/4.8.3/../../../../arm-none-eabi/lib/armv7-m/libc.a(lib_a-wcrtomb.o)
                0x0000000000084ce0                _wcrtomb_r
 .text.__ascii_wctomb
                0x0000000000084d30       0x1c /Applications/Arduino.app/Contents/Resources/Java/hardware/tools/gcc-arm-none-eabi-4.8.3-2014q1/bin/../lib/gcc/arm-none-eabi/4.8.3/../../../../arm-none-eabi/lib/armv7-m/libc.a(lib_a-wctomb_r.o)
                0x0000000000084d30                __ascii_wctomb
 .text._write_r
                0x0000000000084d4c       0x28 /Applications/Arduino.app/Contents/Resources/Java/hardware/tools/gcc-arm-none-eabi-4.8.3-2014q1/bin/../lib/gcc/arm-none-eabi/4.8.3/../../../../arm-none-eabi/lib/armv7-m/libc.a(lib_a-writer.o)
                0x0000000000084d4c                _write_r
 .text.__register_exitproc
                0x0000000000084d74       0xa8 /Applications/Arduino.app/Contents/Resources/Java/hardware/tools/gcc-arm-none-eabi-4.8.3-2014q1/bin/../lib/gcc/arm-none-eabi/4.8.3/../../../../arm-none-eabi/lib/armv7-m/libc.a(lib_a-__atexit.o)
                0x0000000000084d74                __register_exitproc
 .text._close_r
                0x0000000000084e1c       0x24 /Applications/Arduino.app/Contents/Resources/Java/hardware/tools/gcc-arm-none-eabi-4.8.3-2014q1/bin/../lib/gcc/arm-none-eabi/4.8.3/../../../../arm-none-eabi/lib/armv7-m/libc.a(lib_a-closer.o)
                0x0000000000084e1c                _close_r
 .text._fclose_r
                0x0000000000084e40       0x80 /Applications/Arduino.app/Contents/Resources/Java/hardware/tools/gcc-arm-none-eabi-4.8.3-2014q1/bin/../lib/gcc/arm-none-eabi/4.8.3/../../../../arm-none-eabi/lib/armv7-m/libc.a(lib_a-fclose.o)
                0x0000000000084e40                _fclose_r
 .text.fclose   0x0000000000084ec0       0x10 /Applications/Arduino.app/Contents/Resources/Java/hardware/tools/gcc-arm-none-eabi-4.8.3-2014q1/bin/../lib/gcc/arm-none-eabi/4.8.3/../../../../arm-none-eabi/lib/armv7-m/libc.a(lib_a-fclose.o)
                0x0000000000084ec0                fclose
 .text._fstat_r
                0x0000000000084ed0       0x28 /Applications/Arduino.app/Contents/Resources/Java/hardware/tools/gcc-arm-none-eabi-4.8.3-2014q1/bin/../lib/gcc/arm-none-eabi/4.8.3/../../../../arm-none-eabi/lib/armv7-m/libc.a(lib_a-fstatr.o)
                0x0000000000084ed0                _fstat_r
 .text._isatty_r
                0x0000000000084ef8       0x24 /Applications/Arduino.app/Contents/Resources/Java/hardware/tools/gcc-arm-none-eabi-4.8.3-2014q1/bin/../lib/gcc/arm-none-eabi/4.8.3/../../../../arm-none-eabi/lib/armv7-m/libc.a(lib_a-isattyr.o)
                0x0000000000084ef8                _isatty_r
 .text._lseek_r
                0x0000000000084f1c       0x28 /Applications/Arduino.app/Contents/Resources/Java/hardware/tools/gcc-arm-none-eabi-4.8.3-2014q1/bin/../lib/gcc/arm-none-eabi/4.8.3/../../../../arm-none-eabi/lib/armv7-m/libc.a(lib_a-lseekr.o)
                0x0000000000084f1c                _lseek_r
 .text._read_r  0x0000000000084f44       0x28 /Applications/Arduino.app/Contents/Resources/Java/hardware/tools/gcc-arm-none-eabi-4.8.3-2014q1/bin/../lib/gcc/arm-none-eabi/4.8.3/../../../../arm-none-eabi/lib/armv7-m/libc.a(lib_a-readr.o)
                0x0000000000084f44                _read_r
 .text          0x0000000000084f6c       0x2c /Applications/Arduino.app/Contents/Resources/Java/hardware/tools/gcc-arm-none-eabi-4.8.3-2014q1/bin/../lib/gcc/arm-none-eabi/4.8.3/armv7-m/libgcc.a(_aeabi_uldivmod.o)
                0x0000000000084f6c                __aeabi_uldivmod
 .text          0x0000000000084f98       0x60 /Applications/Arduino.app/Contents/Resources/Java/hardware/tools/gcc-arm-none-eabi-4.8.3-2014q1/bin/../lib/gcc/arm-none-eabi/4.8.3/armv7-m/libgcc.a(bpabi.o)
                0x0000000000084f98                __gnu_ldivmod_helper
                0x0000000000084fc8                __gnu_uldivmod_helper
 .text          0x0000000000084ff8        0x4 /Applications/Arduino.app/Contents/Resources/Java/hardware/tools/gcc-arm-none-eabi-4.8.3-2014q1/bin/../lib/gcc/arm-none-eabi/4.8.3/armv7-m/libgcc.a(_dvmd_tls.o)
                0x0000000000084ff8                __aeabi_ldiv0
                0x0000000000084ff8                __aeabi_idiv0
 .text          0x0000000000084ffc      0x2a0 /Applications/Arduino.app/Contents/Resources/Java/hardware/tools/gcc-arm-none-eabi-4.8.3-2014q1/bin/../lib/gcc/arm-none-eabi/4.8.3/armv7-m/libgcc.a(_divdi3.o)
                0x0000000000084ffc                __divdi3
 .text          0x000000000008529c      0x290 /Applications/Arduino.app/Contents/Resources/Java/hardware/tools/gcc-arm-none-eabi-4.8.3-2014q1/bin/../lib/gcc/arm-none-eabi/4.8.3/armv7-m/libgcc.a(_udivdi3.o)
                0x000000000008529c                __udivdi3
 *(.glue_7t)
 .glue_7t       0x0000000000000000        0x0 linker stubs
 *(.glue_7)
 .glue_7        0x0000000000000000        0x0 linker stubs
 *(.rodata .rodata* .gnu.linkonce.r.*)
 .rodata.g_APinDescription
                0x000000000008552c      0xa2c Builds/variant.cpp.o
                0x000000000008552c                g_APinDescription
 .rodata.str1.1
                0x0000000000085f58       0x19 Builds/syscalls_sam3.c.o
 *fill*         0x0000000000085f71        0x3 
 .rodata.C.0.8146
                0x0000000000085f74       0x40 /Applications/Arduino.app/Contents/Resources/Java/hardware/arduino/sam/variants/arduino_due_x/libsam_sam3x8e_gcc_rel.a(adc.o)
 *fill*         0x0000000000085fb4        0x4 
 .rodata._ZTV9UARTClass
                0x0000000000085fb8       0x30 Builds/embeddedcomputing.a(UARTClass.cpp.o)
                0x0000000000085fb8                vtable for UARTClass
 .rodata._ZTV10USARTClass
                0x0000000000085fe8       0x30 Builds/embeddedcomputing.a(USARTClass.cpp.o)
                0x0000000000085fe8                vtable for USARTClass
 .rodata.STRING_PRODUCT
                0x0000000000086018        0xc Builds/embeddedcomputing.a(USBCore.cpp.o)
                0x0000000000086018                STRING_PRODUCT
 .rodata.USB_DeviceDescriptor
                0x0000000000086024       0x12 Builds/embeddedcomputing.a(USBCore.cpp.o)
                0x0000000000086024                USB_DeviceDescriptor
 *fill*         0x0000000000086036        0x2 
 .rodata._ZL9EndPoints
                0x0000000000086038       0x14 Builds/embeddedcomputing.a(USBCore.cpp.o)
 .rodata.STRING_LANGUAGE
                0x000000000008604c        0x4 Builds/embeddedcomputing.a(USBCore.cpp.o)
                0x000000000008604c                STRING_LANGUAGE
 .rodata._ZL18test_packet_buffer
                0x0000000000086050       0x35 Builds/embeddedcomputing.a(USBCore.cpp.o)
 .rodata.STRING_MANUFACTURER
                0x0000000000086085        0xc Builds/embeddedcomputing.a(USBCore.cpp.o)
                0x0000000000086085                STRING_MANUFACTURER
 .rodata.USB_DeviceDescriptorA
                0x0000000000086091       0x12 Builds/embeddedcomputing.a(USBCore.cpp.o)
                0x0000000000086091                USB_DeviceDescriptorA
 .rodata._ZL19USB_DeviceQualifier
                0x00000000000860a3       0x12 Builds/embeddedcomputing.a(USBCore.cpp.o)
 *fill*         0x00000000000860b5        0x3 
 .rodata._ZTV7Serial_
                0x00000000000860b8       0x28 Builds/embeddedcomputing.a(CDC.cpp.o)
                0x00000000000860b8                vtable for Serial_
 .rodata._ZL18_cdcOtherInterface
                0x00000000000860e0       0x42 Builds/embeddedcomputing.a(CDC.cpp.o)
 .rodata._ZL13_cdcInterface
                0x0000000000086122       0x42 Builds/embeddedcomputing.a(CDC.cpp.o)
 *fill*         0x0000000000086164        0x4 
 .rodata._ZTV9Keyboard_
                0x0000000000086168       0x20 Builds/embeddedcomputing.a(HID.cpp.o)
                0x0000000000086168                vtable for Keyboard_
 .rodata._asciimap
                0x0000000000086188       0x80 Builds/embeddedcomputing.a(HID.cpp.o)
                0x0000000000086188                _asciimap
 .rodata._hidInterface
                0x0000000000086208       0x19 Builds/embeddedcomputing.a(HID.cpp.o)
                0x0000000000086208                _hidInterface
 .rodata._hidReportDescriptor
                0x0000000000086221       0x65 Builds/embeddedcomputing.a(HID.cpp.o)
                0x0000000000086221                _hidReportDescriptor
 .rodata.str1.1
                0x0000000000086286       0x54 /Applications/Arduino.app/Contents/Resources/Java/hardware/arduino/sam/variants/arduino_due_x/libsam_sam3x8e_gcc_rel.a(tc.o)
 .rodata.__func__.6634
                0x00000000000862da        0xd /Applications/Arduino.app/Contents/Resources/Java/hardware/arduino/sam/variants/arduino_due_x/libsam_sam3x8e_gcc_rel.a(tc.o)
 .rodata.__func__.6640
                0x00000000000862e7        0x9 /Applications/Arduino.app/Contents/Resources/Java/hardware/arduino/sam/variants/arduino_due_x/libsam_sam3x8e_gcc_rel.a(tc.o)
 .rodata.__func__.6646
                0x00000000000862f0        0x8 /Applications/Arduino.app/Contents/Resources/Java/hardware/arduino/sam/variants/arduino_due_x/libsam_sam3x8e_gcc_rel.a(tc.o)
 .rodata.str1.4
                0x00000000000862f8       0x3f /Applications/Arduino.app/Contents/Resources/Java/hardware/tools/gcc-arm-none-eabi-4.8.3-2014q1/bin/../lib/gcc/arm-none-eabi/4.8.3/../../../../arm-none-eabi/lib/armv7-m/libc.a(lib_a-assert.o)
                                         0x44 (size before relaxing)
 *fill*         0x0000000000086337        0x1 
 .rodata.str1.4
                0x0000000000086338        0x2 /Applications/Arduino.app/Contents/Resources/Java/hardware/tools/gcc-arm-none-eabi-4.8.3-2014q1/bin/../lib/gcc/arm-none-eabi/4.8.3/../../../../arm-none-eabi/lib/armv7-m/libc.a(lib_a-impure.o)
                                          0x4 (size before relaxing)
 *fill*         0x000000000008633a        0x2 
 .rodata._global_impure_ptr
                0x000000000008633c        0x4 /Applications/Arduino.app/Contents/Resources/Java/hardware/tools/gcc-arm-none-eabi-4.8.3-2014q1/bin/../lib/gcc/arm-none-eabi/4.8.3/../../../../arm-none-eabi/lib/armv7-m/libc.a(lib_a-impure.o)
                0x000000000008633c                _global_impure_ptr
 .rodata.blanks.6717
                0x0000000000086340       0x10 /Applications/Arduino.app/Contents/Resources/Java/hardware/tools/gcc-arm-none-eabi-4.8.3-2014q1/bin/../lib/gcc/arm-none-eabi/4.8.3/../../../../arm-none-eabi/lib/armv7-m/libc.a(lib_a-vfiprintf.o)
 .rodata.str1.4
                0x0000000000086350       0x30 /Applications/Arduino.app/Contents/Resources/Java/hardware/tools/gcc-arm-none-eabi-4.8.3-2014q1/bin/../lib/gcc/arm-none-eabi/4.8.3/../../../../arm-none-eabi/lib/armv7-m/libc.a(lib_a-vfiprintf.o)
 .rodata.zeroes.6718
                0x0000000000086380       0x10 /Applications/Arduino.app/Contents/Resources/Java/hardware/tools/gcc-arm-none-eabi-4.8.3-2014q1/bin/../lib/gcc/arm-none-eabi/4.8.3/../../../../arm-none-eabi/lib/armv7-m/libc.a(lib_a-vfiprintf.o)
 *(.ARM.extab* .gnu.linkonce.armextab.*)
                0x0000000000086390                . = ALIGN (0x4)
 *(.init)
 .init          0x0000000000086390        0x4 /Applications/Arduino.app/Contents/Resources/Java/hardware/tools/gcc-arm-none-eabi-4.8.3-2014q1/bin/../lib/gcc/arm-none-eabi/4.8.3/armv7-m/crti.o
                0x0000000000086390                _init
 .init          0x0000000000086394        0x8 /Applications/Arduino.app/Contents/Resources/Java/hardware/tools/gcc-arm-none-eabi-4.8.3-2014q1/bin/../lib/gcc/arm-none-eabi/4.8.3/armv7-m/crtn.o
                0x000000000008639c                . = ALIGN (0x4)
                0x000000000008639c                __preinit_array_start = .
 *(.preinit_array)
                0x000000000008639c                __preinit_array_end = .
                0x000000000008639c                . = ALIGN (0x4)
                0x000000000008639c                __init_array_start = .
 *(SORT(.init_array.*))
 .init_array.00000
                0x000000000008639c        0x4 /Applications/Arduino.app/Contents/Resources/Java/hardware/tools/gcc-arm-none-eabi-4.8.3-2014q1/bin/../lib/gcc/arm-none-eabi/4.8.3/../../../../arm-none-eabi/lib/armv7-m/libc.a(lib_a-__call_atexit.o)
 *(.init_array)
 .init_array    0x00000000000863a0        0x4 /Applications/Arduino.app/Contents/Resources/Java/hardware/tools/gcc-arm-none-eabi-4.8.3-2014q1/bin/../lib/gcc/arm-none-eabi/4.8.3/armv7-m/crtbegin.o
 .init_array    0x00000000000863a4        0x4 Builds/variant.cpp.o
 .init_array    0x00000000000863a8        0x4 Builds/Lightshows.cpp.o
 .init_array    0x00000000000863ac        0x4 Builds/LocalLibrary.cpp.o
 .init_array    0x00000000000863b0        0x4 Builds/main.cpp.o
 .init_array    0x00000000000863b4        0x4 Builds/embeddedcomputing.a(USBCore.cpp.o)
 .init_array    0x00000000000863b8        0x4 Builds/embeddedcomputing.a(CDC.cpp.o)
 .init_array    0x00000000000863bc        0x4 Builds/embeddedcomputing.a(HID.cpp.o)
                0x00000000000863c0                __init_array_end = .
                0x00000000000863c0                . = ALIGN (0x4)
 *crtbegin.o(.ctors)
 *(EXCLUDE_FILE(*crtend.o) .ctors)
 *(SORT(.ctors.*))
 *crtend.o(.ctors)
                0x00000000000863c0                . = ALIGN (0x4)
 *(.fini)
 .fini          0x00000000000863c0        0x4 /Applications/Arduino.app/Contents/Resources/Java/hardware/tools/gcc-arm-none-eabi-4.8.3-2014q1/bin/../lib/gcc/arm-none-eabi/4.8.3/armv7-m/crti.o
                0x00000000000863c0                _fini
 .fini          0x00000000000863c4        0x8 /Applications/Arduino.app/Contents/Resources/Java/hardware/tools/gcc-arm-none-eabi-4.8.3-2014q1/bin/../lib/gcc/arm-none-eabi/4.8.3/armv7-m/crtn.o
                0x00000000000863cc                . = ALIGN (0x4)
                0x00000000000863cc                __fini_array_start = .
 *(.fini_array)
 .fini_array    0x00000000000863cc        0x4 /Applications/Arduino.app/Contents/Resources/Java/hardware/tools/gcc-arm-none-eabi-4.8.3-2014q1/bin/../lib/gcc/arm-none-eabi/4.8.3/armv7-m/crtbegin.o
 *(SORT(.fini_array.*))
                0x00000000000863d0                __fini_array_end = .
 *crtbegin.o(.dtors)
 *(EXCLUDE_FILE(*crtend.o) .dtors)
 *(SORT(.dtors.*))
 *crtend.o(.dtors)
                0x00000000000863d0                . = ALIGN (0x4)
                0x00000000000863d0                _efixed = .
                0x00000000000863d0                PROVIDE (__exidx_start, .)

.vfp11_veneer   0x00000000000863d0        0x0
 .vfp11_veneer  0x0000000000000000        0x0 linker stubs

.v4_bx          0x00000000000863d0        0x0
 .v4_bx         0x0000000000000000        0x0 linker stubs

.iplt           0x00000000000863d0        0x0
 .iplt          0x0000000000000000        0x0 /Applications/Arduino.app/Contents/Resources/Java/hardware/tools/gcc-arm-none-eabi-4.8.3-2014q1/bin/../lib/gcc/arm-none-eabi/4.8.3/armv7-m/crtbegin.o

.ARM.exidx      0x00000000000863d0        0x8
 *(.ARM.exidx* .gnu.linkonce.armexidx.*)
 .ARM.exidx     0x00000000000863d0        0x8 /Applications/Arduino.app/Contents/Resources/Java/hardware/tools/gcc-arm-none-eabi-4.8.3-2014q1/bin/../lib/gcc/arm-none-eabi/4.8.3/armv7-m/libgcc.a(_divdi3.o)
 .ARM.exidx     0x00000000000863d8        0x0 /Applications/Arduino.app/Contents/Resources/Java/hardware/tools/gcc-arm-none-eabi-4.8.3-2014q1/bin/../lib/gcc/arm-none-eabi/4.8.3/armv7-m/libgcc.a(_udivdi3.o)
                                          0x8 (size before relaxing)
                0x00000000000863d8                PROVIDE (__exidx_end, .)

.eh_frame       0x00000000000863d8        0x0
 .eh_frame      0x00000000000863d8        0x0 /Applications/Arduino.app/Contents/Resources/Java/hardware/tools/gcc-arm-none-eabi-4.8.3-2014q1/bin/../lib/gcc/arm-none-eabi/4.8.3/armv7-m/crtbegin.o

.rel.dyn        0x00000000000863d8        0x0
 .rel.iplt      0x0000000000000000        0x0 /Applications/Arduino.app/Contents/Resources/Java/hardware/tools/gcc-arm-none-eabi-4.8.3-2014q1/bin/../lib/gcc/arm-none-eabi/4.8.3/armv7-m/crtbegin.o

.jcr            0x00000000000863d8        0x0
 .jcr           0x00000000000863d8        0x0 /Applications/Arduino.app/Contents/Resources/Java/hardware/tools/gcc-arm-none-eabi-4.8.3-2014q1/bin/../lib/gcc/arm-none-eabi/4.8.3/armv7-m/crtbegin.o

.igot.plt       0x00000000000863d8        0x0
 .igot.plt      0x0000000000000000        0x0 /Applications/Arduino.app/Contents/Resources/Java/hardware/tools/gcc-arm-none-eabi-4.8.3-2014q1/bin/../lib/gcc/arm-none-eabi/4.8.3/armv7-m/crtbegin.o
                0x00000000000863d8                . = ALIGN (0x4)
                0x00000000000863d8                _etext = .

.relocate       0x0000000020070000      0x8ac load address 0x00000000000863d8
                0x0000000020070000                . = ALIGN (0x4)
                0x0000000020070000                _srelocate = .
 *(.ramfunc .ramfunc.*)
 .ramfunc       0x0000000020070000       0x2c Builds/embeddedcomputing.a(Reset.cpp.o)
                0x0000000020070000                banzai
 *(.data .data.*)
 .data.SystemCoreClock
                0x000000002007002c        0x4 /Applications/Arduino.app/Contents/Resources/Java/hardware/arduino/sam/variants/arduino_due_x/libsam_sam3x8e_gcc_rel.a(system_sam3xa.o)
                0x000000002007002c                SystemCoreClock
 .data._ZL5ticks
                0x0000000020070030        0x4 Builds/embeddedcomputing.a(Reset.cpp.o)
 .data._ZL12_usbLineInfo
                0x0000000020070034        0x8 Builds/embeddedcomputing.a(CDC.cpp.o)
 .data._hid_protocol
                0x000000002007003c        0x1 Builds/embeddedcomputing.a(HID.cpp.o)
                0x000000002007003c                _hid_protocol
 .data._hid_idle
                0x000000002007003d        0x1 Builds/embeddedcomputing.a(HID.cpp.o)
                0x000000002007003d                _hid_idle
 *fill*         0x000000002007003e        0x2 
 .data.g_interrupt_enabled
                0x0000000020070040        0x4 /Applications/Arduino.app/Contents/Resources/Java/hardware/arduino/sam/variants/arduino_due_x/libsam_sam3x8e_gcc_rel.a(interrupt_sam_nvic.o)
                0x0000000020070040                g_interrupt_enabled
 *fill*         0x0000000020070044        0x4 
 .data.impure_data
                0x0000000020070048      0x428 /Applications/Arduino.app/Contents/Resources/Java/hardware/tools/gcc-arm-none-eabi-4.8.3-2014q1/bin/../lib/gcc/arm-none-eabi/4.8.3/../../../../arm-none-eabi/lib/armv7-m/libc.a(lib_a-impure.o)
 .data._impure_ptr
                0x0000000020070470        0x4 /Applications/Arduino.app/Contents/Resources/Java/hardware/tools/gcc-arm-none-eabi-4.8.3-2014q1/bin/../lib/gcc/arm-none-eabi/4.8.3/../../../../arm-none-eabi/lib/armv7-m/libc.a(lib_a-impure.o)
                0x0000000020070470                _impure_ptr
 .data.__malloc_av_
                0x0000000020070474      0x408 /Applications/Arduino.app/Contents/Resources/Java/hardware/tools/gcc-arm-none-eabi-4.8.3-2014q1/bin/../lib/gcc/arm-none-eabi/4.8.3/../../../../arm-none-eabi/lib/armv7-m/libc.a(lib_a-mallocr.o)
                0x0000000020070474                __malloc_av_
 .data.__malloc_trim_threshold
                0x000000002007087c        0x4 /Applications/Arduino.app/Contents/Resources/Java/hardware/tools/gcc-arm-none-eabi-4.8.3-2014q1/bin/../lib/gcc/arm-none-eabi/4.8.3/../../../../arm-none-eabi/lib/armv7-m/libc.a(lib_a-mallocr.o)
                0x000000002007087c                __malloc_trim_threshold
 .data.__malloc_sbrk_base
                0x0000000020070880        0x4 /Applications/Arduino.app/Contents/Resources/Java/hardware/tools/gcc-arm-none-eabi-4.8.3-2014q1/bin/../lib/gcc/arm-none-eabi/4.8.3/../../../../arm-none-eabi/lib/armv7-m/libc.a(lib_a-mallocr.o)
                0x0000000020070880                __malloc_sbrk_base
 .data.lc_ctype_charset
                0x0000000020070884       0x20 /Applications/Arduino.app/Contents/Resources/Java/hardware/tools/gcc-arm-none-eabi-4.8.3-2014q1/bin/../lib/gcc/arm-none-eabi/4.8.3/../../../../arm-none-eabi/lib/armv7-m/libc.a(lib_a-locale.o)
 .data.__mb_cur_max
                0x00000000200708a4        0x4 /Applications/Arduino.app/Contents/Resources/Java/hardware/tools/gcc-arm-none-eabi-4.8.3-2014q1/bin/../lib/gcc/arm-none-eabi/4.8.3/../../../../arm-none-eabi/lib/armv7-m/libc.a(lib_a-locale.o)
                0x00000000200708a4                __mb_cur_max
 .data.__wctomb
                0x00000000200708a8        0x4 /Applications/Arduino.app/Contents/Resources/Java/hardware/tools/gcc-arm-none-eabi-4.8.3-2014q1/bin/../lib/gcc/arm-none-eabi/4.8.3/../../../../arm-none-eabi/lib/armv7-m/libc.a(lib_a-wctomb_r.o)
                0x00000000200708a8                __wctomb
                0x00000000200708ac                . = ALIGN (0x4)
                0x00000000200708ac                _erelocate = .

.bss            0x00000000200708ac      0x720 load address 0x0000000000086c84
                0x00000000200708ac                . = ALIGN (0x4)
                0x00000000200708ac                _sbss = .
                0x00000000200708ac                _szero = .
 *(.bss .bss.*)
 .bss           0x00000000200708ac       0x1c /Applications/Arduino.app/Contents/Resources/Java/hardware/tools/gcc-arm-none-eabi-4.8.3-2014q1/bin/../lib/gcc/arm-none-eabi/4.8.3/armv7-m/crtbegin.o
 .bss.Serial    0x00000000200708c8       0x20 Builds/variant.cpp.o
                0x00000000200708c8                Serial
 .bss.rx_buffer1
                0x00000000200708e8       0x48 Builds/variant.cpp.o
                0x00000000200708e8                rx_buffer1
 .bss.Serial1   0x0000000020070930       0x20 Builds/variant.cpp.o
                0x0000000020070930                Serial1
 .bss.Serial2   0x0000000020070950       0x20 Builds/variant.cpp.o
                0x0000000020070950                Serial2
 .bss.Serial3   0x0000000020070970       0x20 Builds/variant.cpp.o
                0x0000000020070970                Serial3
 .bss.rx_buffer2
                0x0000000020070990       0x48 Builds/variant.cpp.o
                0x0000000020070990                rx_buffer2
 .bss.rx_buffer3
                0x00000000200709d8       0x48 Builds/variant.cpp.o
                0x00000000200709d8                rx_buffer3
 .bss.rx_buffer4
                0x0000000020070a20       0x48 Builds/variant.cpp.o
                0x0000000020070a20                rx_buffer4
 .bss.heap.6416
                0x0000000020070a68        0x4 Builds/syscalls_sam3.c.o
 .bss.gpf_isr   0x0000000020070a6c        0x4 /Applications/Arduino.app/Contents/Resources/Java/hardware/arduino/sam/variants/arduino_due_x/libsam_sam3x8e_gcc_rel.a(uotghs.o)
                0x0000000020070a6c                gpf_isr
 .bss.pod1      0x0000000020070a70        0x4 Builds/Lightshows.cpp.o
                0x0000000020070a70                pod1
 .bss.pod2      0x0000000020070a74        0x4 Builds/Lightshows.cpp.o
                0x0000000020070a74                pod2
 .bss.pod3      0x0000000020070a78        0x4 Builds/Lightshows.cpp.o
                0x0000000020070a78                pod3
 .bss.mix_list  0x0000000020070a7c        0x4 Builds/LocalLibrary.cpp.o
                0x0000000020070a7c                mix_list
 .bss.APS_list  0x0000000020070a80        0x4 Builds/LocalLibrary.cpp.o
                0x0000000020070a80                APS_list
 .bss.currentFrame
                0x0000000020070a84        0x4 Builds/LocalLibrary.cpp.o
                0x0000000020070a84                currentFrame
 .bss.APL_list  0x0000000020070a88        0x4 Builds/LocalLibrary.cpp.o
                0x0000000020070a88                APL_list
 .bss.endTime   0x0000000020070a8c        0x4 Builds/main.cpp.o
                0x0000000020070a8c                endTime
 .bss.myStrip   0x0000000020070a90        0x4 Builds/main.cpp.o
                0x0000000020070a90                myStrip
 .bss.startTime
                0x0000000020070a94        0x4 Builds/main.cpp.o
                0x0000000020070a94                startTime
 .bss._ZL14isEndpointHalt
                0x0000000020070a98        0x1 Builds/embeddedcomputing.a(USBCore.cpp.o)
 *fill*         0x0000000020070a99        0x3 
 .bss._cmark    0x0000000020070a9c        0x4 Builds/embeddedcomputing.a(USBCore.cpp.o)
                0x0000000020070a9c                _cmark
 .bss._cend     0x0000000020070aa0        0x4 Builds/embeddedcomputing.a(USBCore.cpp.o)
                0x0000000020070aa0                _cend
 .bss._cdcComposite
                0x0000000020070aa4        0x4 Builds/embeddedcomputing.a(USBCore.cpp.o)
                0x0000000020070aa4                _cdcComposite
 .bss._ZL21isRemoteWakeUpEnabled
                0x0000000020070aa8        0x1 Builds/embeddedcomputing.a(USBCore.cpp.o)
 *fill*         0x0000000020070aa9        0x3 
 .bss._usbInitialized
                0x0000000020070aac        0x4 Builds/embeddedcomputing.a(USBCore.cpp.o)
                0x0000000020070aac                _usbInitialized
 .bss.USBDevice
                0x0000000020070ab0        0x1 Builds/embeddedcomputing.a(USBCore.cpp.o)
                0x0000000020070ab0                USBDevice
 *fill*         0x0000000020070ab1        0x3 
 .bss._usbSetInterface
                0x0000000020070ab4        0x4 Builds/embeddedcomputing.a(USBCore.cpp.o)
                0x0000000020070ab4                _usbSetInterface
 .bss._usbConfiguration
                0x0000000020070ab8        0x4 Builds/embeddedcomputing.a(USBCore.cpp.o)
                0x0000000020070ab8                _usbConfiguration
 .bss.callbacksPioA
                0x0000000020070abc       0x80 Builds/embeddedcomputing.a(WInterrupts.c.o)
 .bss.callbacksPioB
                0x0000000020070b3c       0x80 Builds/embeddedcomputing.a(WInterrupts.c.o)
 .bss.callbacksPioC
                0x0000000020070bbc       0x80 Builds/embeddedcomputing.a(WInterrupts.c.o)
 .bss.callbacksPioD
                0x0000000020070c3c       0x80 Builds/embeddedcomputing.a(WInterrupts.c.o)
 .bss.pinEnabled
                0x0000000020070cbc       0x4f Builds/embeddedcomputing.a(wiring_analog.c.o)
 *fill*         0x0000000020070d0b        0x1 
 .bss.cdc_rx_buffer
                0x0000000020070d0c      0x208 Builds/embeddedcomputing.a(CDC.cpp.o)
                0x0000000020070d0c                cdc_rx_buffer
 .bss._ZZN7Serial_6acceptEvE5guard
                0x0000000020070f14        0x4 Builds/embeddedcomputing.a(CDC.cpp.o)
 .bss.SerialUSB
                0x0000000020070f18       0x14 Builds/embeddedcomputing.a(CDC.cpp.o)
                0x0000000020070f18                SerialUSB
 .bss.Mouse     0x0000000020070f2c        0x1 Builds/embeddedcomputing.a(HID.cpp.o)
                0x0000000020070f2c                Mouse
 *fill*         0x0000000020070f2d        0x3 
 .bss.Keyboard  0x0000000020070f30       0x10 Builds/embeddedcomputing.a(HID.cpp.o)
                0x0000000020070f30                Keyboard
 .bss._dwTickCount
                0x0000000020070f40        0x4 /Applications/Arduino.app/Contents/Resources/Java/hardware/arduino/sam/variants/arduino_due_x/libsam_sam3x8e_gcc_rel.a(timetick.o)
 .bss.ul_recv_fifo_ptr
                0x0000000020070f44       0x28 /Applications/Arduino.app/Contents/Resources/Java/hardware/arduino/sam/variants/arduino_due_x/libsam_sam3x8e_gcc_rel.a(uotghs_device.o)
 .bss.ul_send_fifo_ptr
                0x0000000020070f6c       0x28 /Applications/Arduino.app/Contents/Resources/Java/hardware/arduino/sam/variants/arduino_due_x/libsam_sam3x8e_gcc_rel.a(uotghs_device.o)
 .bss.__malloc_max_total_mem
                0x0000000020070f94        0x4 /Applications/Arduino.app/Contents/Resources/Java/hardware/tools/gcc-arm-none-eabi-4.8.3-2014q1/bin/../lib/gcc/arm-none-eabi/4.8.3/../../../../arm-none-eabi/lib/armv7-m/libc.a(lib_a-mallocr.o)
                0x0000000020070f94                __malloc_max_total_mem
 .bss.__malloc_max_sbrked_mem
                0x0000000020070f98        0x4 /Applications/Arduino.app/Contents/Resources/Java/hardware/tools/gcc-arm-none-eabi-4.8.3-2014q1/bin/../lib/gcc/arm-none-eabi/4.8.3/../../../../arm-none-eabi/lib/armv7-m/libc.a(lib_a-mallocr.o)
                0x0000000020070f98                __malloc_max_sbrked_mem
 .bss.__malloc_top_pad
                0x0000000020070f9c        0x4 /Applications/Arduino.app/Contents/Resources/Java/hardware/tools/gcc-arm-none-eabi-4.8.3-2014q1/bin/../lib/gcc/arm-none-eabi/4.8.3/../../../../arm-none-eabi/lib/armv7-m/libc.a(lib_a-mallocr.o)
                0x0000000020070f9c                __malloc_top_pad
 .bss.__malloc_current_mallinfo
                0x0000000020070fa0       0x28 /Applications/Arduino.app/Contents/Resources/Java/hardware/tools/gcc-arm-none-eabi-4.8.3-2014q1/bin/../lib/gcc/arm-none-eabi/4.8.3/../../../../arm-none-eabi/lib/armv7-m/libc.a(lib_a-mallocr.o)
                0x0000000020070fa0                __malloc_current_mallinfo
 *(COMMON)
 COMMON         0x0000000020070fc8        0x4 /Applications/Arduino.app/Contents/Resources/Java/hardware/tools/gcc-arm-none-eabi-4.8.3-2014q1/bin/../lib/gcc/arm-none-eabi/4.8.3/../../../../arm-none-eabi/lib/armv7-m/libc.a(lib_a-reent.o)
                0x0000000020070fc8                errno
                0x0000000020070fcc                . = ALIGN (0x4)
                0x0000000020070fcc                _ebss = .
                0x0000000020070fcc                _ezero = .
                0x0000000020070fcc                . = ALIGN (0x4)
                0x0000000020070fcc                _end = .

.stack_dummy    0x0000000020070fcc        0x0
 *(.stack*)
                0x0000000020088000                __StackTop = (ORIGIN (ram) + 0x18000)
                0x0000000020088000                __StackLimit = (__StackTop - SIZEOF (.stack_dummy))
                0x0000000020088000                PROVIDE (_sstack, __StackLimit)
                0x0000000020088000                PROVIDE (_estack, __StackTop)
OUTPUT(Builds/embeddedcomputing.elf elf32-littlearm)

.ARM.attributes
                0x0000000000000000       0x29
 .ARM.attributes
                0x0000000000000000       0x1d /Applications/Arduino.app/Contents/Resources/Java/hardware/tools/gcc-arm-none-eabi-4.8.3-2014q1/bin/../lib/gcc/arm-none-eabi/4.8.3/armv7-m/crti.o
 .ARM.attributes
                0x000000000000001d       0x2d /Applications/Arduino.app/Contents/Resources/Java/hardware/tools/gcc-arm-none-eabi-4.8.3-2014q1/bin/../lib/gcc/arm-none-eabi/4.8.3/armv7-m/crtbegin.o
 .ARM.attributes
                0x000000000000004a       0x33 Builds/variant.cpp.o
 .ARM.attributes
                0x000000000000007d       0x33 Builds/syscalls_sam3.c.o
 .ARM.attributes
                0x00000000000000b0       0x31 /Applications/Arduino.app/Contents/Resources/Java/hardware/arduino/sam/variants/arduino_due_x/libsam_sam3x8e_gcc_rel.a(pio.o)
 .ARM.attributes