Archive member included because of file (symbol)

/Applications/Arduino.app/Contents/Resources/Java/hardware/arduino/sam/variants/arduino_due_x/libsam_sam3x8e_gcc_rel.a(pio.o)
                              Builds/variant.cpp.o (PIO_Configure)
/Applications/Arduino.app/Contents/Resources/Java/hardware/arduino/sam/variants/arduino_due_x/libsam_sam3x8e_gcc_rel.a(pmc.o)
                              Builds/variant.cpp.o (pmc_enable_periph_clk)
/Applications/Arduino.app/Contents/Resources/Java/hardware/arduino/sam/variants/arduino_due_x/libsam_sam3x8e_gcc_rel.a(wdt.o)
                              Builds/variant.cpp.o (WDT_Disable)
/Applications/Arduino.app/Contents/Resources/Java/hardware/arduino/sam/variants/arduino_due_x/libsam_sam3x8e_gcc_rel.a(system_sam3xa.o)
                              Builds/variant.cpp.o (SystemInit)
/Applications/Arduino.app/Contents/Resources/Java/hardware/arduino/sam/variants/arduino_due_x/libsam_sam3x8e_gcc_rel.a(startup_sam3xa.o)
                              (Reset_Handler)
/Applications/Arduino.app/Contents/Resources/Java/hardware/arduino/sam/variants/arduino_due_x/libsam_sam3x8e_gcc_rel.a(adc.o)
                              Builds/variant.cpp.o (adc_init)
/Applications/Arduino.app/Contents/Resources/Java/hardware/arduino/sam/variants/arduino_due_x/libsam_sam3x8e_gcc_rel.a(uotghs.o)
                              /Applications/Arduino.app/Contents/Resources/Java/hardware/arduino/sam/variants/arduino_due_x/libsam_sam3x8e_gcc_rel.a(startup_sam3xa.o) (UOTGHS_Handler)
Builds/embeddedcomputing.a(RingBuffer.cpp.o)
                              Builds/variant.cpp.o (RingBuffer::RingBuffer())
Builds/embeddedcomputing.a(UARTClass.cpp.o)
                              Builds/variant.cpp.o (UARTClass::available())
Builds/embeddedcomputing.a(USARTClass.cpp.o)
                              Builds/variant.cpp.o (USARTClass::available())
Builds/embeddedcomputing.a(USBCore.cpp.o)
                              Builds/main.cpp.o (USBDevice_::attach())
Builds/embeddedcomputing.a(WInterrupts.c.o)
                              /Applications/Arduino.app/Contents/Resources/Java/hardware/arduino/sam/variants/arduino_due_x/libsam_sam3x8e_gcc_rel.a(startup_sam3xa.o) (PIOA_Handler)
Builds/embeddedcomputing.a(abi.cpp.o)
                              Builds/embeddedcomputing.a(UARTClass.cpp.o) (__cxa_pure_virtual)
Builds/embeddedcomputing.a(cortex_handlers.c.o)
                              /Applications/Arduino.app/Contents/Resources/Java/hardware/arduino/sam/variants/arduino_due_x/libsam_sam3x8e_gcc_rel.a(startup_sam3xa.o) (NMI_Handler)
Builds/embeddedcomputing.a(hooks.c.o)
                              Builds/embeddedcomputing.a(cortex_handlers.c.o) (sysTickHook)
Builds/embeddedcomputing.a(new.cpp.o)
                              Builds/EMoonClasses.cpp.o (operator new(unsigned int))
Builds/embeddedcomputing.a(wiring.c.o)
                              Builds/main.cpp.o (millis)
Builds/embeddedcomputing.a(wiring_analog.c.o)
                              Builds/variant.cpp.o (analogOutputInit)
Builds/embeddedcomputing.a(wiring_digital.c.o)
                              Builds/Adafruit_NeoPixel.cpp.o (pinMode)
Builds/embeddedcomputing.a(Print.cpp.o)
                              Builds/embeddedcomputing.a(UARTClass.cpp.o) (Print::write(unsigned char const*, unsigned int))
Builds/embeddedcomputing.a(Reset.cpp.o)
                              Builds/embeddedcomputing.a(cortex_handlers.c.o) (tickReset)
Builds/embeddedcomputing.a(CDC.cpp.o)
                              Builds/embeddedcomputing.a(USBCore.cpp.o) (Serial_::accept())
Builds/embeddedcomputing.a(HID.cpp.o)
                              Builds/embeddedcomputing.a(USBCore.cpp.o) (HID_GetInterface(unsigned char*))
/Applications/Arduino.app/Contents/Resources/Java/hardware/arduino/sam/variants/arduino_due_x/libsam_sam3x8e_gcc_rel.a(pwmc.o)
                              Builds/embeddedcomputing.a(wiring_analog.c.o) (PWMC_ConfigureChannel)
/Applications/Arduino.app/Contents/Resources/Java/hardware/arduino/sam/variants/arduino_due_x/libsam_sam3x8e_gcc_rel.a(tc.o)
                              Builds/Adafruit_NeoPixel.cpp.o (TC_Configure)
/Applications/Arduino.app/Contents/Resources/Java/hardware/arduino/sam/variants/arduino_due_x/libsam_sam3x8e_gcc_rel.a(timetick.o)
                              Builds/embeddedcomputing.a(cortex_handlers.c.o) (TimeTick_Increment)
/Applications/Arduino.app/Contents/Resources/Java/hardware/arduino/sam/variants/arduino_due_x/libsam_sam3x8e_gcc_rel.a(interrupt_sam_nvic.o)
                              Builds/embeddedcomputing.a(USBCore.cpp.o) (g_interrupt_enabled)
/Applications/Arduino.app/Contents/Resources/Java/hardware/arduino/sam/variants/arduino_due_x/libsam_sam3x8e_gcc_rel.a(uotghs_device.o)
                              Builds/embeddedcomputing.a(USBCore.cpp.o) (UDD_SetStack)
/Applications/Arduino.app/Contents/Resources/Java/hardware/arduino/sam/variants/arduino_due_x/libsam_sam3x8e_gcc_rel.a(dacc.o)
[...]
Memory Configuration

Name             Origin             Length             Attributes
rom              0x0000000000080000 0x0000000000080000 xr
sram0            0x0000000020000000 0x0000000000010000 xrw
sram1            0x0000000020080000 0x0000000000008000 xrw
ram              0x0000000020070000 0x0000000000018000 xrw
*default*        0x0000000000000000 0xffffffffffffffff

Linker script and memory map

LOAD /Applications/Arduino.app/Contents/Resources/Java/hardware/tools/gcc-arm-none-eabi-4.8.3-2014q1/bin/../lib/gcc/arm-none-eabi/4.8.3/armv7-m/crti.o
LOAD /Applications/Arduino.app/Contents/Resources/Java/hardware/tools/gcc-arm-none-eabi-4.8.3-2014q1/bin/../lib/gcc/arm-none-eabi/4.8.3/armv7-m/crtbegin.o
LOAD /Applications/Arduino.app/Contents/Resources/Java/hardware/tools/gcc-arm-none-eabi-4.8.3-2014q1/bin/../lib/gcc/arm-none-eabi/4.8.3/../../../../arm-none-eabi/lib/armv7-m/crt0.o
LOAD Builds/variant.cpp.o
LOAD /Applications/Arduino.app/Contents/Resources/Java/hardware/tools/gcc-arm-none-eabi-4.8.3-2014q1/bin/../lib/gcc/arm-none-eabi/4.8.3/armv7-m/libgcc.a
START GROUP
LOAD Builds/syscalls_sam3.c.o
LOAD /Applications/Arduino.app/Contents/Resources/Java/hardware/arduino/sam/variants/arduino_due_x/libsam_sam3x8e_gcc_rel.a
LOAD Builds/Adafruit_NeoPixel.cpp.o
LOAD Builds/EMoonClasses.cpp.o
LOAD Builds/Lightshows.cpp.o
LOAD Builds/LocalLibrary.cpp.o
LOAD Builds/Strips.cpp.o
LOAD Builds/main.cpp.o
LOAD Builds/embeddedcomputing.a
END GROUP
LOAD /Applications/Arduino.app/Contents/Resources/Java/hardware/tools/gcc-arm-none-eabi-4.8.3-2014q1/bin/../lib/gcc/arm-none-eabi/4.8.3/../../../../arm-none-eabi/lib/armv7-m/libstdc++.a
LOAD /Applications/Arduino.app/Contents/Resources/Java/hardware/tools/gcc-arm-none-eabi-4.8.3-2014q1/bin/../lib/gcc/arm-none-eabi/4.8.3/../../../../arm-none-eabi/lib/armv7-m/libm.a
START GROUP
LOAD /Applications/Arduino.app/Contents/Resources/Java/hardware/tools/gcc-arm-none-eabi-4.8.3-2014q1/bin/../lib/gcc/arm-none-eabi/4.8.3/armv7-m/libgcc.a
LOAD /Applications/Arduino.app/Contents/Resources/Java/hardware/tools/gcc-arm-none-eabi-4.8.3-2014q1/bin/../lib/gcc/arm-none-eabi/4.8.3/../../../../arm-none-eabi/lib/armv7-m/libc.a
END GROUP
LOAD /Applications/Arduino.app/Contents/Resources/Java/hardware/tools/gcc-arm-none-eabi-4.8.3-2014q1/bin/../lib/gcc/arm-none-eabi/4.8.3/armv7-m/crtend.o
LOAD /Applications/Arduino.app/Contents/Resources/Java/hardware/tools/gcc-arm-none-eabi-4.8.3-2014q1/bin/../lib/gcc/arm-none-eabi/4.8.3/armv7-m/crtn.o

.text           0x0000000000080000     0x6874
                0x0000000000080000                . = ALIGN (0x4)
                0x0000000000080000                _sfixed = .
 *(.vectors .vectors.*)
 .vectors       0x0000000000080000       0xf4 /Applications/Arduino.app/Contents/Resources/Java/hardware/arduino/sam/variants/arduino_due_x/libsam_sam3x8e_gcc_rel.a(startup_sam3xa.o)
                0x0000000000080000                exception_table
 *(.text .text.* .gnu.linkonce.t.*)
 .text          0x00000000000800f4       0x54 /Applications/Arduino.app/Contents/Resources/Java/hardware/tools/gcc-arm-none-eabi-4.8.3-2014q1/bin/../lib/gcc/arm-none-eabi/4.8.3/armv7-m/crtbegin.o
 .text._Z11serialEventv
                0x0000000000080148        0x2 Builds/variant.cpp.o
                0x0000000000080148                serialEvent()
 *fill*         0x000000000008014a        0x2 
 .text.UART_Handler
                0x000000000008014c        0xc Builds/variant.cpp.o
                0x000000000008014c                UART_Handler
 .text._Z12serialEvent1v
                0x0000000000080158        0x2 Builds/variant.cpp.o
                0x0000000000080158                serialEvent1()
 .text._Z12serialEvent2v
                0x000000000008015a        0x2 Builds/variant.cpp.o
                0x000000000008015a                serialEvent2()
 .text._Z12serialEvent3v
                0x000000000008015c        0x2 Builds/variant.cpp.o
                0x000000000008015c                serialEvent3()
 *fill*         0x000000000008015e        0x2 
 .text.USART0_Handler
                0x0000000000080160        0xc Builds/variant.cpp.o
                0x0000000000080160                USART0_Handler
 .text.USART1_Handler
                0x000000000008016c        0xc Builds/variant.cpp.o
                0x000000000008016c                USART1_Handler
 .text.USART3_Handler
                0x0000000000080178        0xc Builds/variant.cpp.o
                0x0000000000080178                USART3_Handler
 .text.init     0x0000000000080184      0x130 Builds/variant.cpp.o
                0x0000000000080184                init
 .text.startup._GLOBAL__sub_I_g_APinDescription
                0x00000000000802b4       0x90 Builds/variant.cpp.o
 .text._Z14serialEventRunv
                0x0000000000080344       0x44 Builds/variant.cpp.o
                0x0000000000080344                serialEventRun()
 .text._sbrk    0x0000000000080388       0x1c Builds/syscalls_sam3.c.o
                0x0000000000080388                _sbrk
 .text._close   0x00000000000803a4        0x6 Builds/syscalls_sam3.c.o
                0x00000000000803a4                _close
 .text._fstat   0x00000000000803aa        0xa Builds/syscalls_sam3.c.o
                0x00000000000803aa                _fstat
 .text._isatty  0x00000000000803b4        0x4 Builds/syscalls_sam3.c.o
                0x00000000000803b4                _isatty
 .text._lseek   0x00000000000803b8        0x4 Builds/syscalls_sam3.c.o
                0x00000000000803b8                _lseek
 .text._read    0x00000000000803bc        0x4 Builds/syscalls_sam3.c.o
                0x00000000000803bc                _read
 .text._write   0x00000000000803c0       0x24 Builds/syscalls_sam3.c.o
                0x00000000000803c0                _write
 .text._exit    0x00000000000803e4       0x10 Builds/syscalls_sam3.c.o
                0x00000000000803e4                _exit
 .text._kill    0x00000000000803f4        0x2 Builds/syscalls_sam3.c.o
                0x00000000000803f4                _kill
 .text._getpid  0x00000000000803f6        0x6 Builds/syscalls_sam3.c.o
                0x00000000000803f6                _getpid
 .text.PIO_DisableInterrupt
                0x00000000000803fc        0x4 /Applications/Arduino.app/Contents/Resources/Java/hardware/arduino/sam/variants/arduino_due_x/libsam_sam3x8e_gcc_rel.a(pio.o)
                0x00000000000803fc                PIO_DisableInterrupt
 .text.PIO_PullUp
                0x0000000000080400        0xa /Applications/Arduino.app/Contents/Resources/Java/hardware/arduino/sam/variants/arduino_due_x/libsam_sam3x8e_gcc_rel.a(pio.o)
                0x0000000000080400                PIO_PullUp
 .text.PIO_SetPeripheral
                0x000000000008040a       0x2a /Applications/Arduino.app/Contents/Resources/Java/hardware/arduino/sam/variants/arduino_due_x/libsam_sam3x8e_gcc_rel.a(pio.o)
                0x000000000008040a                PIO_SetPeripheral
 .text.PIO_SetInput
                0x0000000000080434       0x40 /Applications/Arduino.app/Contents/Resources/Java/hardware/arduino/sam/variants/arduino_due_x/libsam_sam3x8e_gcc_rel.a(pio.o)
                0x0000000000080434                PIO_SetInput
 .text.PIO_SetOutput
                0x0000000000080474       0x38 /Applications/Arduino.app/Contents/Resources/Java/hardware/arduino/sam/variants/arduino_due_x/libsam_sam3x8e_gcc_rel.a(pio.o)
                0x0000000000080474                PIO_SetOutput
 .text.PIO_Configure
                0x00000000000804ac       0x74 /Applications/Arduino.app/Contents/Resources/Java/hardware/arduino/sam/variants/arduino_due_x/libsam_sam3x8e_gcc_rel.a(pio.o)
                0x00000000000804ac                PIO_Configure
 .text.PIO_GetOutputDataStatus
                0x0000000000080520       0x16 /Applications/Arduino.app/Contents/Resources/Java/hardware/arduino/sam/variants/arduino_due_x/libsam_sam3x8e_gcc_rel.a(pio.o)
                0x0000000000080520                PIO_GetOutputDataStatus
 *fill*         0x0000000000080536        0x2 
 .text.pmc_enable_upll_clock
                0x0000000000080538       0x18 /Applications/Arduino.app/Contents/Resources/Java/hardware/arduino/sam/variants/arduino_due_x/libsam_sam3x8e_gcc_rel.a(pmc.o)
                0x0000000000080538                pmc_enable_upll_clock
 .text.pmc_enable_periph_clk
                0x0000000000080550       0x48 /Applications/Arduino.app/Contents/Resources/Java/hardware/arduino/sam/variants/arduino_due_x/libsam_sam3x8e_gcc_rel.a(pmc.o)
                0x0000000000080550                pmc_enable_periph_clk
 .text.pmc_disable_periph_clk
                0x0000000000080598       0x48 /Applications/Arduino.app/Contents/Resources/Java/hardware/arduino/sam/variants/arduino_due_x/libsam_sam3x8e_gcc_rel.a(pmc.o)
                0x0000000000080598                pmc_disable_periph_clk
 .text.pmc_switch_udpck_to_upllck
                0x00000000000805e0       0x14 /Applications/Arduino.app/Contents/Resources/Java/hardware/arduino/sam/variants/arduino_due_x/libsam_sam3x8e_gcc_rel.a(pmc.o)
                0x00000000000805e0                pmc_switch_udpck_to_upllck
 .text.pmc_enable_udpck
                0x00000000000805f4        0xc /Applications/Arduino.app/Contents/Resources/Java/hardware/arduino/sam/variants/arduino_due_x/libsam_sam3x8e_gcc_rel.a(pmc.o)
                0x00000000000805f4                pmc_enable_udpck
 .text.pmc_set_writeprotect
                0x0000000000080600       0x1c /Applications/Arduino.app/Contents/Resources/Java/hardware/arduino/sam/variants/arduino_due_x/libsam_sam3x8e_gcc_rel.a(pmc.o)
                0x0000000000080600                pmc_set_writeprotect
 .text.WDT_Disable
                0x000000000008061c        0x8 /Applications/Arduino.app/Contents/Resources/Java/hardware/arduino/sam/variants/arduino_due_x/libsam_sam3x8e_gcc_rel.a(wdt.o)
                0x000000000008061c                WDT_Disable
 .text.SystemInit
                0x0000000000080624       0x9c /Applications/Arduino.app/Contents/Resources/Java/hardware/arduino/sam/variants/arduino_due_x/libsam_sam3x8e_gcc_rel.a(system_sam3xa.o)
                0x0000000000080624                SystemInit
 .text.Reset_Handler
                0x00000000000806c0       0x70 /Applications/Arduino.app/Contents/Resources/Java/hardware/arduino/sam/variants/arduino_due_x/libsam_sam3x8e_gcc_rel.a(startup_sam3xa.o)
                0x00000000000806c0                Reset_Handler
 .text.adc_init
                0x0000000000080730       0xa0 /Applications/Arduino.app/Contents/Resources/Java/hardware/arduino/sam/variants/arduino_due_x/libsam_sam3x8e_gcc_rel.a(adc.o)
                0x0000000000080730                adc_init
 .text.adc_configure_trigger
                0x00000000000807d0       0x10 /Applications/Arduino.app/Contents/Resources/Java/hardware/arduino/sam/variants/arduino_due_x/libsam_sam3x8e_gcc_rel.a(adc.o)
                0x00000000000807d0                adc_configure_trigger
 .text.adc_configure_timing
                0x00000000000807e0       0x1a /Applications/Arduino.app/Contents/Resources/Java/hardware/arduino/sam/variants/arduino_due_x/libsam_sam3x8e_gcc_rel.a(adc.o)
                0x00000000000807e0                adc_configure_timing
 .text.adc_disable_all_channel
                0x00000000000807fa        0x8 /Applications/Arduino.app/Contents/Resources/Java/hardware/arduino/sam/variants/arduino_due_x/libsam_sam3x8e_gcc_rel.a(adc.o)
                0x00000000000807fa                adc_disable_all_channel
 .text.adc_disable_interrupt
                0x0000000000080802        0x4 /Applications/Arduino.app/Contents/Resources/Java/hardware/arduino/sam/variants/arduino_due_x/libsam_sam3x8e_gcc_rel.a(adc.o)
                0x0000000000080802                adc_disable_interrupt
 *fill*         0x0000000000080806        0x2 
 .text.UOTGHS_Handler
                0x0000000000080808       0x10 /Applications/Arduino.app/Contents/Resources/Java/hardware/arduino/sam/variants/arduino_due_x/libsam_sam3x8e_gcc_rel.a(uotghs.o)
                0x0000000000080808                UOTGHS_Handler
 .text._ZN17Adafruit_NeoPixelC2Ethh
                0x0000000000080818       0x5e Builds/Adafruit_NeoPixel.cpp.o
                0x0000000000080818                Adafruit_NeoPixel::Adafruit_NeoPixel(unsigned short, unsigned char, unsigned char)
                0x0000000000080818                Adafruit_NeoPixel::Adafruit_NeoPixel(unsigned short, unsigned char, unsigned char)
 .text._ZN17Adafruit_NeoPixel5beginEv
                0x0000000000080876       0x18 Builds/Adafruit_NeoPixel.cpp.o
                0x0000000000080876                Adafruit_NeoPixel::begin()
 *fill*         0x000000000008088e        0x2 
 .text._ZN17Adafruit_NeoPixel4showEv
                0x0000000000080890       0xd8 Builds/Adafruit_NeoPixel.cpp.o
                0x0000000000080890                Adafruit_NeoPixel::show()
 .text._ZN17Adafruit_NeoPixel13setPixelColorEtm
                0x0000000000080968       0x38 Builds/Adafruit_NeoPixel.cpp.o
                0x0000000000080968                Adafruit_NeoPixel::setPixelColor(unsigned short, unsigned long)
 .text._ZN17Adafruit_NeoPixel5ColorEhhh
                0x00000000000809a0        0xa Builds/Adafruit_NeoPixel.cpp.o
                0x00000000000809a0                Adafruit_NeoPixel::Color(unsigned char, unsigned char, unsigned char)
 .text._ZNK17Adafruit_NeoPixel9numPixelsEv
                0x00000000000809aa        0x4 Builds/Adafruit_NeoPixel.cpp.o
                0x00000000000809aa                Adafruit_NeoPixel::numPixels() const
 .text._ZN28activePrimitiveLightshowListC2Ev
                0x00000000000809ae       0x10 Builds/EMoonClasses.cpp.o
                0x00000000000809ae                activePrimitiveLightshowList::activePrimitiveLightshowList()
                0x00000000000809ae                activePrimitiveLightshowList::activePrimitiveLightshowList()
 .text._ZN23activePhysicalStripListC2Ev
                0x00000000000809be       0x22 Builds/EMoonClasses.cpp.o
                0x00000000000809be                activePhysicalStripList::activePhysicalStripList()
                0x00000000000809be                activePhysicalStripList::activePhysicalStripList()
 .text._ZN23activePhysicalStripList7showAllEv
                0x00000000000809e0        0x6 Builds/EMoonClasses.cpp.o
                0x00000000000809e0                activePhysicalStripList::showAll()
 .text._ZN14updateFunction6updateEmP17Adafruit_NeoPixel
                0x00000000000809e6       0x46 Builds/EMoonClasses.cpp.o
                0x00000000000809e6                updateFunction::update(unsigned long, Adafruit_NeoPixel*)
 .text.setup    0x0000000000080a2c       0x44 Builds/main.cpp.o
                0x0000000000080a2c                setup
 .text.loop     0x0000000000080a70       0x4c Builds/main.cpp.o
                0x0000000000080a70                loop
 .text.startup.main
                0x0000000000080abc       0x30 Builds/main.cpp.o
                0x0000000000080abc                main
 .text._ZN10RingBufferC2Ev
                0x0000000000080aec       0x16 Builds/embeddedcomputing.a(RingBuffer.cpp.o)
                0x0000000000080aec                RingBuffer::RingBuffer()
                0x0000000000080aec                RingBuffer::RingBuffer()
 .text._ZN10RingBuffer10store_charEh
                0x0000000000080b02       0x16 Builds/embeddedcomputing.a(RingBuffer.cpp.o)
                0x0000000000080b02                RingBuffer::store_char(unsigned char)
 .text._ZN9UARTClasscvbEv
                0x0000000000080b18        0x4 Builds/embeddedcomputing.a(UARTClass.cpp.o)
                0x0000000000080b18                UARTClass::operator bool()
 .text._ZN9UARTClass9availableEv
                0x0000000000080b1c        0xe Builds/embeddedcomputing.a(UARTClass.cpp.o)
                0x0000000000080b1c                UARTClass::available()
 .text._ZN9UARTClass4peekEv
                0x0000000000080b2a       0x12 Builds/embeddedcomputing.a(UARTClass.cpp.o)
                0x0000000000080b2a                UARTClass::peek()
 .text._ZN9UARTClass4readEv
                0x0000000000080b3c       0x1c Builds/embeddedcomputing.a(UARTClass.cpp.o)
                0x0000000000080b3c                UARTClass::read()
 .text._ZN9UARTClass5flushEv
                0x0000000000080b58        0xa Builds/embeddedcomputing.a(UARTClass.cpp.o)
                0x0000000000080b58                UARTClass::flush()
 .text._ZN9UARTClass5writeEh
                0x0000000000080b62        0xe Builds/embeddedcomputing.a(UARTClass.cpp.o)
                0x0000000000080b62                UARTClass::write(unsigned char)
 .text._ZN9UARTClass5beginEm
                0x0000000000080b70       0x5c Builds/embeddedcomputing.a(UARTClass.cpp.o)
                0x0000000000080b70                UARTClass::begin(unsigned long)
 .text._ZN9UARTClass3endEv
                0x0000000000080bcc       0x38 Builds/embeddedcomputing.a(UARTClass.cpp.o)
                0x0000000000080bcc                UARTClass::end()
 .text._ZN9UARTClassC2EP4Uart4IRQnmP10RingBuffer
                0x0000000000080c04       0x20 Builds/embeddedcomputing.a(UARTClass.cpp.o)
                0x0000000000080c04                UARTClass::UARTClass(Uart*, IRQn, unsigned long, RingBuffer*)
                0x0000000000080c04                UARTClass::UARTClass(Uart*, IRQn, unsigned long, RingBuffer*)
 .text._ZN9UARTClass10IrqHandlerEv
                0x0000000000080c24       0x28 Builds/embeddedcomputing.a(UARTClass.cpp.o)
                0x0000000000080c24                UARTClass::IrqHandler()
 .text._ZN10USARTClasscvbEv
                0x0000000000080c4c        0x4 Builds/embeddedcomputing.a(USARTClass.cpp.o)
                0x0000000000080c4c                USARTClass::operator bool()
 .text._ZN10USARTClass9availableEv
                0x0000000000080c50        0xe Builds/embeddedcomputing.a(USARTClass.cpp.o)
                0x0000000000080c50                USARTClass::available()
 .text._ZN10USARTClass4peekEv
                0x0000000000080c5e       0x12 Builds/embeddedcomputing.a(USARTClass.cpp.o)
                0x0000000000080c5e                USARTClass::peek()
 .text._ZN10USARTClass4readEv
                0x0000000000080c70       0x1c Builds/embeddedcomputing.a(USARTClass.cpp.o)
                0x0000000000080c70                USARTClass::read()
 .text._ZN10USARTClass5flushEv
                0x0000000000080c8c        0xa Builds/embeddedcomputing.a(USARTClass.cpp.o)
                0x0000000000080c8c                USARTClass::flush()
 .text._ZN10USARTClass5writeEh
                0x0000000000080c96        0xe Builds/embeddedcomputing.a(USARTClass.cpp.o)
                0x0000000000080c96                USARTClass::write(unsigned char)
 .text._ZN10USARTClass3endEv
                0x0000000000080ca4       0x38 Builds/embeddedcomputing.a(USARTClass.cpp.o)
                0x0000000000080ca4                USARTClass::end()
 .text._ZN10USARTClassC2EP5Usart4IRQnmP10RingBuffer
                0x0000000000080cdc       0x20 Builds/embeddedcomputing.a(USARTClass.cpp.o)
                0x0000000000080cdc                USARTClass::USARTClass(Usart*, IRQn, unsigned long, RingBuffer*)
                0x0000000000080cdc                USARTClass::USARTClass(Usart*, IRQn, unsigned long, RingBuffer*)
 .text._ZN10USARTClass5beginEmm
                0x0000000000080cfc       0x58 Builds/embeddedcomputing.a(USARTClass.cpp.o)
                0x0000000000080cfc                USARTClass::begin(unsigned long, unsigned long)
 .text._ZN10USARTClass5beginEm
                0x0000000000080d54        0x8 Builds/embeddedcomputing.a(USARTClass.cpp.o)
                0x0000000000080d54                USARTClass::begin(unsigned long)
 .text._ZN10USARTClass10IrqHandlerEv
                0x0000000000080d5c       0x28 Builds/embeddedcomputing.a(USARTClass.cpp.o)
                0x0000000000080d5c                USARTClass::IrqHandler()
 .text.unlikely._ZL11USB_SendZlpv
                0x0000000000080d84       0x20 Builds/embeddedcomputing.a(USBCore.cpp.o)
 .text._Z14USBD_Availablem
                0x0000000000080da4       0x2c Builds/embeddedcomputing.a(USBCore.cpp.o)
                0x0000000000080da4                USBD_Available(unsigned long)
 .text._Z9USBD_RecvmPvm
                0x0000000000080dd0       0x7c Builds/embeddedcomputing.a(USBCore.cpp.o)
                0x0000000000080dd0                USBD_Recv(unsigned long, void*, unsigned long)
 .text._Z9USBD_Recvm
                0x0000000000080e4c       0x22 Builds/embeddedcomputing.a(USBCore.cpp.o)
                0x0000000000080e4c                USBD_Recv(unsigned long)
 *fill*         0x0000000000080e6e        0x2 
 .text._Z9USBD_SendmPKvm
                0x0000000000080e70       0x4c Builds/embeddedcomputing.a(USBCore.cpp.o)
                0x0000000000080e70                USBD_Send(unsigned long, void const*, unsigned long)
 .text._Z16USBD_SendControlhPKvm
                0x0000000000080ebc       0x40 Builds/embeddedcomputing.a(USBCore.cpp.o)
                0x0000000000080ebc                USBD_SendControl(unsigned char, void const*, unsigned long)
 .text.unlikely._ZL24USB_SendStringDescriptorPKhi
                0x0000000000080efc       0x38 Builds/embeddedcomputing.a(USBCore.cpp.o)
 .text._Z16USBD_RecvControlPvm
                0x0000000000080f34       0x1c Builds/embeddedcomputing.a(USBCore.cpp.o)
                0x0000000000080f34                USBD_RecvControl(void*, unsigned long)
 .text._Z26USBD_ClassInterfaceRequestR5Setup
                0x0000000000080f50       0x14 Builds/embeddedcomputing.a(USBCore.cpp.o)
                0x0000000000080f50                USBD_ClassInterfaceRequest(Setup&)
 .text._Z19USBD_SendInterfacesv
                0x0000000000080f64       0x1e Builds/embeddedcomputing.a(USBCore.cpp.o)
                0x0000000000080f64                USBD_SendInterfaces()
 .text._Z24USBD_SendOtherInterfacesv
                0x0000000000080f82       0x1e Builds/embeddedcomputing.a(USBCore.cpp.o)
                0x0000000000080f82                USBD_SendOtherInterfaces()
 .text._Z10USBD_Flushm
                0x0000000000080fa0       0x16 Builds/embeddedcomputing.a(USBCore.cpp.o)
                0x0000000000080fa0                USBD_Flush(unsigned long)
 *fill*         0x0000000000080fb6        0x2 
 .text._ZN10USBDevice_C2Ev
                0x0000000000080fb8       0x24 Builds/embeddedcomputing.a(USBCore.cpp.o)
                0x0000000000080fb8                USBDevice_::USBDevice_()
                0x0000000000080fb8                USBDevice_::USBDevice_()
 .text._ZN10USBDevice_6attachEv
                0x0000000000080fdc       0x20 Builds/embeddedcomputing.a(USBCore.cpp.o)
                0x0000000000080fdc                USBDevice_::attach()
 .text.startup._GLOBAL__sub_I_TxLEDPulse
                0x0000000000080ffc        0xc Builds/embeddedcomputing.a(USBCore.cpp.o)
 .text._ZL7USB_ISRv
                0x0000000000081008      0x424 Builds/embeddedcomputing.a(USBCore.cpp.o)
 .text.PIOA_Handler
                0x000000000008142c       0x28 Builds/embeddedcomputing.a(WInterrupts.c.o)
                0x000000000008142c                PIOA_Handler
 .text.PIOB_Handler
                0x0000000000081454       0x28 Builds/embeddedcomputing.a(WInterrupts.c.o)
                0x0000000000081454                PIOB_Handler
 .text.PIOC_Handler
                0x000000000008147c       0x28 Builds/embeddedcomputing.a(WInterrupts.c.o)
                0x000000000008147c                PIOC_Handler
 .text.PIOD_Handler
                0x00000000000814a4       0x28 Builds/embeddedcomputing.a(WInterrupts.c.o)
                0x00000000000814a4                PIOD_Handler
 .text.__halt   0x00000000000814cc        0x2 Builds/embeddedcomputing.a(cortex_handlers.c.o)
                0x00000000000814cc                SPI0_Handler
                0x00000000000814cc                DebugMon_Handler
                0x00000000000814cc                DMAC_Handler
                0x00000000000814cc                TRNG_Handler
                0x00000000000814cc                HardFault_Handler
                0x00000000000814cc                TC2_Handler
                0x00000000000814cc                TWI1_Handler
                0x00000000000814cc                NMI_Handler
                0x00000000000814cc                TC7_Handler
                0x00000000000814cc                ADC_Handler
                0x00000000000814cc                SMC_Handler
                0x00000000000814cc                RTT_Handler
                0x00000000000814cc                EFC1_Handler
                0x00000000000814cc                RTC_Handler
                0x00000000000814cc                UsageFault_Handler
                0x00000000000814cc                TC6_Handler
                0x00000000000814cc                WDT_Handler
                0x00000000000814cc                CAN0_Handler
                0x00000000000814cc                TC4_Handler
                0x00000000000814cc                TC1_Handler
                0x00000000000814cc                HSMCI_Handler
                0x00000000000814cc                TC3_Handler
                0x00000000000814cc                TWI0_Handler
                0x00000000000814cc                SSC_Handler
                0x00000000000814cc                EFC0_Handler
                0x00000000000814cc                PMC_Handler
                0x00000000000814cc                PWM_Handler
                0x00000000000814cc                CAN1_Handler
                0x00000000000814cc                MemManage_Handler
                0x00000000000814cc                SUPC_Handler
                0x00000000000814cc                TC8_Handler
                0x00000000000814cc                USART2_Handler
                0x00000000000814cc                EMAC_Handler
                0x00000000000814cc                BusFault_Handler
                0x00000000000814cc                RSTC_Handler
                0x00000000000814cc                TC0_Handler
                0x00000000000814cc                TC5_Handler
                0x00000000000814cc                DACC_Handler
 .text.SVC_Handler
                0x00000000000814ce        0x4 Builds/embeddedcomputing.a(cortex_handlers.c.o)
                0x00000000000814ce                SVC_Handler
 .text.PendSV_Handler
                0x00000000000814d2        0x4 Builds/embeddedcomputing.a(cortex_handlers.c.o)
                0x00000000000814d2                PendSV_Handler
 .text.SysTick_Handler
                0x00000000000814d6       0x16 Builds/embeddedcomputing.a(cortex_handlers.c.o)
                0x00000000000814d6                SysTick_Handler
 .text.__empty  0x00000000000814ec        0x2 Builds/embeddedcomputing.a(hooks.c.o)
                0x00000000000814ec                yield
 .text.__false  0x00000000000814ee        0x4 Builds/embeddedcomputing.a(hooks.c.o)
                0x00000000000814ee                sysTickHook
 .text.__halt   0x00000000000814f2        0x2 Builds/embeddedcomputing.a(hooks.c.o)
                0x00000000000814f2                pendSVHook
                0x00000000000814f2                svcHook
 .text._Znwj    0x00000000000814f4        0x4 Builds/embeddedcomputing.a(new.cpp.o)
                0x00000000000814f4                operator new(unsigned int)
 .text.millis   0x00000000000814f8        0x4 Builds/embeddedcomputing.a(wiring.c.o)
                0x00000000000814f8                millis
 .text.micros   0x00000000000814fc       0x74 Builds/embeddedcomputing.a(wiring.c.o)
                0x00000000000814fc                micros
 .text.delay    0x0000000000081570       0x1c Builds/embeddedcomputing.a(wiring.c.o)
                0x0000000000081570                delay
 .text.analogOutputInit
                0x000000000008158c       0x14 Builds/embeddedcomputing.a(wiring_analog.c.o)
                0x000000000008158c                analogOutputInit
 .text.pinMode  0x00000000000815a0       0x64 Builds/embeddedcomputing.a(wiring_digital.c.o)
                0x00000000000815a0                pinMode
 .text.digitalWrite
                0x0000000000081604       0x48 Builds/embeddedcomputing.a(wiring_digital.c.o)
                0x0000000000081604                digitalWrite
 .text._ZN5Print5writeEPKhj
                0x000000000008164c       0x22 Builds/embeddedcomputing.a(Print.cpp.o)
                0x000000000008164c                Print::write(unsigned char const*, unsigned int)
 *fill*         0x000000000008166e        0x2 
 .text.initiateReset
                0x0000000000081670        0xc Builds/embeddedcomputing.a(Reset.cpp.o)
                0x0000000000081670                initiateReset
 .text.cancelReset
                0x000000000008167c       0x10 Builds/embeddedcomputing.a(Reset.cpp.o)
                0x000000000008167c                cancelReset
 .text.tickReset
                0x000000000008168c       0x20 Builds/embeddedcomputing.a(Reset.cpp.o)
                0x000000000008168c                tickReset
 .text._ZN7Serial_9availableEv
                0x00000000000816ac       0x18 Builds/embeddedcomputing.a(CDC.cpp.o)
                0x00000000000816ac                Serial_::available()
 .text._ZN7Serial_4peekEv
                0x00000000000816c4       0x20 Builds/embeddedcomputing.a(CDC.cpp.o)
                0x00000000000816c4                Serial_::peek()
 .text._ZN7Serial_5writeEh
                0x00000000000816e4       0x16 Builds/embeddedcomputing.a(CDC.cpp.o)
                0x00000000000816e4                Serial_::write(unsigned char)
 *fill*         0x00000000000816fa        0x2 
 .text._ZN7Serial_4readEv
                0x00000000000816fc       0x44 Builds/embeddedcomputing.a(CDC.cpp.o)
                0x00000000000816fc                Serial_::read()
 .text._ZN7Serial_5flushEv
                0x0000000000081740        0x6 Builds/embeddedcomputing.a(CDC.cpp.o)
                0x0000000000081740                Serial_::flush()
 *fill*         0x0000000000081746        0x2 
 .text._ZN7Serial_6acceptEv
                0x0000000000081748       0x70 Builds/embeddedcomputing.a(CDC.cpp.o)
                0x0000000000081748                Serial_::accept()
 .text._ZN7Serial_5writeEPKhj
                0x00000000000817b8       0x2c Builds/embeddedcomputing.a(CDC.cpp.o)
                0x00000000000817b8                Serial_::write(unsigned char const*, unsigned int)
 .text._Z16CDC_GetInterfacePh
                0x00000000000817e4       0x14 Builds/embeddedcomputing.a(CDC.cpp.o)
                0x00000000000817e4                CDC_GetInterface(unsigned char*)
 .text._Z21CDC_GetOtherInterfacePh
                0x00000000000817f8       0x14 Builds/embeddedcomputing.a(CDC.cpp.o)
                0x00000000000817f8                CDC_GetOtherInterface(unsigned char*)
 .text._Z9CDC_SetupR5Setup
                0x000000000008180c       0x64 Builds/embeddedcomputing.a(CDC.cpp.o)
                0x000000000008180c                CDC_Setup(Setup&)
 .text.startup._GLOBAL__sub_I_cdc_rx_buffer
                0x0000000000081870       0x1c Builds/embeddedcomputing.a(CDC.cpp.o)
 .text._ZN9Keyboard_5writeEh
                0x000000000008188c       0x1c Builds/embeddedcomputing.a(HID.cpp.o)
                0x000000000008188c                Keyboard_::write(unsigned char)
 .text._Z16HID_GetInterfacePh
                0x00000000000818a8       0x14 Builds/embeddedcomputing.a(HID.cpp.o)
                0x00000000000818a8                HID_GetInterface(unsigned char*)
 .text._Z17HID_GetDescriptori
                0x00000000000818bc       0x10 Builds/embeddedcomputing.a(HID.cpp.o)
                0x00000000000818bc                HID_GetDescriptor(int)
 .text._Z14HID_SendReporthPKvm
                0x00000000000818cc       0x2e Builds/embeddedcomputing.a(HID.cpp.o)
                0x00000000000818cc                HID_SendReport(unsigned char, void const*, unsigned long)
 *fill*         0x00000000000818fa        0x2 
 .text._Z9HID_SetupR5Setup
                0x00000000000818fc       0x40 Builds/embeddedcomputing.a(HID.cpp.o)
                0x00000000000818fc                HID_Setup(Setup&)
 .text._ZN9Keyboard_10sendReportEP9KeyReport
                0x000000000008193c        0xc Builds/embeddedcomputing.a(HID.cpp.o)
                0x000000000008193c                Keyboard_::sendReport(KeyReport*)
 .text._ZN9Keyboard_5pressEh
                0x0000000000081948       0x88 Builds/embeddedcomputing.a(HID.cpp.o)
                0x0000000000081948                Keyboard_::press(unsigned char)
 .text._ZN9Keyboard_7releaseEh
                0x00000000000819d0       0x64 Builds/embeddedcomputing.a(HID.cpp.o)
                0x00000000000819d0                Keyboard_::release(unsigned char)
 .text._ZN9Keyboard_10releaseAllEv
                0x0000000000081a34       0x18 Builds/embeddedcomputing.a(HID.cpp.o)
                0x0000000000081a34                Keyboard_::releaseAll()
 .text.startup._GLOBAL__sub_I_Mouse
                0x0000000000081a4c       0x1c Builds/embeddedcomputing.a(HID.cpp.o)
 .text.TC_Configure
                0x0000000000081a68       0x38 /Applications/Arduino.app/Contents/Resources/Java/hardware/arduino/sam/variants/arduino_due_x/libsam_sam3x8e_gcc_rel.a(tc.o)
                0x0000000000081a68                TC_Configure
 .text.TC_Start
                0x0000000000081aa0       0x2c /Applications/Arduino.app/Contents/Resources/Java/hardware/arduino/sam/variants/arduino_due_x/libsam_sam3x8e_gcc_rel.a(tc.o)
                0x0000000000081aa0                TC_Start
 .text.TC_Stop  0x0000000000081acc       0x2c /Applications/Arduino.app/Contents/Resources/Java/hardware/arduino/sam/variants/arduino_due_x/libsam_sam3x8e_gcc_rel.a(tc.o)
                0x0000000000081acc                TC_Stop
 .text.TimeTick_Increment
                0x0000000000081af8       0x10 /Applications/Arduino.app/Contents/Resources/Java/hardware/arduino/sam/variants/arduino_due_x/libsam_sam3x8e_gcc_rel.a(timetick.o)
                0x0000000000081af8                TimeTick_Increment
 .text.GetTickCount
                0x0000000000081b08        0xc /Applications/Arduino.app/Contents/Resources/Java/hardware/arduino/sam/variants/arduino_due_x/libsam_sam3x8e_gcc_rel.a(timetick.o)
                0x0000000000081b08                GetTickCount
 .text.UDD_SetStack
                0x0000000000081b14        0xc /Applications/Arduino.app/Contents/Resources/Java/hardware/arduino/sam/variants/arduino_due_x/libsam_sam3x8e_gcc_rel.a(uotghs_device.o)
                0x0000000000081b14                UDD_SetStack
 .text.UDD_Init
                0x0000000000081b20       0xd0 /Applications/Arduino.app/Contents/Resources/Java/hardware/arduino/sam/variants/arduino_due_x/libsam_sam3x8e_gcc_rel.a(uotghs_device.o)
                0x0000000000081b20                UDD_Init
 .text.UDD_Attach
                0x0000000000081bf0       0x4c /Applications/Arduino.app/Contents/Resources/Java/hardware/arduino/sam/variants/arduino_due_x/libsam_sam3x8e_gcc_rel.a(uotghs_device.o)
                0x0000000000081bf0                UDD_Attach
 .text.UDD_InitEP
                0x0000000000081c3c       0x30 /Applications/Arduino.app/Contents/Resources/Java/hardware/arduino/sam/variants/arduino_due_x/libsam_sam3x8e_gcc_rel.a(uotghs_device.o)
                0x0000000000081c3c                UDD_InitEP
 .text.UDD_InitEndpoints
                0x0000000000081c6c       0x3c /Applications/Arduino.app/Contents/Resources/Java/hardware/arduino/sam/variants/arduino_due_x/libsam_sam3x8e_gcc_rel.a(uotghs_device.o)
                0x0000000000081c6c                UDD_InitEndpoints
 .text.UDD_WaitIN
                0x0000000000081ca8       0x14 /Applications/Arduino.app/Contents/Resources/Java/hardware/arduino/sam/variants/arduino_due_x/libsam_sam3x8e_gcc_rel.a(uotghs_device.o)
                0x0000000000081ca8                UDD_WaitIN
 .text.UDD_WaitOUT
                0x0000000000081cbc       0x14 /Applications/Arduino.app/Contents/Resources/Java/hardware/arduino/sam/variants/arduino_due_x/libsam_sam3x8e_gcc_rel.a(uotghs_device.o)
                0x0000000000081cbc                UDD_WaitOUT
 .text.UDD_ClearIN
                0x0000000000081cd0       0x18 /Applications/Arduino.app/Contents/Resources/Java/hardware/arduino/sam/variants/arduino_due_x/libsam_sam3x8e_gcc_rel.a(uotghs_device.o)
                0x0000000000081cd0                UDD_ClearIN
 .text.UDD_ClearOUT
                0x0000000000081ce8       0x18 /Applications/Arduino.app/Contents/Resources/Java/hardware/arduino/sam/variants/arduino_due_x/libsam_sam3x8e_gcc_rel.a(uotghs_device.o)
                0x0000000000081ce8                UDD_ClearOUT
 .text.UDD_ReceivedSetupInt
                0x0000000000081d00       0x10 /Applications/Arduino.app/Contents/Resources/Java/hardware/arduino/sam/variants/arduino_due_x/libsam_sam3x8e_gcc_rel.a(uotghs_device.o)
                0x0000000000081d00                UDD_ReceivedSetupInt
 .text.UDD_ClearSetupInt
                0x0000000000081d10       0x10 /Applications/Arduino.app/Contents/Resources/Java/hardware/arduino/sam/variants/arduino_due_x/libsam_sam3x8e_gcc_rel.a(uotghs_device.o)
                0x0000000000081d10                UDD_ClearSetupInt
 .text.UDD_Send
                0x0000000000081d20       0x90 /Applications/Arduino.app/Contents/Resources/Java/hardware/arduino/sam/variants/arduino_due_x/libsam_sam3x8e_gcc_rel.a(uotghs_device.o)
                0x0000000000081d20                UDD_Send
 .text.UDD_Send8
                0x0000000000081db0       0x28 /Applications/Arduino.app/Contents/Resources/Java/hardware/arduino/sam/variants/arduino_due_x/libsam_sam3x8e_gcc_rel.a(uotghs_device.o)
                0x0000000000081db0                UDD_Send8
 .text.UDD_Recv8
                0x0000000000081dd8       0x28 /Applications/Arduino.app/Contents/Resources/Java/hardware/arduino/sam/variants/arduino_due_x/libsam_sam3x8e_gcc_rel.a(uotghs_device.o)
                0x0000000000081dd8                UDD_Recv8
 .text.UDD_Recv
                0x0000000000081e00       0x34 /Applications/Arduino.app/Contents/Resources/Java/hardware/arduino/sam/variants/arduino_due_x/libsam_sam3x8e_gcc_rel.a(uotghs_device.o)
                0x0000000000081e00                UDD_Recv
 .text.UDD_Stall
                0x0000000000081e34       0x14 /Applications/Arduino.app/Contents/Resources/Java/hardware/arduino/sam/variants/arduino_due_x/libsam_sam3x8e_gcc_rel.a(uotghs_device.o)
                0x0000000000081e34                UDD_Stall
 .text.UDD_FifoByteCount
                0x0000000000081e48       0x1c /Applications/Arduino.app/Contents/Resources/Java/hardware/arduino/sam/variants/arduino_due_x/libsam_sam3x8e_gcc_rel.a(uotghs_device.o)
                0x0000000000081e48                UDD_FifoByteCount
 .text.UDD_ReleaseRX
                0x0000000000081e64       0x2c /Applications/Arduino.app/Contents/Resources/Java/hardware/arduino/sam/variants/arduino_due_x/libsam_sam3x8e_gcc_rel.a(uotghs_device.o)
                0x0000000000081e64                UDD_ReleaseRX
 .text.UDD_ReleaseTX
                0x0000000000081e90       0x2c /Applications/Arduino.app/Contents/Resources/Java/hardware/arduino/sam/variants/arduino_due_x/libsam_sam3x8e_gcc_rel.a(uotghs_device.o)
                0x0000000000081e90                UDD_ReleaseTX
 .text.UDD_SetAddress
                0x0000000000081ebc       0x20 /Applications/Arduino.app/Contents/Resources/Java/hardware/arduino/sam/variants/arduino_due_x/libsam_sam3x8e_gcc_rel.a(uotghs_device.o)
                0x0000000000081ebc                UDD_SetAddress
 .text.__fpclassifyd
                0x0000000000081edc       0x50 /Applications/Arduino.app/Contents/Resources/Java/hardware/tools/gcc-arm-none-eabi-4.8.3-2014q1/bin/../lib/gcc/arm-none-eabi/4.8.3/../../../../arm-none-eabi/lib/armv7-m/libm.a(lib_a-s_fpclassify.o)
                0x0000000000081edc                __fpclassifyd
 .text.sqrt     0x0000000000081f2c       0xac /Applications/Arduino.app/Contents/Resources/Java/hardware/tools/gcc-arm-none-eabi-4.8.3-2014q1/bin/../lib/gcc/arm-none-eabi/4.8.3/../../../../arm-none-eabi/lib/armv7-m/libm.a(lib_a-w_sqrt.o)
                0x0000000000081f2c                sqrt
 .text.__ieee754_sqrt
                0x0000000000081fd8      0x180 /Applications/Arduino.app/Contents/Resources/Java/hardware/tools/gcc-arm-none-eabi-4.8.3-2014q1/bin/../lib/gcc/arm-none-eabi/4.8.3/../../../../arm-none-eabi/lib/armv7-m/libm.a(lib_a-e_sqrt.o)
                0x0000000000081fd8                __ieee754_sqrt
 .text.matherr  0x0000000000082158        0x4 /Applications/Arduino.app/Contents/Resources/Java/hardware/tools/gcc-arm-none-eabi-4.8.3-2014q1/bin/../lib/gcc/arm-none-eabi/4.8.3/../../../../arm-none-eabi/lib/armv7-m/libm.a(lib_a-s_matherr.o)
                0x0000000000082158                matherr
 .text          0x000000000008215c      0x370 /Applications/Arduino.app/Contents/Resources/Java/hardware/tools/gcc-arm-none-eabi-4.8.3-2014q1/bin/../lib/gcc/arm-none-eabi/4.8.3/armv7-m/libgcc.a(_arm_addsubdf3.o)
                0x000000000008215c                __aeabi_drsub
                0x0000000000082164                __subdf3
                0x0000000000082164                __aeabi_dsub
                0x0000000000082168                __aeabi_dadd
                0x0000000000082168                __adddf3
                0x00000000000823e0                __aeabi_ui2d
                0x00000000000823e0                __floatunsidf
                0x0000000000082400                __floatsidf
                0x0000000000082400                __aeabi_i2d
                0x0000000000082424                __extendsfdf2
                0x0000000000082424                __aeabi_f2d
                0x0000000000082460                __aeabi_ul2d
                0x0000000000082460                __floatundidf
                0x0000000000082470                __aeabi_l2d
                0x0000000000082470                __floatdidf
 .text          0x00000000000824cc      0x424 /Applications/Arduino.app/Contents/Resources/Java/hardware/tools/gcc-arm-none-eabi-4.8.3-2014q1/bin/../lib/gcc/arm-none-eabi/4.8.3/armv7-m/libgcc.a(_arm_muldivdf3.o)
                0x00000000000824cc                __aeabi_dmul
                0x00000000000824cc                __muldf3
                0x0000000000082720                __aeabi_ddiv
                0x0000000000082720                __divdf3
 .text          0x00000000000828f0      0x110 /Applications/Arduino.app/Contents/Resources/Java/hardware/tools/gcc-arm-none-eabi-4.8.3-2014q1/bin/../lib/gcc/arm-none-eabi/4.8.3/armv7-m/libgcc.a(_arm_cmpdf2.o)
                0x00000000000828f0                __gtdf2
                0x00000000000828f0                __gedf2
                0x00000000000828f8                __ltdf2
                0x00000000000828f8                __ledf2
                0x0000000000082900                __eqdf2
                0x0000000000082900                __nedf2
                0x0000000000082900                __cmpdf2
                0x000000000008297c                __aeabi_cdrcmple
                0x000000000008298c                __aeabi_cdcmple
                0x000000000008298c                __aeabi_cdcmpeq
                0x000000000008299c                __aeabi_dcmpeq
                0x00000000000829b0                __aeabi_dcmplt
                0x00000000000829c4                __aeabi_dcmple
                0x00000000000829d8                __aeabi_dcmpge
                0x00000000000829ec                __aeabi_dcmpgt
 .text          0x0000000000082a00       0x40 /Applications/Arduino.app/Contents/Resources/Java/hardware/tools/gcc-arm-none-eabi-4.8.3-2014q1/bin/../lib/gcc/arm-none-eabi/4.8.3/armv7-m/libgcc.a(_arm_fixunsdfsi.o)
                0x0000000000082a00                __fixunsdfsi
                0x0000000000082a00                __aeabi_d2uiz
 .text.__assert_func
                0x0000000000082a40       0x3c /Applications/Arduino.app/Contents/Resources/Java/hardware/tools/gcc-arm-none-eabi-4.8.3-2014q1/bin/../lib/gcc/arm-none-eabi/4.8.3/../../../../arm-none-eabi/lib/armv7-m/libc.a(lib_a-assert.o)
                0x0000000000082a40                __assert_func
 .text.__errno  0x0000000000082a7c        0xc /Applications/Arduino.app/Contents/Resources/Java/hardware/tools/gcc-arm-none-eabi-4.8.3-2014q1/bin/../lib/gcc/arm-none-eabi/4.8.3/../../../../arm-none-eabi/lib/armv7-m/libc.a(lib_a-errno.o)
                0x0000000000082a7c                __errno
 .text.fiprintf
                0x0000000000082a88       0x28 /Applications/Arduino.app/Contents/Resources/Java/hardware/tools/gcc-arm-none-eabi-4.8.3-2014q1/bin/../lib/gcc/arm-none-eabi/4.8.3/../../../../arm-none-eabi/lib/armv7-m/libc.a(lib_a-fiprintf.o)
                0x0000000000082a88                fiprintf
 .text.__libc_init_array
                0x0000000000082ab0       0x50 /Applications/Arduino.app/Contents/Resources/Java/hardware/tools/gcc-arm-none-eabi-4.8.3-2014q1/bin/../lib/gcc/arm-none-eabi/4.8.3/../../../../arm-none-eabi/lib/armv7-m/libc.a(lib_a-init.o)
                0x0000000000082ab0                __libc_init_array
 .text.iprintf  0x0000000000082b00       0x28 /Applications/Arduino.app/Contents/Resources/Java/hardware/tools/gcc-arm-none-eabi-4.8.3-2014q1/bin/../lib/gcc/arm-none-eabi/4.8.3/../../../../arm-none-eabi/lib/armv7-m/libc.a(lib_a-iprintf.o)
                0x0000000000082b00                iprintf
 .text.malloc   0x0000000000082b28       0x10 /Applications/Arduino.app/Contents/Resources/Java/hardware/tools/gcc-arm-none-eabi-4.8.3-2014q1/bin/../lib/gcc/arm-none-eabi/4.8.3/../../../../arm-none-eabi/lib/armv7-m/libc.a(lib_a-malloc.o)
                0x0000000000082b28                malloc
 .text._malloc_r
                0x0000000000082b38      0x538 /Applications/Arduino.app/Contents/Resources/Java/hardware/tools/gcc-arm-none-eabi-4.8.3-2014q1/bin/../lib/gcc/arm-none-eabi/4.8.3/../../../../arm-none-eabi/lib/armv7-m/libc.a(lib_a-mallocr.o)
                0x0000000000082b38                _malloc_r
 .text.memset   0x0000000000083070       0x94 /Applications/Arduino.app/Contents/Resources/Java/hardware/tools/gcc-arm-none-eabi-4.8.3-2014q1/bin/../lib/gcc/arm-none-eabi/4.8.3/../../../../arm-none-eabi/lib/armv7-m/libc.a(lib_a-memset.o)
                0x0000000000083070                memset
 .text.__malloc_lock
                0x0000000000083104        0x4 /Applications/Arduino.app/Contents/Resources/Java/hardware/tools/gcc-arm-none-eabi-4.8.3-2014q1/bin/../lib/gcc/arm-none-eabi/4.8.3/../../../../arm-none-eabi/lib/armv7-m/libc.a(lib_a-mlock.o)
                0x0000000000083104                __malloc_lock
 .text.__malloc_unlock
                0x0000000000083108        0x4 /Applications/Arduino.app/Contents/Resources/Java/hardware/tools/gcc-arm-none-eabi-4.8.3-2014q1/bin/../lib/gcc/arm-none-eabi/4.8.3/../../../../arm-none-eabi/lib/armv7-m/libc.a(lib_a-mlock.o)
                0x0000000000083108                __malloc_unlock
 .text._sbrk_r  0x000000000008310c       0x24 /Applications/Arduino.app/Contents/Resources/Java/hardware/tools/gcc-arm-none-eabi-4.8.3-2014q1/bin/../lib/gcc/arm-none-eabi/4.8.3/../../../../arm-none-eabi/lib/armv7-m/libc.a(lib_a-sbrkr.o)
                0x000000000008310c                _sbrk_r
 .text.strlen   0x0000000000083130       0x60 /Applications/Arduino.app/Contents/Resources/Java/hardware/tools/gcc-arm-none-eabi-4.8.3-2014q1/bin/../lib/gcc/arm-none-eabi/4.8.3/../../../../arm-none-eabi/lib/armv7-m/libc.a(lib_a-strlen.o)
                0x0000000000083130                strlen
 .text.__sprint_r.part.0
                0x0000000000083190       0x78 /Applications/Arduino.app/Contents/Resources/Java/hardware/tools/gcc-arm-none-eabi-4.8.3-2014q1/bin/../lib/gcc/arm-none-eabi/4.8.3/../../../../arm-none-eabi/lib/armv7-m/libc.a(lib_a-vfiprintf.o)
 .text._vfiprintf_r
                0x0000000000083208      0xc54 /Applications/Arduino.app/Contents/Resources/Java/hardware/tools/gcc-arm-none-eabi-4.8.3-2014q1/bin/../lib/gcc/arm-none-eabi/4.8.3/../../../../arm-none-eabi/lib/armv7-m/libc.a(lib_a-vfiprintf.o)
                0x0000000000083208                _vfiprintf_r
 .text.__sbprintf
                0x0000000000083e5c       0x7c /Applications/Arduino.app/Contents/Resources/Java/hardware/tools/gcc-arm-none-eabi-4.8.3-2014q1/bin/../lib/gcc/arm-none-eabi/4.8.3/../../../../arm-none-eabi/lib/armv7-m/libc.a(lib_a-vfiprintf.o)
 .text.__swsetup_r
                0x0000000000083ed8       0xc4 /Applications/Arduino.app/Contents/Resources/Java/hardware/tools/gcc-arm-none-eabi-4.8.3-2014q1/bin/../lib/gcc/arm-none-eabi/4.8.3/../../../../arm-none-eabi/lib/armv7-m/libc.a(lib_a-wsetup.o)
                0x0000000000083ed8                __swsetup_r
 .text.startup.register_fini
                0x0000000000083f9c       0x14 /Applications/Arduino.app/Contents/Resources/Java/hardware/tools/gcc-arm-none-eabi-4.8.3-2014q1/bin/../lib/gcc/arm-none-eabi/4.8.3/../../../../arm-none-eabi/lib/armv7-m/libc.a(lib_a-__call_atexit.o)
 .text.abort    0x0000000000083fb0       0x10 /Applications/Arduino.app/Contents/Resources/Java/hardware/tools/gcc-arm-none-eabi-4.8.3-2014q1/bin/../lib/gcc/arm-none-eabi/4.8.3/../../../../arm-none-eabi/lib/armv7-m/libc.a(lib_a-abort.o)
                0x0000000000083fb0                abort
 .text.atexit   0x0000000000083fc0        0xc /Applications/Arduino.app/Contents/Resources/Java/hardware/tools/gcc-arm-none-eabi-4.8.3-2014q1/bin/../lib/gcc/arm-none-eabi/4.8.3/../../../../arm-none-eabi/lib/armv7-m/libc.a(lib_a-atexit.o)
                0x0000000000083fc0                atexit
 .text.__sflush_r
                0x0000000000083fcc      0x148 /Applications/Arduino.app/Contents/Resources/Java/hardware/tools/gcc-arm-none-eabi-4.8.3-2014q1/bin/../lib/gcc/arm-none-eabi/4.8.3/../../../../arm-none-eabi/lib/armv7-m/libc.a(lib_a-fflush.o)
                0x0000000000083fcc                __sflush_r
 .text._fflush_r
                0x0000000000084114       0x2c /Applications/Arduino.app/Contents/Resources/Java/hardware/tools/gcc-arm-none-eabi-4.8.3-2014q1/bin/../lib/gcc/arm-none-eabi/4.8.3/../../../../arm-none-eabi/lib/armv7-m/libc.a(lib_a-fflush.o)
                0x0000000000084114                _fflush_r
 .text._cleanup_r
                0x0000000000084140        0xc /Applications/Arduino.app/Contents/Resources/Java/hardware/tools/gcc-arm-none-eabi-4.8.3-2014q1/bin/../lib/gcc/arm-none-eabi/4.8.3/../../../../arm-none-eabi/lib/armv7-m/libc.a(lib_a-findfp.o)
                0x0000000000084140                _cleanup_r
 .text.__sinit  0x000000000008414c       0xf4 /Applications/Arduino.app/Contents/Resources/Java/hardware/tools/gcc-arm-none-eabi-4.8.3-2014q1/bin/../lib/gcc/arm-none-eabi/4.8.3/../../../../arm-none-eabi/lib/armv7-m/libc.a(lib_a-findfp.o)
                0x000000000008414c                __sinit
 .text.__sfp_lock_acquire
                0x0000000000084240        0x4 /Applications/Arduino.app/Contents/Resources/Java/hardware/tools/gcc-arm-none-eabi-4.8.3-2014q1/bin/../lib/gcc/arm-none-eabi/4.8.3/../../../../arm-none-eabi/lib/armv7-m/libc.a(lib_a-findfp.o)
                0x0000000000084240                __sfp_lock_acquire
 .text.__sfp_lock_release
                0x0000000000084244        0x4 /Applications/Arduino.app/Contents/Resources/Java/hardware/tools/gcc-arm-none-eabi-4.8.3-2014q1/bin/../lib/gcc/arm-none-eabi/4.8.3/../../../../arm-none-eabi/lib/armv7-m/libc.a(lib_a-findfp.o)
                0x0000000000084244                __sfp_lock_release
 .text.__libc_fini_array
                0x0000000000084248       0x30 /Applications/Arduino.app/Contents/Resources/Java/hardware/tools/gcc-arm-none-eabi-4.8.3-2014q1/bin/../lib/gcc/arm-none-eabi/4.8.3/../../../../arm-none-eabi/lib/armv7-m/libc.a(lib_a-fini.o)
                0x0000000000084248                __libc_fini_array
 .text._fputwc_r
                0x0000000000084278       0xc0 /Applications/Arduino.app/Contents/Resources/Java/hardware/tools/gcc-arm-none-eabi-4.8.3-2014q1/bin/../lib/gcc/arm-none-eabi/4.8.3/../../../../arm-none-eabi/lib/armv7-m/libc.a(lib_a-fputwc.o)
                0x0000000000084278                _fputwc_r
 .text._malloc_trim_r
                0x0000000000084338       0x9c /Applications/Arduino.app/Contents/Resources/Java/hardware/tools/gcc-arm-none-eabi-4.8.3-2014q1/bin/../lib/gcc/arm-none-eabi/4.8.3/../../../../arm-none-eabi/lib/armv7-m/libc.a(lib_a-freer.o)
                0x0000000000084338                _malloc_trim_r
 .text._free_r  0x00000000000843d4      0x198 /Applications/Arduino.app/Contents/Resources/Java/hardware/tools/gcc-arm-none-eabi-4.8.3-2014q1/bin/../lib/gcc/arm-none-eabi/4.8.3/../../../../arm-none-eabi/lib/armv7-m/libc.a(lib_a-freer.o)
                0x00000000000843d4                _free_r
 .text.__sfvwrite_r
                0x000000000008456c      0x314 /Applications/Arduino.app/Contents/Resources/Java/hardware/tools/gcc-arm-none-eabi-4.8.3-2014q1/bin/../lib/gcc/arm-none-eabi/4.8.3/../../../../arm-none-eabi/lib/armv7-m/libc.a(lib_a-fvwrite.o)
                0x000000000008456c                __sfvwrite_r
 .text._fwalk   0x0000000000084880       0x48 /Applications/Arduino.app/Contents/Resources/Java/hardware/tools/gcc-arm-none-eabi-4.8.3-2014q1/bin/../lib/gcc/arm-none-eabi/4.8.3/../../../../arm-none-eabi/lib/armv7-m/libc.a(lib_a-fwalk.o)
                0x0000000000084880                _fwalk
 .text.__locale_charset
                0x00000000000848c8        0x8 /Applications/Arduino.app/Contents/Resources/Java/hardware/tools/gcc-arm-none-eabi-4.8.3-2014q1/bin/../lib/gcc/arm-none-eabi/4.8.3/../../../../arm-none-eabi/lib/armv7-m/libc.a(lib_a-locale.o)
                0x00000000000848c8                __locale_charset
 .text.__locale_mb_cur_max
                0x00000000000848d0        0xc /Applications/Arduino.app/Contents/Resources/Java/hardware/tools/gcc-arm-none-eabi-4.8.3-2014q1/bin/../lib/gcc/arm-none-eabi/4.8.3/../../../../arm-none-eabi/lib/armv7-m/libc.a(lib_a-locale.o)
                0x00000000000848d0                __locale_mb_cur_max
 .text.__smakebuf_r
                0x00000000000848dc       0xe0 /Applications/Arduino.app/Contents/Resources/Java/hardware/tools/gcc-arm-none-eabi-4.8.3-2014q1/bin/../lib/gcc/arm-none-eabi/4.8.3/../../../../arm-none-eabi/lib/armv7-m/libc.a(lib_a-makebuf.o)
                0x00000000000848dc                __smakebuf_r
 .text.memchr   0x00000000000849bc       0x94 /Applications/Arduino.app/Contents/Resources/Java/hardware/tools/gcc-arm-none-eabi-4.8.3-2014q1/bin/../lib/gcc/arm-none-eabi/4.8.3/../../../../arm-none-eabi/lib/armv7-m/libc.a(lib_a-memchr-stub.o)
                0x00000000000849bc                memchr
 .text          0x0000000000084a50       0xec /Applications/Arduino.app/Contents/Resources/Java/hardware/tools/gcc-arm-none-eabi-4.8.3-2014q1/bin/../lib/gcc/arm-none-eabi/4.8.3/../../../../arm-none-eabi/lib/armv7-m/libc.a(lib_a-memcpy.o)
                0x0000000000084a50                memcpy
 .text.memmove  0x0000000000084b3c       0xcc /Applications/Arduino.app/Contents/Resources/Java/hardware/tools/gcc-arm-none-eabi-4.8.3-2014q1/bin/../lib/gcc/arm-none-eabi/4.8.3/../../../../arm-none-eabi/lib/armv7-m/libc.a(lib_a-memmove.o)
                0x0000000000084b3c                memmove
 .text._realloc_r
                0x0000000000084c08      0x3c0 /Applications/Arduino.app/Contents/Resources/Java/hardware/tools/gcc-arm-none-eabi-4.8.3-2014q1/bin/../lib/gcc/arm-none-eabi/4.8.3/../../../../arm-none-eabi/lib/armv7-m/libc.a(lib_a-reallocr.o)
                0x0000000000084c08                _realloc_r
 .text._raise_r
                0x0000000000084fc8       0x58 /Applications/Arduino.app/Contents/Resources/Java/hardware/tools/gcc-arm-none-eabi-4.8.3-2014q1/bin/../lib/gcc/arm-none-eabi/4.8.3/../../../../arm-none-eabi/lib/armv7-m/libc.a(lib_a-signal.o)
                0x0000000000084fc8                _raise_r
 .text.raise    0x0000000000085020       0x10 /Applications/Arduino.app/Contents/Resources/Java/hardware/tools/gcc-arm-none-eabi-4.8.3-2014q1/bin/../lib/gcc/arm-none-eabi/4.8.3/../../../../arm-none-eabi/lib/armv7-m/libc.a(lib_a-signal.o)
                0x0000000000085020                raise
 .text._kill_r  0x0000000000085030       0x28 /Applications/Arduino.app/Contents/Resources/Java/hardware/tools/gcc-arm-none-eabi-4.8.3-2014q1/bin/../lib/gcc/arm-none-eabi/4.8.3/../../../../arm-none-eabi/lib/armv7-m/libc.a(lib_a-signalr.o)
                0x0000000000085030                _kill_r
 .text._getpid_r
                0x0000000000085058        0x4 /Applications/Arduino.app/Contents/Resources/Java/hardware/tools/gcc-arm-none-eabi-4.8.3-2014q1/bin/../lib/gcc/arm-none-eabi/4.8.3/../../../../arm-none-eabi/lib/armv7-m/libc.a(lib_a-signalr.o)
                0x0000000000085058                _getpid_r
 .text.__sread  0x000000000008505c       0x24 /Applications/Arduino.app/Contents/Resources/Java/hardware/tools/gcc-arm-none-eabi-4.8.3-2014q1/bin/../lib/gcc/arm-none-eabi/4.8.3/../../../../arm-none-eabi/lib/armv7-m/libc.a(lib_a-stdio.o)
                0x000000000008505c                __sread
 .text.__swrite
                0x0000000000085080       0x38 /Applications/Arduino.app/Contents/Resources/Java/hardware/tools/gcc-arm-none-eabi-4.8.3-2014q1/bin/../lib/gcc/arm-none-eabi/4.8.3/../../../../arm-none-eabi/lib/armv7-m/libc.a(lib_a-stdio.o)
                0x0000000000085080                __swrite
 .text.__sseek  0x00000000000850b8       0x20 /Applications/Arduino.app/Contents/Resources/Java/hardware/tools/gcc-arm-none-eabi-4.8.3-2014q1/bin/../lib/gcc/arm-none-eabi/4.8.3/../../../../arm-none-eabi/lib/armv7-m/libc.a(lib_a-stdio.o)
                0x00000000000850b8                __sseek
 .text.__sclose
                0x00000000000850d8        0x8 /Applications/Arduino.app/Contents/Resources/Java/hardware/tools/gcc-arm-none-eabi-4.8.3-2014q1/bin/../lib/gcc/arm-none-eabi/4.8.3/../../../../arm-none-eabi/lib/armv7-m/libc.a(lib_a-stdio.o)
                0x00000000000850d8                __sclose
 .text.__swbuf_r
                0x00000000000850e0       0xa8 /Applications/Arduino.app/Contents/Resources/Java/hardware/tools/gcc-arm-none-eabi-4.8.3-2014q1/bin/../lib/gcc/arm-none-eabi/4.8.3/../../../../arm-none-eabi/lib/armv7-m/libc.a(lib_a-wbuf.o)
                0x00000000000850e0                __swbuf_r
 .text._wcrtomb_r
                0x0000000000085188       0x50 /Applications/Arduino.app/Contents/Resources/Java/hardware/tools/gcc-arm-none-eabi-4.8.3-2014q1/bin/../lib/gcc/arm-none-eabi/4.8.3/../../../../arm-none-eabi/lib/armv7-m/libc.a(lib_a-wcrtomb.o)
                0x0000000000085188                _wcrtomb_r
 .text.__ascii_wctomb
                0x00000000000851d8       0x1c /Applications/Arduino.app/Contents/Resources/Java/hardware/tools/gcc-arm-none-eabi-4.8.3-2014q1/bin/../lib/gcc/arm-none-eabi/4.8.3/../../../../arm-none-eabi/lib/armv7-m/libc.a(lib_a-wctomb_r.o)
                0x00000000000851d8                __ascii_wctomb
 .text._write_r
                0x00000000000851f4       0x28 /Applications/Arduino.app/Contents/Resources/Java/hardware/tools/gcc-arm-none-eabi-4.8.3-2014q1/bin/../lib/gcc/arm-none-eabi/4.8.3/../../../../arm-none-eabi/lib/armv7-m/libc.a(lib_a-writer.o)
                0x00000000000851f4                _write_r
 .text.__register_exitproc
                0x000000000008521c       0xa8 /Applications/Arduino.app/Contents/Resources/Java/hardware/tools/gcc-arm-none-eabi-4.8.3-2014q1/bin/../lib/gcc/arm-none-eabi/4.8.3/../../../../arm-none-eabi/lib/armv7-m/libc.a(lib_a-__atexit.o)
                0x000000000008521c                __register_exitproc
 .text._close_r
                0x00000000000852c4       0x24 /Applications/Arduino.app/Contents/Resources/Java/hardware/tools/gcc-arm-none-eabi-4.8.3-2014q1/bin/../lib/gcc/arm-none-eabi/4.8.3/../../../../arm-none-eabi/lib/armv7-m/libc.a(lib_a-closer.o)
                0x00000000000852c4                _close_r
 .text._fclose_r
                0x00000000000852e8       0x80 /Applications/Arduino.app/Contents/Resources/Java/hardware/tools/gcc-arm-none-eabi-4.8.3-2014q1/bin/../lib/gcc/arm-none-eabi/4.8.3/../../../../arm-none-eabi/lib/armv7-m/libc.a(lib_a-fclose.o)
                0x00000000000852e8                _fclose_r
 .text.fclose   0x0000000000085368       0x10 /Applications/Arduino.app/Contents/Resources/Java/hardware/tools/gcc-arm-none-eabi-4.8.3-2014q1/bin/../lib/gcc/arm-none-eabi/4.8.3/../../../../arm-none-eabi/lib/armv7-m/libc.a(lib_a-fclose.o)
                0x0000000000085368                fclose
 .text._fstat_r
                0x0000000000085378       0x28 /Applications/Arduino.app/Contents/Resources/Java/hardware/tools/gcc-arm-none-eabi-4.8.3-2014q1/bin/../lib/gcc/arm-none-eabi/4.8.3/../../../../arm-none-eabi/lib/armv7-m/libc.a(lib_a-fstatr.o)
                0x0000000000085378                _fstat_r
 .text._isatty_r
                0x00000000000853a0       0x24 /Applications/Arduino.app/Contents/Resources/Java/hardware/tools/gcc-arm-none-eabi-4.8.3-2014q1/bin/../lib/gcc/arm-none-eabi/4.8.3/../../../../arm-none-eabi/lib/armv7-m/libc.a(lib_a-isattyr.o)
                0x00000000000853a0                _isatty_r
 .text._lseek_r
                0x00000000000853c4       0x28 /Applications/Arduino.app/Contents/Resources/Java/hardware/tools/gcc-arm-none-eabi-4.8.3-2014q1/bin/../lib/gcc/arm-none-eabi/4.8.3/../../../../arm-none-eabi/lib/armv7-m/libc.a(lib_a-lseekr.o)
                0x00000000000853c4                _lseek_r
 .text._read_r  0x00000000000853ec       0x28 /Applications/Arduino.app/Contents/Resources/Java/hardware/tools/gcc-arm-none-eabi-4.8.3-2014q1/bin/../lib/gcc/arm-none-eabi/4.8.3/../../../../arm-none-eabi/lib/armv7-m/libc.a(lib_a-readr.o)
                0x00000000000853ec                _read_r
 .text          0x0000000000085414       0x2c /Applications/Arduino.app/Contents/Resources/Java/hardware/tools/gcc-arm-none-eabi-4.8.3-2014q1/bin/../lib/gcc/arm-none-eabi/4.8.3/armv7-m/libgcc.a(_aeabi_uldivmod.o)
                0x0000000000085414                __aeabi_uldivmod
 .text          0x0000000000085440       0x60 /Applications/Arduino.app/Contents/Resources/Java/hardware/tools/gcc-arm-none-eabi-4.8.3-2014q1/bin/../lib/gcc/arm-none-eabi/4.8.3/armv7-m/libgcc.a(bpabi.o)
                0x0000000000085440                __gnu_ldivmod_helper
                0x0000000000085470                __gnu_uldivmod_helper
 .text          0x00000000000854a0        0x4 /Applications/Arduino.app/Contents/Resources/Java/hardware/tools/gcc-arm-none-eabi-4.8.3-2014q1/bin/../lib/gcc/arm-none-eabi/4.8.3/armv7-m/libgcc.a(_dvmd_tls.o)
                0x00000000000854a0                __aeabi_ldiv0
                0x00000000000854a0                __aeabi_idiv0
 .text          0x00000000000854a4      0x2a0 /Applications/Arduino.app/Contents/Resources/Java/hardware/tools/gcc-arm-none-eabi-4.8.3-2014q1/bin/../lib/gcc/arm-none-eabi/4.8.3/armv7-m/libgcc.a(_divdi3.o)
                0x00000000000854a4                __divdi3
 .text          0x0000000000085744      0x290 /Applications/Arduino.app/Contents/Resources/Java/hardware/tools/gcc-arm-none-eabi-4.8.3-2014q1/bin/../lib/gcc/arm-none-eabi/4.8.3/armv7-m/libgcc.a(_udivdi3.o)
                0x0000000000085744                __udivdi3
 *(.glue_7t)
 .glue_7t       0x0000000000000000        0x0 linker stubs
 *(.glue_7)
 .glue_7        0x0000000000000000        0x0 linker stubs
 *(.rodata .rodata* .gnu.linkonce.r.*)
 .rodata.g_APinDescription
                0x00000000000859d4      0xa2c Builds/variant.cpp.o
                0x00000000000859d4                g_APinDescription
 .rodata.str1.1
                0x0000000000086400       0x19 Builds/syscalls_sam3.c.o
 *fill*         0x0000000000086419        0x3 
 .rodata.C.0.8146
                0x000000000008641c       0x40 /Applications/Arduino.app/Contents/Resources/Java/hardware/arduino/sam/variants/arduino_due_x/libsam_sam3x8e_gcc_rel.a(adc.o)
 *fill*         0x000000000008645c        0x4 
 .rodata._ZTV9UARTClass
                0x0000000000086460       0x30 Builds/embeddedcomputing.a(UARTClass.cpp.o)
                0x0000000000086460                vtable for UARTClass
 .rodata._ZTV10USARTClass
                0x0000000000086490       0x30 Builds/embeddedcomputing.a(USARTClass.cpp.o)
                0x0000000000086490                vtable for USARTClass
 .rodata.STRING_PRODUCT
                0x00000000000864c0        0xc Builds/embeddedcomputing.a(USBCore.cpp.o)
                0x00000000000864c0                STRING_PRODUCT
 .rodata.USB_DeviceDescriptor
                0x00000000000864cc       0x12 Builds/embeddedcomputing.a(USBCore.cpp.o)
                0x00000000000864cc                USB_DeviceDescriptor
 *fill*         0x00000000000864de        0x2 
 .rodata._ZL9EndPoints
                0x00000000000864e0       0x14 Builds/embeddedcomputing.a(USBCore.cpp.o)
 .rodata.STRING_LANGUAGE
                0x00000000000864f4        0x4 Builds/embeddedcomputing.a(USBCore.cpp.o)
                0x00000000000864f4                STRING_LANGUAGE
 .rodata._ZL18test_packet_buffer
                0x00000000000864f8       0x35 Builds/embeddedcomputing.a(USBCore.cpp.o)
 .rodata.STRING_MANUFACTURER
                0x000000000008652d        0xc Builds/embeddedcomputing.a(USBCore.cpp.o)
                0x000000000008652d                STRING_MANUFACTURER
 .rodata.USB_DeviceDescriptorA
                0x0000000000086539       0x12 Builds/embeddedcomputing.a(USBCore.cpp.o)
                0x0000000000086539                USB_DeviceDescriptorA
 .rodata._ZL19USB_DeviceQualifier
                0x000000000008654b       0x12 Builds/embeddedcomputing.a(USBCore.cpp.o)
 *fill*         0x000000000008655d        0x3 
 .rodata._ZTV7Serial_
                0x0000000000086560       0x28 Builds/embeddedcomputing.a(CDC.cpp.o)
                0x0000000000086560                vtable for Serial_
 .rodata._ZL18_cdcOtherInterface
                0x0000000000086588       0x42 Builds/embeddedcomputing.a(CDC.cpp.o)
 .rodata._ZL13_cdcInterface
                0x00000000000865ca       0x42 Builds/embeddedcomputing.a(CDC.cpp.o)
 *fill*         0x000000000008660c        0x4 
 .rodata._ZTV9Keyboard_
                0x0000000000086610       0x20 Builds/embeddedcomputing.a(HID.cpp.o)
                0x0000000000086610                vtable for Keyboard_
 .rodata._asciimap
                0x0000000000086630       0x80 Builds/embeddedcomputing.a(HID.cpp.o)
                0x0000000000086630                _asciimap
 .rodata._hidInterface
                0x00000000000866b0       0x19 Builds/embeddedcomputing.a(HID.cpp.o)
                0x00000000000866b0                _hidInterface
 .rodata._hidReportDescriptor
                0x00000000000866c9       0x65 Builds/embeddedcomputing.a(HID.cpp.o)
                0x00000000000866c9                _hidReportDescriptor
 .rodata.str1.1
                0x000000000008672e       0x54 /Applications/Arduino.app/Contents/Resources/Java/hardware/arduino/sam/variants/arduino_due_x/libsam_sam3x8e_gcc_rel.a(tc.o)
 .rodata.__func__.6634
                0x0000000000086782        0xd /Applications/Arduino.app/Contents/Resources/Java/hardware/arduino/sam/variants/arduino_due_x/libsam_sam3x8e_gcc_rel.a(tc.o)
 .rodata.__func__.6640
                0x000000000008678f        0x9 /Applications/Arduino.app/Contents/Resources/Java/hardware/arduino/sam/variants/arduino_due_x/libsam_sam3x8e_gcc_rel.a(tc.o)
 .rodata.__func__.6646
                0x0000000000086798        0x8 /Applications/Arduino.app/Contents/Resources/Java/hardware/arduino/sam/variants/arduino_due_x/libsam_sam3x8e_gcc_rel.a(tc.o)
 .rodata.str1.4
                0x00000000000867a0        0x5 /Applications/Arduino.app/Contents/Resources/Java/hardware/tools/gcc-arm-none-eabi-4.8.3-2014q1/bin/../lib/gcc/arm-none-eabi/4.8.3/../../../../arm-none-eabi/lib/armv7-m/libm.a(lib_a-w_sqrt.o)
                                          0x8 (size before relaxing)
 *fill*         0x00000000000867a5        0x3 
 .rodata.str1.4
                0x00000000000867a8       0x3f /Applications/Arduino.app/Contents/Resources/Java/hardware/tools/gcc-arm-none-eabi-4.8.3-2014q1/bin/../lib/gcc/arm-none-eabi/4.8.3/../../../../arm-none-eabi/lib/armv7-m/libc.a(lib_a-assert.o)
                                         0x44 (size before relaxing)
 *fill*         0x00000000000867e7        0x1 
 .rodata.str1.4
                0x00000000000867e8        0x2 /Applications/Arduino.app/Contents/Resources/Java/hardware/tools/gcc-arm-none-eabi-4.8.3-2014q1/bin/../lib/gcc/arm-none-eabi/4.8.3/../../../../arm-none-eabi/lib/armv7-m/libc.a(lib_a-impure.o)
                                          0x4 (size before relaxing)
 *fill*         0x00000000000867ea        0x2 
 .rodata._global_impure_ptr
                0x00000000000867ec        0x4 /Applications/Arduino.app/Contents/Resources/Java/hardware/tools/gcc-arm-none-eabi-4.8.3-2014q1/bin/../lib/gcc/arm-none-eabi/4.8.3/../../../../arm-none-eabi/lib/armv7-m/libc.a(lib_a-impure.o)
                0x00000000000867ec                _global_impure_ptr
 .rodata.blanks.6717
                0x00000000000867f0       0x10 /Applications/Arduino.app/Contents/Resources/Java/hardware/tools/gcc-arm-none-eabi-4.8.3-2014q1/bin/../lib/gcc/arm-none-eabi/4.8.3/../../../../arm-none-eabi/lib/armv7-m/libc.a(lib_a-vfiprintf.o)
 .rodata.str1.4
                0x0000000000086800       0x30 /Applications/Arduino.app/Contents/Resources/Java/hardware/tools/gcc-arm-none-eabi-4.8.3-2014q1/bin/../lib/gcc/arm-none-eabi/4.8.3/../../../../arm-none-eabi/lib/armv7-m/libc.a(lib_a-vfiprintf.o)
 .rodata.zeroes.6718
                0x0000000000086830       0x10 /Applications/Arduino.app/Contents/Resources/Java/hardware/tools/gcc-arm-none-eabi-4.8.3-2014q1/bin/../lib/gcc/arm-none-eabi/4.8.3/../../../../arm-none-eabi/lib/armv7-m/libc.a(lib_a-vfiprintf.o)
 *(.ARM.extab* .gnu.linkonce.armextab.*)
                0x0000000000086840                . = ALIGN (0x4)
 *(.init)
 .init          0x0000000000086840        0x4 /Applications/Arduino.app/Contents/Resources/Java/hardware/tools/gcc-arm-none-eabi-4.8.3-2014q1/bin/../lib/gcc/arm-none-eabi/4.8.3/armv7-m/crti.o
                0x0000000000086840                _init
 .init          0x0000000000086844        0x8 /Applications/Arduino.app/Contents/Resources/Java/hardware/tools/gcc-arm-none-eabi-4.8.3-2014q1/bin/../lib/gcc/arm-none-eabi/4.8.3/armv7-m/crtn.o
                0x000000000008684c                . = ALIGN (0x4)
                0x000000000008684c                __preinit_array_start = .
 *(.preinit_array)
                0x000000000008684c                __preinit_array_end = .
                0x000000000008684c                . = ALIGN (0x4)
                0x000000000008684c                __init_array_start = .
 *(SORT(.init_array.*))
 .init_array.00000
                0x000000000008684c        0x4 /Applications/Arduino.app/Contents/Resources/Java/hardware/tools/gcc-arm-none-eabi-4.8.3-2014q1/bin/../lib/gcc/arm-none-eabi/4.8.3/../../../../arm-none-eabi/lib/armv7-m/libc.a(lib_a-__call_atexit.o)
 *(.init_array)
 .init_array    0x0000000000086850        0x4 /Applications/Arduino.app/Contents/Resources/Java/hardware/tools/gcc-arm-none-eabi-4.8.3-2014q1/bin/../lib/gcc/arm-none-eabi/4.8.3/armv7-m/crtbegin.o
 .init_array    0x0000000000086854        0x4 Builds/variant.cpp.o
 .init_array    0x0000000000086858        0x4 Builds/embeddedcomputing.a(USBCore.cpp.o)
 .init_array    0x000000000008685c        0x4 Builds/embeddedcomputing.a(CDC.cpp.o)
 .init_array    0x0000000000086860        0x4 Builds/embeddedcomputing.a(HID.cpp.o)
                0x0000000000086864                __init_array_end = .
                0x0000000000086864                . = ALIGN (0x4)
 *crtbegin.o(.ctors)
 *(EXCLUDE_FILE(*crtend.o) .ctors)
 *(SORT(.ctors.*))
 *crtend.o(.ctors)
                0x0000000000086864                . = ALIGN (0x4)
 *(.fini)
 .fini          0x0000000000086864        0x4 /Applications/Arduino.app/Contents/Resources/Java/hardware/tools/gcc-arm-none-eabi-4.8.3-2014q1/bin/../lib/gcc/arm-none-eabi/4.8.3/armv7-m/crti.o
                0x0000000000086864                _fini
 .fini          0x0000000000086868        0x8 /Applications/Arduino.app/Contents/Resources/Java/hardware/tools/gcc-arm-none-eabi-4.8.3-2014q1/bin/../lib/gcc/arm-none-eabi/4.8.3/armv7-m/crtn.o
                0x0000000000086870                . = ALIGN (0x4)
                0x0000000000086870                __fini_array_start = .
 *(.fini_array)
 .fini_array    0x0000000000086870        0x4 /Applications/Arduino.app/Contents/Resources/Java/hardware/tools/gcc-arm-none-eabi-4.8.3-2014q1/bin/../lib/gcc/arm-none-eabi/4.8.3/armv7-m/crtbegin.o
 *(SORT(.fini_array.*))
                0x0000000000086874                __fini_array_end = .
 *crtbegin.o(.dtors)
 *(EXCLUDE_FILE(*crtend.o) .dtors)
 *(SORT(.dtors.*))
 *crtend.o(.dtors)
                0x0000000000086874                . = ALIGN (0x4)
                0x0000000000086874                _efixed = .
                0x0000000000086874                PROVIDE (__exidx_start, .)

.vfp11_veneer   0x0000000000086874        0x0
 .vfp11_veneer  0x0000000000000000        0x0 linker stubs

.v4_bx          0x0000000000086874        0x0
 .v4_bx         0x0000000000000000        0x0 linker stubs

.iplt           0x0000000000086874        0x0
 .iplt          0x0000000000000000        0x0 /Applications/Arduino.app/Contents/Resources/Java/hardware/tools/gcc-arm-none-eabi-4.8.3-2014q1/bin/../lib/gcc/arm-none-eabi/4.8.3/armv7-m/crtbegin.o

.ARM.exidx      0x0000000000086874        0x8
 *(.ARM.exidx* .gnu.linkonce.armexidx.*)
 .ARM.exidx     0x0000000000086874        0x8 /Applications/Arduino.app/Contents/Resources/Java/hardware/tools/gcc-arm-none-eabi-4.8.3-2014q1/bin/../lib/gcc/arm-none-eabi/4.8.3/armv7-m/libgcc.a(_divdi3.o)
 .ARM.exidx     0x000000000008687c        0x0 /Applications/Arduino.app/Contents/Resources/Java/hardware/tools/gcc-arm-none-eabi-4.8.3-2014q1/bin/../lib/gcc/arm-none-eabi/4.8.3/armv7-m/libgcc.a(_udivdi3.o)
                                          0x8 (size before relaxing)
                0x000000000008687c                PROVIDE (__exidx_end, .)

.eh_frame       0x000000000008687c        0x0
 .eh_frame      0x000000000008687c        0x0 /Applications/Arduino.app/Contents/Resources/Java/hardware/tools/gcc-arm-none-eabi-4.8.3-2014q1/bin/../lib/gcc/arm-none-eabi/4.8.3/armv7-m/crtbegin.o

.rel.dyn        0x000000000008687c        0x0
 .rel.iplt      0x0000000000000000        0x0 /Applications/Arduino.app/Contents/Resources/Java/hardware/tools/gcc-arm-none-eabi-4.8.3-2014q1/bin/../lib/gcc/arm-none-eabi/4.8.3/armv7-m/crtbegin.o

.jcr            0x000000000008687c        0x0
 .jcr           0x000000000008687c        0x0 /Applications/Arduino.app/Contents/Resources/Java/hardware/tools/gcc-arm-none-eabi-4.8.3-2014q1/bin/../lib/gcc/arm-none-eabi/4.8.3/armv7-m/crtbegin.o

.igot.plt       0x000000000008687c        0x0
 .igot.plt      0x0000000000000000        0x0 /Applications/Arduino.app/Contents/Resources/Java/hardware/tools/gcc-arm-none-eabi-4.8.3-2014q1/bin/../lib/gcc/arm-none-eabi/4.8.3/armv7-m/crtbegin.o
                0x000000000008687c                . = ALIGN (0x4)
                0x000000000008687c                _etext = .

.relocate       0x0000000020070000      0x8ac load address 0x000000000008687c
                0x0000000020070000                . = ALIGN (0x4)
                0x0000000020070000                _srelocate = .
 *(.ramfunc .ramfunc.*)
 .ramfunc       0x0000000020070000       0x2c Builds/embeddedcomputing.a(Reset.cpp.o)
                0x0000000020070000                banzai
 *(.data .data.*)
 .data.SystemCoreClock
                0x000000002007002c        0x4 /Applications/Arduino.app/Contents/Resources/Java/hardware/arduino/sam/variants/arduino_due_x/libsam_sam3x8e_gcc_rel.a(system_sam3xa.o)
                0x000000002007002c                SystemCoreClock
 .data._ZL5ticks
                0x0000000020070030        0x4 Builds/embeddedcomputing.a(Reset.cpp.o)
 .data._ZL12_usbLineInfo
                0x0000000020070034        0x8 Builds/embeddedcomputing.a(CDC.cpp.o)
 .data._hid_protocol
                0x000000002007003c        0x1 Builds/embeddedcomputing.a(HID.cpp.o)
                0x000000002007003c                _hid_protocol
 .data._hid_idle
                0x000000002007003d        0x1 Builds/embeddedcomputing.a(HID.cpp.o)
                0x000000002007003d                _hid_idle
 *fill*         0x000000002007003e        0x2 
 .data.g_interrupt_enabled
                0x0000000020070040        0x4 /Applications/Arduino.app/Contents/Resources/Java/hardware/arduino/sam/variants/arduino_due_x/libsam_sam3x8e_gcc_rel.a(interrupt_sam_nvic.o)
                0x0000000020070040                g_interrupt_enabled
 .data.__fdlib_version
                0x0000000020070044        0x1 /Applications/Arduino.app/Contents/Resources/Java/hardware/tools/gcc-arm-none-eabi-4.8.3-2014q1/bin/../lib/gcc/arm-none-eabi/4.8.3/../../../../arm-none-eabi/lib/armv7-m/libm.a(lib_a-s_lib_ver.o)
                0x0000000020070044                __fdlib_version
 *fill*         0x0000000020070045        0x3 
 .data.impure_data
                0x0000000020070048      0x428 /Applications/Arduino.app/Contents/Resources/Java/hardware/tools/gcc-arm-none-eabi-4.8.3-2014q1/bin/../lib/gcc/arm-none-eabi/4.8.3/../../../../arm-none-eabi/lib/armv7-m/libc.a(lib_a-impure.o)
 .data._impure_ptr
                0x0000000020070470        0x4 /Applications/Arduino.app/Contents/Resources/Java/hardware/tools/gcc-arm-none-eabi-4.8.3-2014q1/bin/../lib/gcc/arm-none-eabi/4.8.3/../../../../arm-none-eabi/lib/armv7-m/libc.a(lib_a-impure.o)
                0x0000000020070470                _impure_ptr
 .data.__malloc_av_
                0x0000000020070474      0x408 /Applications/Arduino.app/Contents/Resources/Java/hardware/tools/gcc-arm-none-eabi-4.8.3-2014q1/bin/../lib/gcc/arm-none-eabi/4.8.3/../../../../arm-none-eabi/lib/armv7-m/libc.a(lib_a-mallocr.o)
                0x0000000020070474                __malloc_av_
 .data.__malloc_trim_threshold
                0x000000002007087c        0x4 /Applications/Arduino.app/Contents/Resources/Java/hardware/tools/gcc-arm-none-eabi-4.8.3-2014q1/bin/../lib/gcc/arm-none-eabi/4.8.3/../../../../arm-none-eabi/lib/armv7-m/libc.a(lib_a-mallocr.o)
                0x000000002007087c                __malloc_trim_threshold
 .data.__malloc_sbrk_base
                0x0000000020070880        0x4 /Applications/Arduino.app/Contents/Resources/Java/hardware/tools/gcc-arm-none-eabi-4.8.3-2014q1/bin/../lib/gcc/arm-none-eabi/4.8.3/../../../../arm-none-eabi/lib/armv7-m/libc.a(lib_a-mallocr.o)
                0x0000000020070880                __malloc_sbrk_base
 .data.lc_ctype_charset
                0x0000000020070884       0x20 /Applications/Arduino.app/Contents/Resources/Java/hardware/tools/gcc-arm-none-eabi-4.8.3-2014q1/bin/../lib/gcc/arm-none-eabi/4.8.3/../../../../arm-none-eabi/lib/armv7-m/libc.a(lib_a-locale.o)
 .data.__mb_cur_max
                0x00000000200708a4        0x4 /Applications/Arduino.app/Contents/Resources/Java/hardware/tools/gcc-arm-none-eabi-4.8.3-2014q1/bin/../lib/gcc/arm-none-eabi/4.8.3/../../../../arm-none-eabi/lib/armv7-m/libc.a(lib_a-locale.o)
                0x00000000200708a4                __mb_cur_max
 .data.__wctomb
                0x00000000200708a8        0x4 /Applications/Arduino.app/Contents/Resources/Java/hardware/tools/gcc-arm-none-eabi-4.8.3-2014q1/bin/../lib/gcc/arm-none-eabi/4.8.3/../../../../arm-none-eabi/lib/armv7-m/libc.a(lib_a-wctomb_r.o)
                0x00000000200708a8                __wctomb
                0x00000000200708ac                . = ALIGN (0x4)
                0x00000000200708ac                _erelocate = .

.bss            0x00000000200708ac      0x70c load address 0x0000000000087128
                0x00000000200708ac                . = ALIGN (0x4)
                0x00000000200708ac                _sbss = .
                0x00000000200708ac                _szero = .
 *(.bss .bss.*)
 .bss           0x00000000200708ac       0x1c /Applications/Arduino.app/Contents/Resources/Java/hardware/tools/gcc-arm-none-eabi-4.8.3-2014q1/bin/../lib/gcc/arm-none-eabi/4.8.3/armv7-m/crtbegin.o
 .bss.Serial    0x00000000200708c8       0x20 Builds/variant.cpp.o
                0x00000000200708c8                Serial
 .bss.rx_buffer1
                0x00000000200708e8       0x48 Builds/variant.cpp.o
                0x00000000200708e8                rx_buffer1
 .bss.Serial1   0x0000000020070930       0x20 Builds/variant.cpp.o
                0x0000000020070930                Serial1
 .bss.Serial2   0x0000000020070950       0x20 Builds/variant.cpp.o
                0x0000000020070950                Serial2
 .bss.Serial3   0x0000000020070970       0x20 Builds/variant.cpp.o
                0x0000000020070970                Serial3
 .bss.rx_buffer2
                0x0000000020070990       0x48 Builds/variant.cpp.o
                0x0000000020070990                rx_buffer2
 .bss.rx_buffer3
                0x00000000200709d8       0x48 Builds/variant.cpp.o
                0x00000000200709d8                rx_buffer3
 .bss.rx_buffer4
                0x0000000020070a20       0x48 Builds/variant.cpp.o
                0x0000000020070a20                rx_buffer4
 .bss.heap.6416
                0x0000000020070a68        0x4 Builds/syscalls_sam3.c.o
 .bss.gpf_isr   0x0000000020070a6c        0x4 /Applications/Arduino.app/Contents/Resources/Java/hardware/arduino/sam/variants/arduino_due_x/libsam_sam3x8e_gcc_rel.a(uotghs.o)
                0x0000000020070a6c                gpf_isr
 .bss.APS_list  0x0000000020070a70        0x4 Builds/main.cpp.o
                0x0000000020070a70                APS_list
 .bss.endTime   0x0000000020070a74        0x4 Builds/main.cpp.o
                0x0000000020070a74                endTime
 .bss.APL_list  0x0000000020070a78        0x4 Builds/main.cpp.o
                0x0000000020070a78                APL_list
 .bss.f         0x0000000020070a7c        0x4 Builds/main.cpp.o
                0x0000000020070a7c                f
 .bss.startTime
                0x0000000020070a80        0x4 Builds/main.cpp.o
                0x0000000020070a80                startTime
 .bss._ZL14isEndpointHalt
                0x0000000020070a84        0x1 Builds/embeddedcomputing.a(USBCore.cpp.o)
 *fill*         0x0000000020070a85        0x3 
 .bss._cmark    0x0000000020070a88        0x4 Builds/embeddedcomputing.a(USBCore.cpp.o)
                0x0000000020070a88                _cmark
 .bss._cend     0x0000000020070a8c        0x4 Builds/embeddedcomputing.a(USBCore.cpp.o)
                0x0000000020070a8c                _cend
 .bss._cdcComposite
                0x0000000020070a90        0x4 Builds/embeddedcomputing.a(USBCore.cpp.o)
                0x0000000020070a90                _cdcComposite
 .bss._ZL21isRemoteWakeUpEnabled
                0x0000000020070a94        0x1 Builds/embeddedcomputing.a(USBCore.cpp.o)
 *fill*         0x0000000020070a95        0x3 
 .bss._usbInitialized
                0x0000000020070a98        0x4 Builds/embeddedcomputing.a(USBCore.cpp.o)
                0x0000000020070a98                _usbInitialized
 .bss.USBDevice
                0x0000000020070a9c        0x1 Builds/embeddedcomputing.a(USBCore.cpp.o)
                0x0000000020070a9c                USBDevice
 *fill*         0x0000000020070a9d        0x3 
 .bss._usbSetInterface
                0x0000000020070aa0        0x4 Builds/embeddedcomputing.a(USBCore.cpp.o)
                0x0000000020070aa0                _usbSetInterface
 .bss._usbConfiguration
                0x0000000020070aa4        0x4 Builds/embeddedcomputing.a(USBCore.cpp.o)
                0x0000000020070aa4                _usbConfiguration
 .bss.callbacksPioA
                0x0000000020070aa8       0x80 Builds/embeddedcomputing.a(WInterrupts.c.o)
 .bss.callbacksPioB
                0x0000000020070b28       0x80 Builds/embeddedcomputing.a(WInterrupts.c.o)
 .bss.callbacksPioC
                0x0000000020070ba8       0x80 Builds/embeddedcomputing.a(WInterrupts.c.o)
 .bss.callbacksPioD
                0x0000000020070c28       0x80 Builds/embeddedcomputing.a(WInterrupts.c.o)
 .bss.pinEnabled
                0x0000000020070ca8       0x4f Builds/embeddedcomputing.a(wiring_analog.c.o)
 *fill*         0x0000000020070cf7        0x1 
 .bss.cdc_rx_buffer
                0x0000000020070cf8      0x208 Builds/embeddedcomputing.a(CDC.cpp.o)
                0x0000000020070cf8                cdc_rx_buffer
 .bss._ZZN7Serial_6acceptEvE5guard
                0x0000000020070f00        0x4 Builds/embeddedcomputing.a(CDC.cpp.o)
 .bss.SerialUSB
                0x0000000020070f04       0x14 Builds/embeddedcomputing.a(CDC.cpp.o)
                0x0000000020070f04                SerialUSB
 .bss.Mouse     0x0000000020070f18        0x1 Builds/embeddedcomputing.a(HID.cpp.o)
                0x0000000020070f18                Mouse
 *fill*         0x0000000020070f19        0x3 
 .bss.Keyboard  0x0000000020070f1c       0x10 Builds/embeddedcomputing.a(HID.cpp.o)
                0x0000000020070f1c                Keyboard
 .bss._dwTickCount
                0x0000000020070f2c        0x4 /Applications/Arduino.app/Contents/Resources/Java/hardware/arduino/sam/variants/arduino_due_x/libsam_sam3x8e_gcc_rel.a(timetick.o)
 .bss.ul_recv_fifo_ptr
                0x0000000020070f30       0x28 /Applications/Arduino.app/Contents/Resources/Java/hardware/arduino/sam/variants/arduino_due_x/libsam_sam3x8e_gcc_rel.a(uotghs_device.o)
 .bss.ul_send_fifo_ptr
                0x0000000020070f58       0x28 /Applications/Arduino.app/Contents/Resources/Java/hardware/arduino/sam/variants/arduino_due_x/libsam_sam3x8e_gcc_rel.a(uotghs_device.o)
 .bss.__malloc_max_total_mem
                0x0000000020070f80        0x4 /Applications/Arduino.app/Contents/Resources/Java/hardware/tools/gcc-arm-none-eabi-4.8.3-2014q1/bin/../lib/gcc/arm-none-eabi/4.8.3/../../../../arm-none-eabi/lib/armv7-m/libc.a(lib_a-mallocr.o)
                0x0000000020070f80                __malloc_max_total_mem
 .bss.__malloc_max_sbrked_mem
                0x0000000020070f84        0x4 /Applications/Arduino.app/Contents/Resources/Java/hardware/tools/gcc-arm-none-eabi-4.8.3-2014q1/bin/../lib/gcc/arm-none-eabi/4.8.3/../../../../arm-none-eabi/lib/armv7-m/libc.a(lib_a-mallocr.o)
                0x0000000020070f84                __malloc_max_sbrked_mem
 .bss.__malloc_top_pad
                0x0000000020070f88        0x4 /Applications/Arduino.app/Contents/Resources/Java/hardware/tools/gcc-arm-none-eabi-4.8.3-2014q1/bin/../lib/gcc/arm-none-eabi/4.8.3/../../../../arm-none-eabi/lib/armv7-m/libc.a(lib_a-mallocr.o)
                0x0000000020070f88                __malloc_top_pad
 .bss.__malloc_current_mallinfo
                0x0000000020070f8c       0x28 /Applications/Arduino.app/Contents/Resources/Java/hardware/tools/gcc-arm-none-eabi-4.8.3-2014q1/bin/../lib/gcc/arm-none-eabi/4.8.3/../../../../arm-none-eabi/lib/armv7-m/libc.a(lib_a-mallocr.o)
                0x0000000020070f8c                __malloc_current_mallinfo
 *(COMMON)
 COMMON         0x0000000020070fb4        0x4 /Applications/Arduino.app/Contents/Resources/Java/hardware/tools/gcc-arm-none-eabi-4.8.3-2014q1/bin/../lib/gcc/arm-none-eabi/4.8.3/../../../../arm-none-eabi/lib/armv7-m/libc.a(lib_a-reent.o)
                0x0000000020070fb4                errno
                0x0000000020070fb8                . = ALIGN (0x4)
                0x0000000020070fb8                _ebss = .
                0x0000000020070fb8                _ezero = .
                0x0000000020070fb8                . = ALIGN (0x4)
                0x0000000020070fb8                _end = .

.stack_dummy    0x0000000020070fb8        0x0
 *(.stack*)
                0x0000000020088000                __StackTop = (ORIGIN (ram) + 0x18000)
                0x0000000020088000                __StackLimit = (__StackTop - SIZEOF (.stack_dummy))
                0x0000000020088000                PROVIDE (_sstack, __StackLimit)
                0x0000000020088000                PROVIDE (_estack, __StackTop)
OUTPUT(Builds/embeddedcomputing.elf elf32-littlearm)

.ARM.attributes
                0x0000000000000000       0x29
 .ARM.attributes
                0x0000000000000000       0x1d /Applications/Arduino.app/Contents/Resources/Java/hardware/tools/gcc-arm-none-eabi-4.8.3-2014q1/bin/../lib/gcc/arm-none-eabi/4.8.3/armv7-m/crti.o
 .ARM.attributes
                0x000000000000001d       0x2d /Applications/Arduino.app/Contents/Resources/Java/hardware/tools/gcc-arm-none-eabi-4.8.3-2014q1/bin/../lib/gcc/arm-none-eabi/4.8.3/armv7-m/crtbegin.o
 .ARM.attributes
                0x000000000000004a       0x33 Builds/variant.cpp.o
 .ARM.attributes
                0x000000000000007d       0x33 Builds/syscalls_sam3.c.o
 .ARM.attributes
                0x00000000000000b0       0x31 /Applications/Arduino.app/Contents/Resources/Java/hardware/arduino/sam/variants/arduino_due_x/libsam_sam3x8e_gcc_rel.a(pio.o)
 .ARM.attributes
                0x00000000000000e1       0x31 /Applications/Arduino.app/Contents/Resources/Java/hardware/arduino/sam/variants/arduino_due_x/libsam_sam3x8e_gcc_rel.a(pmc.o)
 .ARM.attributes
                0x0000000000000112       0x31 /Applications/Arduino.app/Contents/Resources/Java/hardware/arduino/sam/variants/arduino_due_x/libsam_sam3x8e_gcc_rel.a(wdt.o)
 .ARM.attributes
                0x0000000000000143       0x31 /Applications/Arduino.app/Contents/Resources/Java/hardware/arduino/sam/variants/arduino_due_x/libsam_sam3x8e_gcc_rel.a(system_sam3xa.o)
 .ARM.attributes
                0x0000000000000174       0x31 /Applications/Arduino.app/Contents/Resources/Java/hardware/arduino/sam/variants/arduino_due_x/libsam_sam3x8e_gcc_rel.a(startup_sam3xa.o)
 .ARM.attributes
                0x00000000000001a5       0x31 /Applications/Arduino.app/Contents/Resources/Java/hardware/arduino/sam/variants/arduino_due_x/libsam_sam3x8e_gcc_rel.a(adc.o)
 .ARM.attributes
                0x00000000000001d6       0x31 /Applications/Arduino.app/Contents/Resources/Java/hardware/arduino/sam/variants/arduino_due_x/libsam_sam3x8e_gcc_rel.a(uotghs.o)
 .ARM.attributes
                0x0000000000000207       0x33 Builds/Adafruit_NeoPixel.cpp.o
 .ARM.attributes
                0x000000000000023a       0x33 Builds/EMoonClasses.cpp.o
 .ARM.attributes
                0x000000000000026d       0x33 Builds/main.cpp.o
 .ARM.attributes
                0x00000000000002a0       0x33 Builds/embeddedcomputing.a(RingBuffer.cpp.o)
 .ARM.attributes
                0x00000000000002d3       0x33 Builds/embeddedcomputing.a(UARTClass.cpp.o)
 .ARM.attributes
                0x0000000000000306       0x33 Builds/embeddedcomputing.a(USARTClass.cpp.o)
 .ARM.attributes
                0x0000000000000339       0x33 Builds/embeddedcomputing.a(USBCore.cpp.o)
 .ARM.attributes
                0x000000000000036c       0x33 Builds/embeddedcomputing.a(WInterrupts.c.o)
 .ARM.attributes
                0x000000000000039f       0x33 Builds/embeddedcomputing.a(cortex_handlers.c.o)
 .ARM.attributes
                0x00000000000003d2       0x33 Builds/embeddedcomputing.a(hooks.c.o)
 .ARM.attributes
                0x0000000000000405       0x33 Builds/embeddedcomputing.a(new.cpp.o)
 .ARM.attributes
                0x0000000000000438       0x33 Builds/embeddedcomputing.a(wiring.c.o)
 .ARM.attributes
                0x000000000000046b       0x33 Builds/embeddedcomputing.a(wiring_analog.c.o)
 .ARM.attributes
                0x000000000000049e       0x33 Builds/embeddedcomputing.a(wiring_digital.c.o)
 .ARM.attributes
                0x00000000000004d1       0x33 Builds/embeddedcomputing.a(Print.cpp.o)
 .ARM.attributes
                0x0000000000000504       0x33 Builds/embeddedcomputing.a(Reset.cpp.o)
 .ARM.attributes
                0x0000000000000537       0x33 Builds/embeddedcomputing.a(CDC.cpp.o)
 .ARM.attributes
                0x000000000000056a       0x33 Builds/embeddedcomputing.a(HID.cpp.o)
 .ARM.attributes
                0x000000000000059d       0x31 /Applications/Arduino.app/Contents/Resources/Java/hardware/arduino/sam/variants/arduino_due_x/libsam_sam3x8e_gcc_rel.a(tc.o)
 .ARM.attributes
                0x00000000000005ce       0x31 /Applications/Arduino.app/Contents/Resources/Java/hardware/arduino/sam/variants/arduino_due_x/libsam_sam3x8e_gcc_rel.a(timetick.o)
 .ARM.attributes
                0x00000000000005ff       0x31 /Applications/Arduino.app/Contents/Resources/Java/hardware/arduino/sam/variants/arduino_due_x/libsam_sam3x8e_gcc_rel.a(interrupt_sam_nvic.o)
 .ARM.attributes
                0x0000000000000630       0x31 /Applications/Arduino.app/Contents/Resources/Java/hardware/arduino/sam/variants/arduino_due_x/libsam_sam3x8e_gcc_rel.a(uotghs_device.o)
 .ARM.attributes
                0x0000000000000661       0x2d /Applications/Arduino.app/Contents/Resources/Java/hardware/tools/gcc-arm-none-eabi-4.8.3-2014q1/bin/../lib/gcc/arm-none-eabi/4.8.3/../../../../arm-none-eabi/lib/armv7-m/libm.a(lib_a-s_fpclassify.o)
 .ARM.attributes
                0x000000000000068e       0x2d /Applications/Arduino.app/Contents/Resources/Java/hardware/tools/gcc-arm-none-eabi-4.8.3-2014q1/bin/../lib/gcc/arm-none-eabi/4.8.3/../../../../arm-none-eabi/lib/armv7-m/libm.a(lib_a-w_sqrt.o)
 .ARM.attributes
                0x00000000000006bb       0x2d /Applications/Arduino.app/Contents/Resources/Java/hardware/tools/gcc-arm-none-eabi-4.8.3-2014q1/bin/../lib/gcc/arm-none-eabi/4.8.3/../../../../arm-none-eabi/lib/armv7-m/libm.a(lib_a-e_sqrt.o)
 .ARM.attributes
                0x00000000000006e8       0x2d /Applications/Arduino.app/Contents/Resources/Java/hardware/tools/gcc-arm-none-eabi-4.8.3-2014q1/bin/../lib/gcc/arm-none-eabi/4.8.3/../../../../arm-none-eabi/lib/armv7-m/libm.a(lib_a-s_lib_ver.o)
 .ARM.attributes
                0x0000000000000715       0x2d /Applications/Arduino.app/Contents/Resources/Java/hardware/tools/gcc-arm-none-eabi-4.8.3-2014q1/bin/../lib/gcc/arm-none-eabi/4.8.3/../../../../arm-none-eabi/lib/armv7-m/libm.a(lib_a-s_matherr.o)
 .ARM.attributes
                0x0000000000000742       0x1d /Applications/Arduino.app/Contents/Resources/Java/hardware/tools/gcc-arm-none-eabi-4.8.3-2014q1/bin/../lib/gcc/arm-none-eabi/4.8.3/armv7-m/libgcc.a(_arm_addsubdf3.o)
 .ARM.attributes
                0x000000000000075f       0x1d /Applications/Arduino.app/Contents/Resources/Java/hardware/tools/gcc-arm-none-eabi-4.8.3-2014q1/bin/../lib/gcc/arm-none-eabi/4.8.3/armv7-m/libgcc.a(_arm_muldivdf3.o)
 .ARM.attributes