Archive member included because of file (symbol)

/Applications/Arduino.app/Contents/Resources/Java/hardware/arduino/sam/variants/arduino_due_x/libsam_sam3x8e_gcc_rel.a(pio.o)
                              Builds/variant.cpp.o (PIO_Configure)
/Applications/Arduino.app/Contents/Resources/Java/hardware/arduino/sam/variants/arduino_due_x/libsam_sam3x8e_gcc_rel.a(pmc.o)
                              Builds/variant.cpp.o (pmc_enable_periph_clk)
/Applications/Arduino.app/Contents/Resources/Java/hardware/arduino/sam/variants/arduino_due_x/libsam_sam3x8e_gcc_rel.a(wdt.o)
                              Builds/variant.cpp.o (WDT_Disable)
/Applications/Arduino.app/Contents/Resources/Java/hardware/arduino/sam/variants/arduino_due_x/libsam_sam3x8e_gcc_rel.a(system_sam3xa.o)
                              Builds/variant.cpp.o (SystemInit)
/Applications/Arduino.app/Contents/Resources/Java/hardware/arduino/sam/variants/arduino_due_x/libsam_sam3x8e_gcc_rel.a(startup_sam3xa.o)
                              (Reset_Handler)
/Applications/Arduino.app/Contents/Resources/Java/hardware/arduino/sam/variants/arduino_due_x/libsam_sam3x8e_gcc_rel.a(adc.o)
                              Builds/variant.cpp.o (adc_init)
/Applications/Arduino.app/Contents/Resources/Java/hardware/arduino/sam/variants/arduino_due_x/libsam_sam3x8e_gcc_rel.a(uotghs.o)
                              /Applications/Arduino.app/Contents/Resources/Java/hardware/arduino/sam/variants/arduino_due_x/libsam_sam3x8e_gcc_rel.a(startup_sam3xa.o) (UOTGHS_Handler)
Builds/embeddedcomputing.a(RingBuffer.cpp.o)
                              Builds/variant.cpp.o (RingBuffer::RingBuffer())
Builds/embeddedcomputing.a(UARTClass.cpp.o)
                              Builds/variant.cpp.o (UARTClass::available())
Builds/embeddedcomputing.a(USARTClass.cpp.o)
                              Builds/variant.cpp.o (USARTClass::available())
Builds/embeddedcomputing.a(USBCore.cpp.o)
                              Builds/main.cpp.o (USBDevice_::attach())
Builds/embeddedcomputing.a(WInterrupts.c.o)
                              /Applications/Arduino.app/Contents/Resources/Java/hardware/arduino/sam/variants/arduino_due_x/libsam_sam3x8e_gcc_rel.a(startup_sam3xa.o) (PIOA_Handler)
Builds/embeddedcomputing.a(abi.cpp.o)
                              Builds/embeddedcomputing.a(UARTClass.cpp.o) (__cxa_pure_virtual)
Builds/embeddedcomputing.a(cortex_handlers.c.o)
                              /Applications/Arduino.app/Contents/Resources/Java/hardware/arduino/sam/variants/arduino_due_x/libsam_sam3x8e_gcc_rel.a(startup_sam3xa.o) (NMI_Handler)
Builds/embeddedcomputing.a(hooks.c.o)
                              Builds/embeddedcomputing.a(cortex_handlers.c.o) (sysTickHook)
Builds/embeddedcomputing.a(new.cpp.o)
                              Builds/LocalLibrary.cpp.o (operator new(unsigned int))
Builds/embeddedcomputing.a(wiring.c.o)
                              Builds/main.cpp.o (millis)
Builds/embeddedcomputing.a(wiring_analog.c.o)
                              Builds/variant.cpp.o (analogOutputInit)
Builds/embeddedcomputing.a(wiring_digital.c.o)
                              Builds/Adafruit_NeoPixel.cpp.o (pinMode)
Builds/embeddedcomputing.a(Print.cpp.o)
                              Builds/embeddedcomputing.a(UARTClass.cpp.o) (Print::write(unsigned char const*, unsigned int))
Builds/embeddedcomputing.a(Reset.cpp.o)
                              Builds/embeddedcomputing.a(cortex_handlers.c.o) (tickReset)
Builds/embeddedcomputing.a(CDC.cpp.o)
                              Builds/embeddedcomputing.a(USBCore.cpp.o) (Serial_::accept())
Builds/embeddedcomputing.a(HID.cpp.o)
                              Builds/embeddedcomputing.a(USBCore.cpp.o) (HID_GetInterface(unsigned char*))
/Applications/Arduino.app/Contents/Resources/Java/hardware/arduino/sam/variants/arduino_due_x/libsam_sam3x8e_gcc_rel.a(pwmc.o)
                              Builds/embeddedcomputing.a(wiring_analog.c.o) (PWMC_ConfigureChannel)
/Applications/Arduino.app/Contents/Resources/Java/hardware/arduino/sam/variants/arduino_due_x/libsam_sam3x8e_gcc_rel.a(tc.o)
                              Builds/Adafruit_NeoPixel.cpp.o (TC_Configure)
/Applications/Arduino.app/Contents/Resources/Java/hardware/arduino/sam/variants/arduino_due_x/libsam_sam3x8e_gcc_rel.a(timetick.o)
                              Builds/embeddedcomputing.a(cortex_handlers.c.o) (TimeTick_Increment)
/Applications/Arduino.app/Contents/Resources/Java/hardware/arduino/sam/variants/arduino_due_x/libsam_sam3x8e_gcc_rel.a(interrupt_sam_nvic.o)
                              Builds/embeddedcomputing.a(USBCore.cpp.o) (g_interrupt_enabled)
/Applications/Arduino.app/Contents/Resources/Java/hardware/arduino/sam/variants/arduino_due_x/libsam_sam3x8e_gcc_rel.a(uotghs_device.o)
                              Builds/embeddedcomputing.a(USBCore.cpp.o) (UDD_SetStack)
/Applications/Arduino.app/Contents/Resources/Java/hardware/arduino/sam/variants/arduino_due_x/libsam_sam3x8e_gcc_rel.a(dacc.o)
[...]
Memory Configuration

Name             Origin             Length             Attributes
rom              0x0000000000080000 0x0000000000080000 xr
sram0            0x0000000020000000 0x0000000000010000 xrw
sram1            0x0000000020080000 0x0000000000008000 xrw
ram              0x0000000020070000 0x0000000000018000 xrw
*default*        0x0000000000000000 0xffffffffffffffff

Linker script and memory map

LOAD /Applications/Arduino.app/Contents/Resources/Java/hardware/tools/gcc-arm-none-eabi-4.8.3-2014q1/bin/../lib/gcc/arm-none-eabi/4.8.3/armv7-m/crti.o
LOAD /Applications/Arduino.app/Contents/Resources/Java/hardware/tools/gcc-arm-none-eabi-4.8.3-2014q1/bin/../lib/gcc/arm-none-eabi/4.8.3/armv7-m/crtbegin.o
LOAD /Applications/Arduino.app/Contents/Resources/Java/hardware/tools/gcc-arm-none-eabi-4.8.3-2014q1/bin/../lib/gcc/arm-none-eabi/4.8.3/../../../../arm-none-eabi/lib/armv7-m/crt0.o
LOAD Builds/variant.cpp.o
LOAD /Applications/Arduino.app/Contents/Resources/Java/hardware/tools/gcc-arm-none-eabi-4.8.3-2014q1/bin/../lib/gcc/arm-none-eabi/4.8.3/armv7-m/libgcc.a
START GROUP
LOAD Builds/syscalls_sam3.c.o
LOAD /Applications/Arduino.app/Contents/Resources/Java/hardware/arduino/sam/variants/arduino_due_x/libsam_sam3x8e_gcc_rel.a
LOAD Builds/Adafruit_NeoPixel.cpp.o
LOAD Builds/EMoonClasses.cpp.o
LOAD Builds/EMoonDesign.cpp.o
LOAD Builds/Lightshow_Setup.cpp.o
LOAD Builds/Lightshows.cpp.o
LOAD Builds/LocalLibrary.cpp.o
LOAD Builds/Strips.cpp.o
LOAD Builds/colours.cpp.o
LOAD Builds/main.cpp.o
LOAD Builds/metamixDesign.cpp.o
LOAD Builds/metamixes.cpp.o
LOAD Builds/mixDesign.cpp.o
LOAD Builds/mixes.cpp.o
LOAD Builds/network.cpp.o
LOAD Builds/themes.cpp.o
LOAD Builds/embeddedcomputing.a
END GROUP
LOAD /Applications/Arduino.app/Contents/Resources/Java/hardware/tools/gcc-arm-none-eabi-4.8.3-2014q1/bin/../lib/gcc/arm-none-eabi/4.8.3/../../../../arm-none-eabi/lib/armv7-m/libstdc++.a
LOAD /Applications/Arduino.app/Contents/Resources/Java/hardware/tools/gcc-arm-none-eabi-4.8.3-2014q1/bin/../lib/gcc/arm-none-eabi/4.8.3/../../../../arm-none-eabi/lib/armv7-m/libm.a
START GROUP
LOAD /Applications/Arduino.app/Contents/Resources/Java/hardware/tools/gcc-arm-none-eabi-4.8.3-2014q1/bin/../lib/gcc/arm-none-eabi/4.8.3/armv7-m/libgcc.a
LOAD /Applications/Arduino.app/Contents/Resources/Java/hardware/tools/gcc-arm-none-eabi-4.8.3-2014q1/bin/../lib/gcc/arm-none-eabi/4.8.3/../../../../arm-none-eabi/lib/armv7-m/libc.a
END GROUP
LOAD /Applications/Arduino.app/Contents/Resources/Java/hardware/tools/gcc-arm-none-eabi-4.8.3-2014q1/bin/../lib/gcc/arm-none-eabi/4.8.3/armv7-m/crtend.o
LOAD /Applications/Arduino.app/Contents/Resources/Java/hardware/tools/gcc-arm-none-eabi-4.8.3-2014q1/bin/../lib/gcc/arm-none-eabi/4.8.3/armv7-m/crtn.o

.text           0x0000000000080000     0x9c54
                0x0000000000080000                . = ALIGN (0x4)
                0x0000000000080000                _sfixed = .
 *(.vectors .vectors.*)
 .vectors       0x0000000000080000       0xf4 /Applications/Arduino.app/Contents/Resources/Java/hardware/arduino/sam/variants/arduino_due_x/libsam_sam3x8e_gcc_rel.a(startup_sam3xa.o)
                0x0000000000080000                exception_table
 *(.text .text.* .gnu.linkonce.t.*)
 .text          0x00000000000800f4       0x54 /Applications/Arduino.app/Contents/Resources/Java/hardware/tools/gcc-arm-none-eabi-4.8.3-2014q1/bin/../lib/gcc/arm-none-eabi/4.8.3/armv7-m/crtbegin.o
 .text._Z11serialEventv
                0x0000000000080148        0x2 Builds/variant.cpp.o
                0x0000000000080148                serialEvent()
 *fill*         0x000000000008014a        0x2 
 .text.UART_Handler
                0x000000000008014c        0xc Builds/variant.cpp.o
                0x000000000008014c                UART_Handler
 .text._Z12serialEvent1v
                0x0000000000080158        0x2 Builds/variant.cpp.o
                0x0000000000080158                serialEvent1()
 .text._Z12serialEvent2v
                0x000000000008015a        0x2 Builds/variant.cpp.o
                0x000000000008015a                serialEvent2()
 .text._Z12serialEvent3v
                0x000000000008015c        0x2 Builds/variant.cpp.o
                0x000000000008015c                serialEvent3()
 *fill*         0x000000000008015e        0x2 
 .text.USART0_Handler
                0x0000000000080160        0xc Builds/variant.cpp.o
                0x0000000000080160                USART0_Handler
 .text.USART1_Handler
                0x000000000008016c        0xc Builds/variant.cpp.o
                0x000000000008016c                USART1_Handler
 .text.USART3_Handler
                0x0000000000080178        0xc Builds/variant.cpp.o
                0x0000000000080178                USART3_Handler
 .text.init     0x0000000000080184      0x130 Builds/variant.cpp.o
                0x0000000000080184                init
 .text.startup._GLOBAL__sub_I_g_APinDescription
                0x00000000000802b4       0x90 Builds/variant.cpp.o
 .text._Z14serialEventRunv
                0x0000000000080344       0x44 Builds/variant.cpp.o
                0x0000000000080344                serialEventRun()
 .text._sbrk    0x0000000000080388       0x1c Builds/syscalls_sam3.c.o
                0x0000000000080388                _sbrk
 .text._close   0x00000000000803a4        0x6 Builds/syscalls_sam3.c.o
                0x00000000000803a4                _close
 .text._fstat   0x00000000000803aa        0xa Builds/syscalls_sam3.c.o
                0x00000000000803aa                _fstat
 .text._isatty  0x00000000000803b4        0x4 Builds/syscalls_sam3.c.o
                0x00000000000803b4                _isatty
 .text._lseek   0x00000000000803b8        0x4 Builds/syscalls_sam3.c.o
                0x00000000000803b8                _lseek
 .text._read    0x00000000000803bc        0x4 Builds/syscalls_sam3.c.o
                0x00000000000803bc                _read
 .text._write   0x00000000000803c0       0x24 Builds/syscalls_sam3.c.o
                0x00000000000803c0                _write
 .text._exit    0x00000000000803e4       0x10 Builds/syscalls_sam3.c.o
                0x00000000000803e4                _exit
 .text._kill    0x00000000000803f4        0x2 Builds/syscalls_sam3.c.o
                0x00000000000803f4                _kill
 .text._getpid  0x00000000000803f6        0x6 Builds/syscalls_sam3.c.o
                0x00000000000803f6                _getpid
 .text.PIO_DisableInterrupt
                0x00000000000803fc        0x4 /Applications/Arduino.app/Contents/Resources/Java/hardware/arduino/sam/variants/arduino_due_x/libsam_sam3x8e_gcc_rel.a(pio.o)
                0x00000000000803fc                PIO_DisableInterrupt
 .text.PIO_PullUp
                0x0000000000080400        0xa /Applications/Arduino.app/Contents/Resources/Java/hardware/arduino/sam/variants/arduino_due_x/libsam_sam3x8e_gcc_rel.a(pio.o)
                0x0000000000080400                PIO_PullUp
 .text.PIO_SetPeripheral
                0x000000000008040a       0x2a /Applications/Arduino.app/Contents/Resources/Java/hardware/arduino/sam/variants/arduino_due_x/libsam_sam3x8e_gcc_rel.a(pio.o)
                0x000000000008040a                PIO_SetPeripheral
 .text.PIO_SetInput
                0x0000000000080434       0x40 /Applications/Arduino.app/Contents/Resources/Java/hardware/arduino/sam/variants/arduino_due_x/libsam_sam3x8e_gcc_rel.a(pio.o)
                0x0000000000080434                PIO_SetInput
 .text.PIO_SetOutput
                0x0000000000080474       0x38 /Applications/Arduino.app/Contents/Resources/Java/hardware/arduino/sam/variants/arduino_due_x/libsam_sam3x8e_gcc_rel.a(pio.o)
                0x0000000000080474                PIO_SetOutput
 .text.PIO_Configure
                0x00000000000804ac       0x74 /Applications/Arduino.app/Contents/Resources/Java/hardware/arduino/sam/variants/arduino_due_x/libsam_sam3x8e_gcc_rel.a(pio.o)
                0x00000000000804ac                PIO_Configure
 .text.PIO_GetOutputDataStatus
                0x0000000000080520       0x16 /Applications/Arduino.app/Contents/Resources/Java/hardware/arduino/sam/variants/arduino_due_x/libsam_sam3x8e_gcc_rel.a(pio.o)
                0x0000000000080520                PIO_GetOutputDataStatus
 *fill*         0x0000000000080536        0x2 
 .text.pmc_enable_upll_clock
                0x0000000000080538       0x18 /Applications/Arduino.app/Contents/Resources/Java/hardware/arduino/sam/variants/arduino_due_x/libsam_sam3x8e_gcc_rel.a(pmc.o)
                0x0000000000080538                pmc_enable_upll_clock
 .text.pmc_enable_periph_clk
                0x0000000000080550       0x48 /Applications/Arduino.app/Contents/Resources/Java/hardware/arduino/sam/variants/arduino_due_x/libsam_sam3x8e_gcc_rel.a(pmc.o)
                0x0000000000080550                pmc_enable_periph_clk
 .text.pmc_disable_periph_clk
                0x0000000000080598       0x48 /Applications/Arduino.app/Contents/Resources/Java/hardware/arduino/sam/variants/arduino_due_x/libsam_sam3x8e_gcc_rel.a(pmc.o)
                0x0000000000080598                pmc_disable_periph_clk
 .text.pmc_switch_udpck_to_upllck
                0x00000000000805e0       0x14 /Applications/Arduino.app/Contents/Resources/Java/hardware/arduino/sam/variants/arduino_due_x/libsam_sam3x8e_gcc_rel.a(pmc.o)
                0x00000000000805e0                pmc_switch_udpck_to_upllck
 .text.pmc_enable_udpck
                0x00000000000805f4        0xc /Applications/Arduino.app/Contents/Resources/Java/hardware/arduino/sam/variants/arduino_due_x/libsam_sam3x8e_gcc_rel.a(pmc.o)
                0x00000000000805f4                pmc_enable_udpck
 .text.pmc_set_writeprotect
                0x0000000000080600       0x1c /Applications/Arduino.app/Contents/Resources/Java/hardware/arduino/sam/variants/arduino_due_x/libsam_sam3x8e_gcc_rel.a(pmc.o)
                0x0000000000080600                pmc_set_writeprotect
 .text.WDT_Disable
                0x000000000008061c        0x8 /Applications/Arduino.app/Contents/Resources/Java/hardware/arduino/sam/variants/arduino_due_x/libsam_sam3x8e_gcc_rel.a(wdt.o)
                0x000000000008061c                WDT_Disable
 .text.SystemInit
                0x0000000000080624       0x9c /Applications/Arduino.app/Contents/Resources/Java/hardware/arduino/sam/variants/arduino_due_x/libsam_sam3x8e_gcc_rel.a(system_sam3xa.o)
                0x0000000000080624                SystemInit
 .text.Reset_Handler
                0x00000000000806c0       0x70 /Applications/Arduino.app/Contents/Resources/Java/hardware/arduino/sam/variants/arduino_due_x/libsam_sam3x8e_gcc_rel.a(startup_sam3xa.o)
                0x00000000000806c0                Reset_Handler
 .text.adc_init
                0x0000000000080730       0xa0 /Applications/Arduino.app/Contents/Resources/Java/hardware/arduino/sam/variants/arduino_due_x/libsam_sam3x8e_gcc_rel.a(adc.o)
                0x0000000000080730                adc_init
 .text.adc_configure_trigger
                0x00000000000807d0       0x10 /Applications/Arduino.app/Contents/Resources/Java/hardware/arduino/sam/variants/arduino_due_x/libsam_sam3x8e_gcc_rel.a(adc.o)
                0x00000000000807d0                adc_configure_trigger
 .text.adc_configure_timing
                0x00000000000807e0       0x1a /Applications/Arduino.app/Contents/Resources/Java/hardware/arduino/sam/variants/arduino_due_x/libsam_sam3x8e_gcc_rel.a(adc.o)
                0x00000000000807e0                adc_configure_timing
 .text.adc_disable_all_channel
                0x00000000000807fa        0x8 /Applications/Arduino.app/Contents/Resources/Java/hardware/arduino/sam/variants/arduino_due_x/libsam_sam3x8e_gcc_rel.a(adc.o)
                0x00000000000807fa                adc_disable_all_channel
 .text.adc_disable_interrupt
                0x0000000000080802        0x4 /Applications/Arduino.app/Contents/Resources/Java/hardware/arduino/sam/variants/arduino_due_x/libsam_sam3x8e_gcc_rel.a(adc.o)
                0x0000000000080802                adc_disable_interrupt
 *fill*         0x0000000000080806        0x2 
 .text.UOTGHS_Handler
                0x0000000000080808       0x10 /Applications/Arduino.app/Contents/Resources/Java/hardware/arduino/sam/variants/arduino_due_x/libsam_sam3x8e_gcc_rel.a(uotghs.o)
                0x0000000000080808                UOTGHS_Handler
 .text._ZN17Adafruit_NeoPixelC2Ethh
                0x0000000000080818       0x6c Builds/Adafruit_NeoPixel.cpp.o
                0x0000000000080818                Adafruit_NeoPixel::Adafruit_NeoPixel(unsigned short, unsigned char, unsigned char)
                0x0000000000080818                Adafruit_NeoPixel::Adafruit_NeoPixel(unsigned short, unsigned char, unsigned char)
 .text._ZN17Adafruit_NeoPixel5beginEv
                0x0000000000080884       0x18 Builds/Adafruit_NeoPixel.cpp.o
                0x0000000000080884                Adafruit_NeoPixel::begin()
 .text._ZN17Adafruit_NeoPixel4showEv
                0x000000000008089c      0x124 Builds/Adafruit_NeoPixel.cpp.o
                0x000000000008089c                Adafruit_NeoPixel::show()
 .text._ZN17Adafruit_NeoPixel13setPixelColorEthhh
                0x00000000000809c0       0x32 Builds/Adafruit_NeoPixel.cpp.o
                0x00000000000809c0                Adafruit_NeoPixel::setPixelColor(unsigned short, unsigned char, unsigned char, unsigned char)
 .text._ZN17Adafruit_NeoPixel13setPixelColorEtm
                0x00000000000809f2       0x38 Builds/Adafruit_NeoPixel.cpp.o
                0x00000000000809f2                Adafruit_NeoPixel::setPixelColor(unsigned short, unsigned long)
 .text._ZNK17Adafruit_NeoPixel9numPixelsEv
                0x0000000000080a2a        0x4 Builds/Adafruit_NeoPixel.cpp.o
                0x0000000000080a2a                Adafruit_NeoPixel::numPixels() const
 .text._Z5wipe4mmP17Adafruit_NeoPixelhPFmvES2_S2_S2_S2_
                0x0000000000080a2e       0x8c Builds/EMoonDesign.cpp.o
                0x0000000000080a2e                wipe4(unsigned long, unsigned long, Adafruit_NeoPixel*, unsigned char, unsigned long (*)(), unsigned long (*)(), unsigned long (*)(), unsigned long (*)(), unsigned long (*)())
 .text._Z9everwipe4mmP17Adafruit_NeoPixelhPFmvES2_S2_S2_S2_
                0x0000000000080aba      0x11a Builds/EMoonDesign.cpp.o
                0x0000000000080aba                everwipe4(unsigned long, unsigned long, Adafruit_NeoPixel*, unsigned char, unsigned long (*)(), unsigned long (*)(), unsigned long (*)(), unsigned long (*)(), unsigned long (*)())
 .text._Z5fade2mmP17Adafruit_NeoPixelhPFmvES2_S2_
                0x0000000000080bd4       0xfe Builds/EMoonDesign.cpp.o
                0x0000000000080bd4                fade2(unsigned long, unsigned long, Adafruit_NeoPixel*, unsigned char, unsigned long (*)(), unsigned long (*)(), unsigned long (*)())
 .text._Z5fade4mmP17Adafruit_NeoPixelhPFmvES2_S2_S2_S2_
                0x0000000000080cd2      0x11e Builds/EMoonDesign.cpp.o
                0x0000000000080cd2                fade4(unsigned long, unsigned long, Adafruit_NeoPixel*, unsigned char, unsigned long (*)(), unsigned long (*)(), unsigned long (*)(), unsigned long (*)(), unsigned long (*)())
 .text._Z11quadshufflemmP17Adafruit_NeoPixelhPFmvES2_S2_S2_S2_
                0x0000000000080df0      0x14c Builds/EMoonDesign.cpp.o
                0x0000000000080df0                quadshuffle(unsigned long, unsigned long, Adafruit_NeoPixel*, unsigned char, unsigned long (*)(), unsigned long (*)(), unsigned long (*)(), unsigned long (*)(), unsigned long (*)())
 .text._Z5spin4mmP17Adafruit_NeoPixelhPFmvES2_S2_S2_S2_
                0x0000000000080f3c      0x146 Builds/EMoonDesign.cpp.o
                0x0000000000080f3c                spin4(unsigned long, unsigned long, Adafruit_NeoPixel*, unsigned char, unsigned long (*)(), unsigned long (*)(), unsigned long (*)(), unsigned long (*)(), unsigned long (*)())
 .text._Z9quadspin4mmP17Adafruit_NeoPixelhPFmvES2_S2_S2_S2_
                0x0000000000081082      0x682 Builds/EMoonDesign.cpp.o
                0x0000000000081082                quadspin4(unsigned long, unsigned long, Adafruit_NeoPixel*, unsigned char, unsigned long (*)(), unsigned long (*)(), unsigned long (*)(), unsigned long (*)(), unsigned long (*)())
 .text._Z6bloom4mmP17Adafruit_NeoPixelhPFmvES2_S2_S2_S2_
                0x0000000000081704       0x7c Builds/EMoonDesign.cpp.o
                0x0000000000081704                bloom4(unsigned long, unsigned long, Adafruit_NeoPixel*, unsigned char, unsigned long (*)(), unsigned long (*)(), unsigned long (*)(), unsigned long (*)(), unsigned long (*)())
 .text._Z8unbloom4mmP17Adafruit_NeoPixelhPFmvES2_S2_S2_S2_
                0x0000000000081780       0x82 Builds/EMoonDesign.cpp.o
                0x0000000000081780                unbloom4(unsigned long, unsigned long, Adafruit_NeoPixel*, unsigned char, unsigned long (*)(), unsigned long (*)(), unsigned long (*)(), unsigned long (*)(), unsigned long (*)())
 .text._Z8curtain4mmP17Adafruit_NeoPixelhPFmvES2_S2_S2_S2_
                0x0000000000081802       0xc4 Builds/EMoonDesign.cpp.o
                0x0000000000081802                curtain4(unsigned long, unsigned long, Adafruit_NeoPixel*, unsigned char, unsigned long (*)(), unsigned long (*)(), unsigned long (*)(), unsigned long (*)(), unsigned long (*)())
 .text._Z5wash4mmP17Adafruit_NeoPixelhPFmvES2_S2_S2_S2_
                0x00000000000818c6       0x76 Builds/EMoonDesign.cpp.o
                0x00000000000818c6                wash4(unsigned long, unsigned long, Adafruit_NeoPixel*, unsigned char, unsigned long (*)(), unsigned long (*)(), unsigned long (*)(), unsigned long (*)(), unsigned long (*)())
 .text._Z12sparklefill4mmP17Adafruit_NeoPixelhPFmvES2_S2_S2_S2_
                0x000000000008193c      0x170 Builds/EMoonDesign.cpp.o
                0x000000000008193c                sparklefill4(unsigned long, unsigned long, Adafruit_NeoPixel*, unsigned char, unsigned long (*)(), unsigned long (*)(), unsigned long (*)(), unsigned long (*)(), unsigned long (*)())
 .text._Z15quadsparklefillmmP17Adafruit_NeoPixelhPFmvES2_S2_S2_S2_
                0x0000000000081aac      0x18c Builds/EMoonDesign.cpp.o
                0x0000000000081aac                quadsparklefill(unsigned long, unsigned long, Adafruit_NeoPixel*, unsigned char, unsigned long (*)(), unsigned long (*)(), unsigned long (*)(), unsigned long (*)(), unsigned long (*)())
 .text._Z9masterMixmmP17Adafruit_NeoPixel
                0x0000000000081c38     0x1348 Builds/Lightshow_Setup.cpp.o
                0x0000000000081c38                masterMix(unsigned long, unsigned long, Adafruit_NeoPixel*)
 .text._Z20setupMasterLightshowv
                0x0000000000082f80       0x2c Builds/Lightshow_Setup.cpp.o
                0x0000000000082f80                setupMasterLightshow()
 .text._Z9edgewipe0mmP17Adafruit_NeoPixel
                0x0000000000082fac       0x38 Builds/Lightshows.cpp.o
                0x0000000000082fac                edgewipe0(unsigned long, unsigned long, Adafruit_NeoPixel*)
 .text._Z9edgewipe1mmP17Adafruit_NeoPixel
                0x0000000000082fe4       0x38 Builds/Lightshows.cpp.o
                0x0000000000082fe4                edgewipe1(unsigned long, unsigned long, Adafruit_NeoPixel*)
 .text._Z9edgewipe2mmP17Adafruit_NeoPixel
                0x000000000008301c       0x38 Builds/Lightshows.cpp.o
                0x000000000008301c                edgewipe2(unsigned long, unsigned long, Adafruit_NeoPixel*)
 .text._Z10edgewipe10mmP17Adafruit_NeoPixel
                0x0000000000083054       0x38 Builds/Lightshows.cpp.o
                0x0000000000083054                edgewipe10(unsigned long, unsigned long, Adafruit_NeoPixel*)
 .text._Z10edgewipe11mmP17Adafruit_NeoPixel
                0x000000000008308c       0x38 Builds/Lightshows.cpp.o
                0x000000000008308c                edgewipe11(unsigned long, unsigned long, Adafruit_NeoPixel*)
 .text._Z10edgewipe12mmP17Adafruit_NeoPixel
                0x00000000000830c4       0x38 Builds/Lightshows.cpp.o
                0x00000000000830c4                edgewipe12(unsigned long, unsigned long, Adafruit_NeoPixel*)
 .text._Z10edgewipe20mmP17Adafruit_NeoPixel
                0x00000000000830fc       0x2c Builds/Lightshows.cpp.o
                0x00000000000830fc                edgewipe20(unsigned long, unsigned long, Adafruit_NeoPixel*)
 .text._Z10edgewipe21mmP17Adafruit_NeoPixel
                0x0000000000083128       0x30 Builds/Lightshows.cpp.o
                0x0000000000083128                edgewipe21(unsigned long, unsigned long, Adafruit_NeoPixel*)
 .text._Z10edgewipe22mmP17Adafruit_NeoPixel
                0x0000000000083158       0x2c Builds/Lightshows.cpp.o
                0x0000000000083158                edgewipe22(unsigned long, unsigned long, Adafruit_NeoPixel*)
 .text._Z10edgewipe30mmP17Adafruit_NeoPixel
                0x0000000000083184       0x24 Builds/Lightshows.cpp.o
                0x0000000000083184                edgewipe30(unsigned long, unsigned long, Adafruit_NeoPixel*)
 .text._Z10edgewipe31mmP17Adafruit_NeoPixel
                0x00000000000831a8       0x38 Builds/Lightshows.cpp.o
                0x00000000000831a8                edgewipe31(unsigned long, unsigned long, Adafruit_NeoPixel*)
 .text._Z10edgewipe32mmP17Adafruit_NeoPixel
                0x00000000000831e0       0x38 Builds/Lightshows.cpp.o
                0x00000000000831e0                edgewipe32(unsigned long, unsigned long, Adafruit_NeoPixel*)
 .text._Z2a0mmP17Adafruit_NeoPixel
                0x0000000000083218       0x38 Builds/Lightshows.cpp.o
                0x0000000000083218                a0(unsigned long, unsigned long, Adafruit_NeoPixel*)
 .text._Z2a1mmP17Adafruit_NeoPixel
                0x0000000000083250       0x38 Builds/Lightshows.cpp.o
                0x0000000000083250                a1(unsigned long, unsigned long, Adafruit_NeoPixel*)
 .text._Z2a2mmP17Adafruit_NeoPixel
                0x0000000000083288       0x38 Builds/Lightshows.cpp.o
                0x0000000000083288                a2(unsigned long, unsigned long, Adafruit_NeoPixel*)
 .text._Z2a3mmP17Adafruit_NeoPixel
                0x00000000000832c0       0x38 Builds/Lightshows.cpp.o
                0x00000000000832c0                a3(unsigned long, unsigned long, Adafruit_NeoPixel*)
 .text._Z2a4mmP17Adafruit_NeoPixel
                0x00000000000832f8       0x38 Builds/Lightshows.cpp.o
                0x00000000000832f8                a4(unsigned long, unsigned long, Adafruit_NeoPixel*)
 .text._Z2a5mmP17Adafruit_NeoPixel
                0x0000000000083330       0x38 Builds/Lightshows.cpp.o
                0x0000000000083330                a5(unsigned long, unsigned long, Adafruit_NeoPixel*)
 .text._Z2a6mmP17Adafruit_NeoPixel
                0x0000000000083368       0x38 Builds/Lightshows.cpp.o
                0x0000000000083368                a6(unsigned long, unsigned long, Adafruit_NeoPixel*)
 .text._Z2a7mmP17Adafruit_NeoPixel
                0x00000000000833a0       0x38 Builds/Lightshows.cpp.o
                0x00000000000833a0                a7(unsigned long, unsigned long, Adafruit_NeoPixel*)
 .text._Z2b0mmP17Adafruit_NeoPixel
                0x00000000000833d8       0x38 Builds/Lightshows.cpp.o
                0x00000000000833d8                b0(unsigned long, unsigned long, Adafruit_NeoPixel*)
 .text._Z2b1mmP17Adafruit_NeoPixel
                0x0000000000083410       0x30 Builds/Lightshows.cpp.o
                0x0000000000083410                b1(unsigned long, unsigned long, Adafruit_NeoPixel*)
 .text._Z2b2mmP17Adafruit_NeoPixel
                0x0000000000083440       0x38 Builds/Lightshows.cpp.o
                0x0000000000083440                b2(unsigned long, unsigned long, Adafruit_NeoPixel*)
 .text._Z2b3mmP17Adafruit_NeoPixel
                0x0000000000083478       0x38 Builds/Lightshows.cpp.o
                0x0000000000083478                b3(unsigned long, unsigned long, Adafruit_NeoPixel*)
 .text._Z2b4mmP17Adafruit_NeoPixel
                0x00000000000834b0       0x30 Builds/Lightshows.cpp.o
                0x00000000000834b0                b4(unsigned long, unsigned long, Adafruit_NeoPixel*)
 .text._Z2b5mmP17Adafruit_NeoPixel
                0x00000000000834e0       0x30 Builds/Lightshows.cpp.o
                0x00000000000834e0                b5(unsigned long, unsigned long, Adafruit_NeoPixel*)
 .text._Z2b6mmP17Adafruit_NeoPixel
                0x0000000000083510       0x38 Builds/Lightshows.cpp.o
                0x0000000000083510                b6(unsigned long, unsigned long, Adafruit_NeoPixel*)
 .text._Z2b7mmP17Adafruit_NeoPixel
                0x0000000000083548       0x38 Builds/Lightshows.cpp.o
                0x0000000000083548                b7(unsigned long, unsigned long, Adafruit_NeoPixel*)
 .text._Z2c0mmP17Adafruit_NeoPixel
                0x0000000000083580       0x38 Builds/Lightshows.cpp.o
                0x0000000000083580                c0(unsigned long, unsigned long, Adafruit_NeoPixel*)
 .text._Z2c1mmP17Adafruit_NeoPixel
                0x00000000000835b8       0x30 Builds/Lightshows.cpp.o
                0x00000000000835b8                c1(unsigned long, unsigned long, Adafruit_NeoPixel*)
 .text._Z2c2mmP17Adafruit_NeoPixel
                0x00000000000835e8       0x30 Builds/Lightshows.cpp.o
                0x00000000000835e8                c2(unsigned long, unsigned long, Adafruit_NeoPixel*)
 .text._Z2c3mmP17Adafruit_NeoPixel
                0x0000000000083618       0x30 Builds/Lightshows.cpp.o
                0x0000000000083618                c3(unsigned long, unsigned long, Adafruit_NeoPixel*)
 .text._Z2c4mmP17Adafruit_NeoPixel
                0x0000000000083648       0x30 Builds/Lightshows.cpp.o
                0x0000000000083648                c4(unsigned long, unsigned long, Adafruit_NeoPixel*)
 .text._Z2c5mmP17Adafruit_NeoPixel
                0x0000000000083678       0x30 Builds/Lightshows.cpp.o
                0x0000000000083678                c5(unsigned long, unsigned long, Adafruit_NeoPixel*)
 .text._Z2c6mmP17Adafruit_NeoPixel
                0x00000000000836a8       0x38 Builds/Lightshows.cpp.o
                0x00000000000836a8                c6(unsigned long, unsigned long, Adafruit_NeoPixel*)
 .text._Z2c7mmP17Adafruit_NeoPixel
                0x00000000000836e0       0x38 Builds/Lightshows.cpp.o
                0x00000000000836e0                c7(unsigned long, unsigned long, Adafruit_NeoPixel*)
 .text._Z2e0mmP17Adafruit_NeoPixel
                0x0000000000083718       0x30 Builds/Lightshows.cpp.o
                0x0000000000083718                e0(unsigned long, unsigned long, Adafruit_NeoPixel*)
 .text._Z2e1mmP17Adafruit_NeoPixel
                0x0000000000083748       0x30 Builds/Lightshows.cpp.o
                0x0000000000083748                e1(unsigned long, unsigned long, Adafruit_NeoPixel*)
 .text._Z2e2mmP17Adafruit_NeoPixel
                0x0000000000083778       0x38 Builds/Lightshows.cpp.o
                0x0000000000083778                e2(unsigned long, unsigned long, Adafruit_NeoPixel*)
 .text._Z2e3mmP17Adafruit_NeoPixel
                0x00000000000837b0       0x30 Builds/Lightshows.cpp.o
                0x00000000000837b0                e3(unsigned long, unsigned long, Adafruit_NeoPixel*)
 .text._Z2e4mmP17Adafruit_NeoPixel
                0x00000000000837e0       0x30 Builds/Lightshows.cpp.o
                0x00000000000837e0                e4(unsigned long, unsigned long, Adafruit_NeoPixel*)
 .text._Z2e5mmP17Adafruit_NeoPixel
                0x0000000000083810       0x30 Builds/Lightshows.cpp.o
                0x0000000000083810                e5(unsigned long, unsigned long, Adafruit_NeoPixel*)
 .text._Z2e6mmP17Adafruit_NeoPixel
                0x0000000000083840       0x30 Builds/Lightshows.cpp.o
                0x0000000000083840                e6(unsigned long, unsigned long, Adafruit_NeoPixel*)
 .text._Z2e7mmP17Adafruit_NeoPixel
                0x0000000000083870       0x30 Builds/Lightshows.cpp.o
                0x0000000000083870                e7(unsigned long, unsigned long, Adafruit_NeoPixel*)
 .text._Z2f0mmP17Adafruit_NeoPixel
                0x00000000000838a0       0x20 Builds/Lightshows.cpp.o
                0x00000000000838a0                f0(unsigned long, unsigned long, Adafruit_NeoPixel*)
 .text._Z2f1mmP17Adafruit_NeoPixel
                0x00000000000838c0       0x2c Builds/Lightshows.cpp.o
                0x00000000000838c0                f1(unsigned long, unsigned long, Adafruit_NeoPixel*)
 .text._Z2f2mmP17Adafruit_NeoPixel
                0x00000000000838ec       0x24 Builds/Lightshows.cpp.o
                0x00000000000838ec                f2(unsigned long, unsigned long, Adafruit_NeoPixel*)
 .text._Z2f3mmP17Adafruit_NeoPixel
                0x0000000000083910       0x24 Builds/Lightshows.cpp.o
                0x0000000000083910                f3(unsigned long, unsigned long, Adafruit_NeoPixel*)
 .text._Z2f4mmP17Adafruit_NeoPixel
                0x0000000000083934       0x2c Builds/Lightshows.cpp.o
                0x0000000000083934                f4(unsigned long, unsigned long, Adafruit_NeoPixel*)
 .text._Z2f5mmP17Adafruit_NeoPixel
                0x0000000000083960       0x30 Builds/Lightshows.cpp.o
                0x0000000000083960                f5(unsigned long, unsigned long, Adafruit_NeoPixel*)
 .text._Z2f6mmP17Adafruit_NeoPixel
                0x0000000000083990       0x20 Builds/Lightshows.cpp.o
                0x0000000000083990                f6(unsigned long, unsigned long, Adafruit_NeoPixel*)
 .text._Z2f7mmP17Adafruit_NeoPixel
                0x00000000000839b0       0x24 Builds/Lightshows.cpp.o
                0x00000000000839b0                f7(unsigned long, unsigned long, Adafruit_NeoPixel*)
 .text._Z2g0mmP17Adafruit_NeoPixel
                0x00000000000839d4       0x38 Builds/Lightshows.cpp.o
                0x00000000000839d4                g0(unsigned long, unsigned long, Adafruit_NeoPixel*)
 .text._Z2g1mmP17Adafruit_NeoPixel
                0x0000000000083a0c       0x28 Builds/Lightshows.cpp.o
                0x0000000000083a0c                g1(unsigned long, unsigned long, Adafruit_NeoPixel*)
 .text._Z2g2mmP17Adafruit_NeoPixel
                0x0000000000083a34       0x38 Builds/Lightshows.cpp.o
                0x0000000000083a34                g2(unsigned long, unsigned long, Adafruit_NeoPixel*)
 .text._Z2g3mmP17Adafruit_NeoPixel
                0x0000000000083a6c       0x38 Builds/Lightshows.cpp.o
                0x0000000000083a6c                g3(unsigned long, unsigned long, Adafruit_NeoPixel*)
 .text._Z2g4mmP17Adafruit_NeoPixel
                0x0000000000083aa4       0x38 Builds/Lightshows.cpp.o
                0x0000000000083aa4                g4(unsigned long, unsigned long, Adafruit_NeoPixel*)
 .text._Z2g5mmP17Adafruit_NeoPixel
                0x0000000000083adc       0x38 Builds/Lightshows.cpp.o
                0x0000000000083adc                g5(unsigned long, unsigned long, Adafruit_NeoPixel*)
 .text._Z2g6mmP17Adafruit_NeoPixel
                0x0000000000083b14       0x28 Builds/Lightshows.cpp.o
                0x0000000000083b14                g6(unsigned long, unsigned long, Adafruit_NeoPixel*)
 .text._Z2g7mmP17Adafruit_NeoPixel
                0x0000000000083b3c       0x38 Builds/Lightshows.cpp.o
                0x0000000000083b3c                g7(unsigned long, unsigned long, Adafruit_NeoPixel*)
 .text._Z2h0mmP17Adafruit_NeoPixel
                0x0000000000083b74       0x28 Builds/Lightshows.cpp.o
                0x0000000000083b74                h0(unsigned long, unsigned long, Adafruit_NeoPixel*)
 .text._Z2h1mmP17Adafruit_NeoPixel
                0x0000000000083b9c       0x2c Builds/Lightshows.cpp.o
                0x0000000000083b9c                h1(unsigned long, unsigned long, Adafruit_NeoPixel*)
 .text._Z2h2mmP17Adafruit_NeoPixel
                0x0000000000083bc8       0x30 Builds/Lightshows.cpp.o
                0x0000000000083bc8                h2(unsigned long, unsigned long, Adafruit_NeoPixel*)
 .text._Z2h3mmP17Adafruit_NeoPixel
                0x0000000000083bf8       0x28 Builds/Lightshows.cpp.o
                0x0000000000083bf8                h3(unsigned long, unsigned long, Adafruit_NeoPixel*)
 .text._Z2h4mmP17Adafruit_NeoPixel
                0x0000000000083c20       0x28 Builds/Lightshows.cpp.o
                0x0000000000083c20                h4(unsigned long, unsigned long, Adafruit_NeoPixel*)
 .text._Z2h5mmP17Adafruit_NeoPixel
                0x0000000000083c48       0x30 Builds/Lightshows.cpp.o
                0x0000000000083c48                h5(unsigned long, unsigned long, Adafruit_NeoPixel*)
 .text._Z2h6mmP17Adafruit_NeoPixel
                0x0000000000083c78       0x2c Builds/Lightshows.cpp.o
                0x0000000000083c78                h6(unsigned long, unsigned long, Adafruit_NeoPixel*)
 .text._Z2h7mmP17Adafruit_NeoPixel
                0x0000000000083ca4       0x28 Builds/Lightshows.cpp.o
                0x0000000000083ca4                h7(unsigned long, unsigned long, Adafruit_NeoPixel*)
 .text._ZN28activePrimitiveLightshowListC2Ev
                0x0000000000083ccc       0x2a Builds/LocalLibrary.cpp.o
                0x0000000000083ccc                activePrimitiveLightshowList::activePrimitiveLightshowList()
                0x0000000000083ccc                activePrimitiveLightshowList::activePrimitiveLightshowList()
 *fill*         0x0000000000083cf6        0x2 
 .text._ZN28activePrimitiveLightshowList12addLightshowEimP17Adafruit_NeoPixelPFvmmS1_E
                0x0000000000083cf8       0x58 Builds/LocalLibrary.cpp.o
                0x0000000000083cf8                activePrimitiveLightshowList::addLightshow(int, unsigned long, Adafruit_NeoPixel*, void (*)(unsigned long, unsigned long, Adafruit_NeoPixel*))
 .text._ZN28activePrimitiveLightshowList15removeLightshowEi
                0x0000000000083d50       0x46 Builds/LocalLibrary.cpp.o
                0x0000000000083d50                activePrimitiveLightshowList::removeLightshow(int)
 .text._ZN27activeSymbolicLightshowListC2Ev
                0x0000000000083d96       0x1e Builds/LocalLibrary.cpp.o
                0x0000000000083d96                activeSymbolicLightshowList::activeSymbolicLightshowList()
                0x0000000000083d96                activeSymbolicLightshowList::activeSymbolicLightshowList()
 .text._ZN27activeSymbolicLightshowList12addLightshowEimP17Adafruit_NeoPixelPFvmmS1_E
                0x0000000000083db4       0x38 Builds/LocalLibrary.cpp.o
                0x0000000000083db4                activeSymbolicLightshowList::addLightshow(int, unsigned long, Adafruit_NeoPixel*, void (*)(unsigned long, unsigned long, Adafruit_NeoPixel*))
 .text._ZN27activeSymbolicLightshowList15removeLightshowEi
                0x0000000000083dec       0x1a Builds/LocalLibrary.cpp.o
                0x0000000000083dec                activeSymbolicLightshowList::removeLightshow(int)
 *fill*         0x0000000000083e06        0x2 
 .text._ZN27activeSymbolicLightshowList21activateNextLightshowEi
                0x0000000000083e08       0x44 Builds/LocalLibrary.cpp.o
                0x0000000000083e08                activeSymbolicLightshowList::activateNextLightshow(int)
 .text._ZN28activePrimitiveLightshowList9updateAllEv
                0x0000000000083e4c       0x54 Builds/LocalLibrary.cpp.o
                0x0000000000083e4c                activePrimitiveLightshowList::updateAll()
 .text._ZN23activePhysicalStripList8addStripEP17Adafruit_NeoPixel
                0x0000000000083ea0       0x14 Builds/LocalLibrary.cpp.o
                0x0000000000083ea0                activePhysicalStripList::addStrip(Adafruit_NeoPixel*)
 .text._ZN23activePhysicalStripList7showAllEv
                0x0000000000083eb4       0x1c Builds/LocalLibrary.cpp.o
                0x0000000000083eb4                activePhysicalStripList::showAll()
 .text.startup._GLOBAL__sub_I_APL_list
                0x0000000000083ed0       0x48 Builds/LocalLibrary.cpp.o
 .text._Z11setupStripsv
                0x0000000000083f18      0x194 Builds/Strips.cpp.o
                0x0000000000083f18                setupStrips()
 .text.startup._GLOBAL__sub_I_pod0
                0x00000000000840ac      0x2dc Builds/Strips.cpp.o
 .text._Z8testerCXv
                0x0000000000084388        0x4 Builds/colours.cpp.o
                0x0000000000084388                testerCX()
 .text._Z8testerC0v
                0x000000000008438c        0x6 Builds/colours.cpp.o
                0x000000000008438c                testerC0()
 *fill*         0x0000000000084392        0x2 
 .text._Z8testerC1v
                0x0000000000084394        0x8 Builds/colours.cpp.o
                0x0000000000084394                testerC1()
 .text._Z8testerC2v
                0x000000000008439c        0x6 Builds/colours.cpp.o
                0x000000000008439c                testerC2()
 *fill*         0x00000000000843a2        0x2 
 .text._Z8testerC3v
                0x00000000000843a4        0x8 Builds/colours.cpp.o
                0x00000000000843a4                testerC3()
 .text._Z7red1500v
                0x00000000000843ac        0x6 Builds/colours.cpp.o
                0x00000000000843ac                red1500()
 .text._Z8blue0015v
                0x00000000000843b2        0x4 Builds/colours.cpp.o
                0x00000000000843b2                blue0015()
 .text._Z9cyan01515v
                0x00000000000843b6        0x6 Builds/colours.cpp.o
                0x00000000000843b6                cyan01515()
 .text._Z12magenta15015v
                0x00000000000843bc        0x6 Builds/colours.cpp.o
                0x00000000000843bc                magenta15015()
 *fill*         0x00000000000843c2        0x2 
 .text._Z11yellow15150v
                0x00000000000843c4        0x8 Builds/colours.cpp.o
                0x00000000000843c4                yellow15150()
 .text._Z11white151515v
                0x00000000000843cc        0x8 Builds/colours.cpp.o
                0x00000000000843cc                white151515()
 .text._Z8black000v
                0x00000000000843d4        0x4 Builds/colours.cpp.o
                0x00000000000843d4                black000()
 .text._Z9orange880v
                0x00000000000843d8        0x8 Builds/colours.cpp.o
                0x00000000000843d8                orange880()
 .text._Z10purple8015v
                0x00000000000843e0        0x8 Builds/colours.cpp.o
                0x00000000000843e0                purple8015()
 .text._Z8lime8150v
                0x00000000000843e8        0x8 Builds/colours.cpp.o
                0x00000000000843e8                lime8150()
 .text._Z9green0150v
                0x00000000000843f0        0x6 Builds/colours.cpp.o
                0x00000000000843f0                green0150()
 *fill*         0x00000000000843f6        0x2 
 .text._Z11crimson1508v
                0x00000000000843f8        0x8 Builds/colours.cpp.o
                0x00000000000843f8                crimson1508()
 .text._Z10cobalt0815v
                0x0000000000084400        0x6 Builds/colours.cpp.o
                0x0000000000084400                cobalt0815()
 .text._Z7red0700v
                0x0000000000084406        0x6 Builds/colours.cpp.o
                0x0000000000084406                red0700()
 .text._Z9green0070v
                0x000000000008440c        0x6 Builds/colours.cpp.o
                0x000000000008440c                green0070()
 .text._Z8blue0007v
                0x0000000000084412        0x4 Builds/colours.cpp.o
                0x0000000000084412                blue0007()
 .text._Z10darkred300v
                0x0000000000084416        0x6 Builds/colours.cpp.o
                0x0000000000084416                darkred300()
 .text._Z11magenta0707v
                0x000000000008441c        0x6 Builds/colours.cpp.o
                0x000000000008441c                magenta0707()
 .text._Z8cyan0077v
                0x0000000000084422        0x6 Builds/colours.cpp.o
                0x0000000000084422                cyan0077()
 .text._Z11crimson0703v
                0x0000000000084428        0x8 Builds/colours.cpp.o
                0x0000000000084428                crimson0703()
 .text._Z8lime0370v
                0x0000000000084430        0x8 Builds/colours.cpp.o
                0x0000000000084430                lime0370()
 .text._Z10cobalt0037v
                0x0000000000084438        0x6 Builds/colours.cpp.o
                0x0000000000084438                cobalt0037()
 .text._Z12blueblack001v
                0x000000000008443e        0x4 Builds/colours.cpp.o
                0x000000000008443e                blueblack001()
 .text._Z11redblack100v
                0x0000000000084442        0x6 Builds/colours.cpp.o
                0x0000000000084442                redblack100()
 .text._Z7custardv
                0x0000000000084448        0x8 Builds/colours.cpp.o
                0x0000000000084448                custard()
 .text._Z5lemonv
                0x0000000000084450        0x8 Builds/colours.cpp.o
                0x0000000000084450                lemon()
 .text._Z7peacockv
                0x0000000000084458        0x6 Builds/colours.cpp.o
                0x0000000000084458                peacock()
 *fill*         0x000000000008445e        0x2 
 .text._Z4pinkv
                0x0000000000084460        0x8 Builds/colours.cpp.o
                0x0000000000084460                pink()
 .text.setup    0x0000000000084468       0x64 Builds/main.cpp.o
                0x0000000000084468                setup
 .text.loop     0x00000000000844cc       0x44 Builds/main.cpp.o
                0x00000000000844cc                loop
 .text.startup.main
                0x0000000000084510       0x30 Builds/main.cpp.o
                0x0000000000084510                main
 .text._ZN10RingBufferC2Ev
                0x0000000000084540       0x16 Builds/embeddedcomputing.a(RingBuffer.cpp.o)
                0x0000000000084540                RingBuffer::RingBuffer()
                0x0000000000084540                RingBuffer::RingBuffer()
 .text._ZN10RingBuffer10store_charEh
                0x0000000000084556       0x16 Builds/embeddedcomputing.a(RingBuffer.cpp.o)
                0x0000000000084556                RingBuffer::store_char(unsigned char)
 .text._ZN9UARTClasscvbEv
                0x000000000008456c        0x4 Builds/embeddedcomputing.a(UARTClass.cpp.o)
                0x000000000008456c                UARTClass::operator bool()
 .text._ZN9UARTClass9availableEv
                0x0000000000084570        0xe Builds/embeddedcomputing.a(UARTClass.cpp.o)
                0x0000000000084570                UARTClass::available()
 .text._ZN9UARTClass4peekEv
                0x000000000008457e       0x12 Builds/embeddedcomputing.a(UARTClass.cpp.o)
                0x000000000008457e                UARTClass::peek()
 .text._ZN9UARTClass4readEv
                0x0000000000084590       0x1c Builds/embeddedcomputing.a(UARTClass.cpp.o)
                0x0000000000084590                UARTClass::read()
 .text._ZN9UARTClass5flushEv
                0x00000000000845ac        0xa Builds/embeddedcomputing.a(UARTClass.cpp.o)
                0x00000000000845ac                UARTClass::flush()
 .text._ZN9UARTClass5writeEh
                0x00000000000845b6        0xe Builds/embeddedcomputing.a(UARTClass.cpp.o)
                0x00000000000845b6                UARTClass::write(unsigned char)
 .text._ZN9UARTClass5beginEm
                0x00000000000845c4       0x5c Builds/embeddedcomputing.a(UARTClass.cpp.o)
                0x00000000000845c4                UARTClass::begin(unsigned long)
 .text._ZN9UARTClass3endEv
                0x0000000000084620       0x38 Builds/embeddedcomputing.a(UARTClass.cpp.o)
                0x0000000000084620                UARTClass::end()
 .text._ZN9UARTClassC2EP4Uart4IRQnmP10RingBuffer
                0x0000000000084658       0x20 Builds/embeddedcomputing.a(UARTClass.cpp.o)
                0x0000000000084658                UARTClass::UARTClass(Uart*, IRQn, unsigned long, RingBuffer*)
                0x0000000000084658                UARTClass::UARTClass(Uart*, IRQn, unsigned long, RingBuffer*)
 .text._ZN9UARTClass10IrqHandlerEv
                0x0000000000084678       0x28 Builds/embeddedcomputing.a(UARTClass.cpp.o)
                0x0000000000084678                UARTClass::IrqHandler()
 .text._ZN10USARTClasscvbEv
                0x00000000000846a0        0x4 Builds/embeddedcomputing.a(USARTClass.cpp.o)
                0x00000000000846a0                USARTClass::operator bool()
 .text._ZN10USARTClass9availableEv
                0x00000000000846a4        0xe Builds/embeddedcomputing.a(USARTClass.cpp.o)
                0x00000000000846a4                USARTClass::available()
 .text._ZN10USARTClass4peekEv
                0x00000000000846b2       0x12 Builds/embeddedcomputing.a(USARTClass.cpp.o)
                0x00000000000846b2                USARTClass::peek()
 .text._ZN10USARTClass4readEv
                0x00000000000846c4       0x1c Builds/embeddedcomputing.a(USARTClass.cpp.o)
                0x00000000000846c4                USARTClass::read()
 .text._ZN10USARTClass5flushEv
                0x00000000000846e0        0xa Builds/embeddedcomputing.a(USARTClass.cpp.o)
                0x00000000000846e0                USARTClass::flush()
 .text._ZN10USARTClass5writeEh
                0x00000000000846ea        0xe Builds/embeddedcomputing.a(USARTClass.cpp.o)
                0x00000000000846ea                USARTClass::write(unsigned char)
 .text._ZN10USARTClass3endEv
                0x00000000000846f8       0x38 Builds/embeddedcomputing.a(USARTClass.cpp.o)
                0x00000000000846f8                USARTClass::end()
 .text._ZN10USARTClassC2EP5Usart4IRQnmP10RingBuffer
                0x0000000000084730       0x20 Builds/embeddedcomputing.a(USARTClass.cpp.o)
                0x0000000000084730                USARTClass::USARTClass(Usart*, IRQn, unsigned long, RingBuffer*)
                0x0000000000084730                USARTClass::USARTClass(Usart*, IRQn, unsigned long, RingBuffer*)
 .text._ZN10USARTClass5beginEmm
                0x0000000000084750       0x58 Builds/embeddedcomputing.a(USARTClass.cpp.o)
                0x0000000000084750                USARTClass::begin(unsigned long, unsigned long)
 .text._ZN10USARTClass5beginEm
                0x00000000000847a8        0x8 Builds/embeddedcomputing.a(USARTClass.cpp.o)
                0x00000000000847a8                USARTClass::begin(unsigned long)
 .text._ZN10USARTClass10IrqHandlerEv
                0x00000000000847b0       0x28 Builds/embeddedcomputing.a(USARTClass.cpp.o)
                0x00000000000847b0                USARTClass::IrqHandler()
 .text.unlikely._ZL11USB_SendZlpv
                0x00000000000847d8       0x20 Builds/embeddedcomputing.a(USBCore.cpp.o)
 .text._Z14USBD_Availablem
                0x00000000000847f8       0x2c Builds/embeddedcomputing.a(USBCore.cpp.o)
                0x00000000000847f8                USBD_Available(unsigned long)
 .text._Z9USBD_RecvmPvm
                0x0000000000084824       0x7c Builds/embeddedcomputing.a(USBCore.cpp.o)
                0x0000000000084824                USBD_Recv(unsigned long, void*, unsigned long)
 .text._Z9USBD_Recvm
                0x00000000000848a0       0x22 Builds/embeddedcomputing.a(USBCore.cpp.o)
                0x00000000000848a0                USBD_Recv(unsigned long)
 *fill*         0x00000000000848c2        0x2 
 .text._Z9USBD_SendmPKvm
                0x00000000000848c4       0x4c Builds/embeddedcomputing.a(USBCore.cpp.o)
                0x00000000000848c4                USBD_Send(unsigned long, void const*, unsigned long)
 .text._Z16USBD_SendControlhPKvm
                0x0000000000084910       0x40 Builds/embeddedcomputing.a(USBCore.cpp.o)
                0x0000000000084910                USBD_SendControl(unsigned char, void const*, unsigned long)
 .text.unlikely._ZL24USB_SendStringDescriptorPKhi
                0x0000000000084950       0x38 Builds/embeddedcomputing.a(USBCore.cpp.o)
 .text._Z16USBD_RecvControlPvm
                0x0000000000084988       0x1c Builds/embeddedcomputing.a(USBCore.cpp.o)
                0x0000000000084988                USBD_RecvControl(void*, unsigned long)
 .text._Z26USBD_ClassInterfaceRequestR5Setup
                0x00000000000849a4       0x14 Builds/embeddedcomputing.a(USBCore.cpp.o)
                0x00000000000849a4                USBD_ClassInterfaceRequest(Setup&)
 .text._Z19USBD_SendInterfacesv
                0x00000000000849b8       0x1e Builds/embeddedcomputing.a(USBCore.cpp.o)
                0x00000000000849b8                USBD_SendInterfaces()
 .text._Z24USBD_SendOtherInterfacesv
                0x00000000000849d6       0x1e Builds/embeddedcomputing.a(USBCore.cpp.o)
                0x00000000000849d6                USBD_SendOtherInterfaces()
 .text._Z10USBD_Flushm
                0x00000000000849f4       0x16 Builds/embeddedcomputing.a(USBCore.cpp.o)
                0x00000000000849f4                USBD_Flush(unsigned long)
 *fill*         0x0000000000084a0a        0x2 
 .text._ZN10USBDevice_C2Ev
                0x0000000000084a0c       0x24 Builds/embeddedcomputing.a(USBCore.cpp.o)
                0x0000000000084a0c                USBDevice_::USBDevice_()
                0x0000000000084a0c                USBDevice_::USBDevice_()
 .text._ZN10USBDevice_6attachEv
                0x0000000000084a30       0x20 Builds/embeddedcomputing.a(USBCore.cpp.o)
                0x0000000000084a30                USBDevice_::attach()
 .text.startup._GLOBAL__sub_I_TxLEDPulse
                0x0000000000084a50        0xc Builds/embeddedcomputing.a(USBCore.cpp.o)
 .text._ZL7USB_ISRv
                0x0000000000084a5c      0x424 Builds/embeddedcomputing.a(USBCore.cpp.o)
 .text.PIOA_Handler
                0x0000000000084e80       0x28 Builds/embeddedcomputing.a(WInterrupts.c.o)
                0x0000000000084e80                PIOA_Handler
 .text.PIOB_Handler
                0x0000000000084ea8       0x28 Builds/embeddedcomputing.a(WInterrupts.c.o)
                0x0000000000084ea8                PIOB_Handler
 .text.PIOC_Handler
                0x0000000000084ed0       0x28 Builds/embeddedcomputing.a(WInterrupts.c.o)
                0x0000000000084ed0                PIOC_Handler
 .text.PIOD_Handler
                0x0000000000084ef8       0x28 Builds/embeddedcomputing.a(WInterrupts.c.o)
                0x0000000000084ef8                PIOD_Handler
 .text.__halt   0x0000000000084f20        0x2 Builds/embeddedcomputing.a(cortex_handlers.c.o)
                0x0000000000084f20                SPI0_Handler
                0x0000000000084f20                DebugMon_Handler
                0x0000000000084f20                DMAC_Handler
                0x0000000000084f20                TRNG_Handler
                0x0000000000084f20                HardFault_Handler
                0x0000000000084f20                TC2_Handler
                0x0000000000084f20                TWI1_Handler
                0x0000000000084f20                NMI_Handler
                0x0000000000084f20                TC7_Handler
                0x0000000000084f20                ADC_Handler
                0x0000000000084f20                SMC_Handler
                0x0000000000084f20                RTT_Handler
                0x0000000000084f20                EFC1_Handler
                0x0000000000084f20                RTC_Handler
                0x0000000000084f20                UsageFault_Handler
                0x0000000000084f20                TC6_Handler
                0x0000000000084f20                WDT_Handler
                0x0000000000084f20                CAN0_Handler
                0x0000000000084f20                TC4_Handler
                0x0000000000084f20                TC1_Handler
                0x0000000000084f20                HSMCI_Handler
                0x0000000000084f20                TC3_Handler
                0x0000000000084f20                TWI0_Handler
                0x0000000000084f20                SSC_Handler
                0x0000000000084f20                EFC0_Handler
                0x0000000000084f20                PMC_Handler
                0x0000000000084f20                PWM_Handler
                0x0000000000084f20                CAN1_Handler
                0x0000000000084f20                MemManage_Handler
                0x0000000000084f20                SUPC_Handler
                0x0000000000084f20                TC8_Handler
                0x0000000000084f20                USART2_Handler
                0x0000000000084f20                EMAC_Handler
                0x0000000000084f20                BusFault_Handler
                0x0000000000084f20                RSTC_Handler
                0x0000000000084f20                TC0_Handler
                0x0000000000084f20                TC5_Handler
                0x0000000000084f20                DACC_Handler
 .text.SVC_Handler
                0x0000000000084f22        0x4 Builds/embeddedcomputing.a(cortex_handlers.c.o)
                0x0000000000084f22                SVC_Handler
 .text.PendSV_Handler
                0x0000000000084f26        0x4 Builds/embeddedcomputing.a(cortex_handlers.c.o)
                0x0000000000084f26                PendSV_Handler
 .text.SysTick_Handler
                0x0000000000084f2a       0x16 Builds/embeddedcomputing.a(cortex_handlers.c.o)
                0x0000000000084f2a                SysTick_Handler
 .text.__empty  0x0000000000084f40        0x2 Builds/embeddedcomputing.a(hooks.c.o)
                0x0000000000084f40                yield
 .text.__false  0x0000000000084f42        0x4 Builds/embeddedcomputing.a(hooks.c.o)
                0x0000000000084f42                sysTickHook
 .text.__halt   0x0000000000084f46        0x2 Builds/embeddedcomputing.a(hooks.c.o)
                0x0000000000084f46                pendSVHook
                0x0000000000084f46                svcHook
 .text._Znwj    0x0000000000084f48        0x4 Builds/embeddedcomputing.a(new.cpp.o)
                0x0000000000084f48                operator new(unsigned int)
 .text.millis   0x0000000000084f4c        0x4 Builds/embeddedcomputing.a(wiring.c.o)
                0x0000000000084f4c                millis
 .text.micros   0x0000000000084f50       0x74 Builds/embeddedcomputing.a(wiring.c.o)
                0x0000000000084f50                micros
 .text.delay    0x0000000000084fc4       0x1c Builds/embeddedcomputing.a(wiring.c.o)
                0x0000000000084fc4                delay
 .text.analogOutputInit
                0x0000000000084fe0       0x14 Builds/embeddedcomputing.a(wiring_analog.c.o)
                0x0000000000084fe0                analogOutputInit
 .text.pinMode  0x0000000000084ff4       0x64 Builds/embeddedcomputing.a(wiring_digital.c.o)
                0x0000000000084ff4                pinMode
 .text.digitalWrite
                0x0000000000085058       0x48 Builds/embeddedcomputing.a(wiring_digital.c.o)
                0x0000000000085058                digitalWrite
 .text._ZN5Print5writeEPKhj
                0x00000000000850a0       0x22 Builds/embeddedcomputing.a(Print.cpp.o)
                0x00000000000850a0                Print::write(unsigned char const*, unsigned int)
 *fill*         0x00000000000850c2        0x2 
 .text.initiateReset
                0x00000000000850c4        0xc Builds/embeddedcomputing.a(Reset.cpp.o)
                0x00000000000850c4                initiateReset
 .text.cancelReset
                0x00000000000850d0       0x10 Builds/embeddedcomputing.a(Reset.cpp.o)
                0x00000000000850d0                cancelReset
 .text.tickReset
                0x00000000000850e0       0x20 Builds/embeddedcomputing.a(Reset.cpp.o)
                0x00000000000850e0                tickReset
 .text._ZN7Serial_9availableEv
                0x0000000000085100       0x18 Builds/embeddedcomputing.a(CDC.cpp.o)
                0x0000000000085100                Serial_::available()
 .text._ZN7Serial_4peekEv
                0x0000000000085118       0x20 Builds/embeddedcomputing.a(CDC.cpp.o)
                0x0000000000085118                Serial_::peek()
 .text._ZN7Serial_5writeEh
                0x0000000000085138       0x16 Builds/embeddedcomputing.a(CDC.cpp.o)
                0x0000000000085138                Serial_::write(unsigned char)
 *fill*         0x000000000008514e        0x2 
 .text._ZN7Serial_4readEv
                0x0000000000085150       0x44 Builds/embeddedcomputing.a(CDC.cpp.o)
                0x0000000000085150                Serial_::read()
 .text._ZN7Serial_5flushEv
                0x0000000000085194        0x6 Builds/embeddedcomputing.a(CDC.cpp.o)
                0x0000000000085194                Serial_::flush()
 *fill*         0x000000000008519a        0x2 
 .text._ZN7Serial_6acceptEv
                0x000000000008519c       0x70 Builds/embeddedcomputing.a(CDC.cpp.o)
                0x000000000008519c                Serial_::accept()
 .text._ZN7Serial_5writeEPKhj
                0x000000000008520c       0x2c Builds/embeddedcomputing.a(CDC.cpp.o)
                0x000000000008520c                Serial_::write(unsigned char const*, unsigned int)
 .text._Z16CDC_GetInterfacePh
                0x0000000000085238       0x14 Builds/embeddedcomputing.a(CDC.cpp.o)
                0x0000000000085238                CDC_GetInterface(unsigned char*)
 .text._Z21CDC_GetOtherInterfacePh
                0x000000000008524c       0x14 Builds/embeddedcomputing.a(CDC.cpp.o)
                0x000000000008524c                CDC_GetOtherInterface(unsigned char*)
 .text._Z9CDC_SetupR5Setup
                0x0000000000085260       0x64 Builds/embeddedcomputing.a(CDC.cpp.o)
                0x0000000000085260                CDC_Setup(Setup&)
 .text.startup._GLOBAL__sub_I_cdc_rx_buffer
                0x00000000000852c4       0x1c Builds/embeddedcomputing.a(CDC.cpp.o)
 .text._ZN9Keyboard_5writeEh
                0x00000000000852e0       0x1c Builds/embeddedcomputing.a(HID.cpp.o)
                0x00000000000852e0                Keyboard_::write(unsigned char)
 .text._Z16HID_GetInterfacePh
                0x00000000000852fc       0x14 Builds/embeddedcomputing.a(HID.cpp.o)
                0x00000000000852fc                HID_GetInterface(unsigned char*)
 .text._Z17HID_GetDescriptori
                0x0000000000085310       0x10 Builds/embeddedcomputing.a(HID.cpp.o)
                0x0000000000085310                HID_GetDescriptor(int)
 .text._Z14HID_SendReporthPKvm
                0x0000000000085320       0x2e Builds/embeddedcomputing.a(HID.cpp.o)
                0x0000000000085320                HID_SendReport(unsigned char, void const*, unsigned long)
 *fill*         0x000000000008534e        0x2 
 .text._Z9HID_SetupR5Setup
                0x0000000000085350       0x40 Builds/embeddedcomputing.a(HID.cpp.o)
                0x0000000000085350                HID_Setup(Setup&)
 .text._ZN9Keyboard_10sendReportEP9KeyReport
                0x0000000000085390        0xc Builds/embeddedcomputing.a(HID.cpp.o)
                0x0000000000085390                Keyboard_::sendReport(KeyReport*)
 .text._ZN9Keyboard_5pressEh
                0x000000000008539c       0x88 Builds/embeddedcomputing.a(HID.cpp.o)
                0x000000000008539c                Keyboard_::press(unsigned char)
 .text._ZN9Keyboard_7releaseEh
                0x0000000000085424       0x64 Builds/embeddedcomputing.a(HID.cpp.o)
                0x0000000000085424                Keyboard_::release(unsigned char)
 .text._ZN9Keyboard_10releaseAllEv
                0x0000000000085488       0x18 Builds/embeddedcomputing.a(HID.cpp.o)
                0x0000000000085488                Keyboard_::releaseAll()
 .text.startup._GLOBAL__sub_I_Mouse
                0x00000000000854a0       0x1c Builds/embeddedcomputing.a(HID.cpp.o)
 .text.TC_Configure
                0x00000000000854bc       0x38 /Applications/Arduino.app/Contents/Resources/Java/hardware/arduino/sam/variants/arduino_due_x/libsam_sam3x8e_gcc_rel.a(tc.o)
                0x00000000000854bc                TC_Configure
 .text.TC_Start
                0x00000000000854f4       0x2c /Applications/Arduino.app/Contents/Resources/Java/hardware/arduino/sam/variants/arduino_due_x/libsam_sam3x8e_gcc_rel.a(tc.o)
                0x00000000000854f4                TC_Start
 .text.TC_Stop  0x0000000000085520       0x2c /Applications/Arduino.app/Contents/Resources/Java/hardware/arduino/sam/variants/arduino_due_x/libsam_sam3x8e_gcc_rel.a(tc.o)
                0x0000000000085520                TC_Stop
 .text.TimeTick_Increment
                0x000000000008554c       0x10 /Applications/Arduino.app/Contents/Resources/Java/hardware/arduino/sam/variants/arduino_due_x/libsam_sam3x8e_gcc_rel.a(timetick.o)
                0x000000000008554c                TimeTick_Increment
 .text.GetTickCount
                0x000000000008555c        0xc /Applications/Arduino.app/Contents/Resources/Java/hardware/arduino/sam/variants/arduino_due_x/libsam_sam3x8e_gcc_rel.a(timetick.o)
                0x000000000008555c                GetTickCount
 .text.UDD_SetStack
                0x0000000000085568        0xc /Applications/Arduino.app/Contents/Resources/Java/hardware/arduino/sam/variants/arduino_due_x/libsam_sam3x8e_gcc_rel.a(uotghs_device.o)
                0x0000000000085568                UDD_SetStack
 .text.UDD_Init
                0x0000000000085574       0xd0 /Applications/Arduino.app/Contents/Resources/Java/hardware/arduino/sam/variants/arduino_due_x/libsam_sam3x8e_gcc_rel.a(uotghs_device.o)
                0x0000000000085574                UDD_Init
 .text.UDD_Attach
                0x0000000000085644       0x4c /Applications/Arduino.app/Contents/Resources/Java/hardware/arduino/sam/variants/arduino_due_x/libsam_sam3x8e_gcc_rel.a(uotghs_device.o)
                0x0000000000085644                UDD_Attach
 .text.UDD_InitEP
                0x0000000000085690       0x30 /Applications/Arduino.app/Contents/Resources/Java/hardware/arduino/sam/variants/arduino_due_x/libsam_sam3x8e_gcc_rel.a(uotghs_device.o)
                0x0000000000085690                UDD_InitEP
 .text.UDD_InitEndpoints
                0x00000000000856c0       0x3c /Applications/Arduino.app/Contents/Resources/Java/hardware/arduino/sam/variants/arduino_due_x/libsam_sam3x8e_gcc_rel.a(uotghs_device.o)
                0x00000000000856c0                UDD_InitEndpoints
 .text.UDD_WaitIN
                0x00000000000856fc       0x14 /Applications/Arduino.app/Contents/Resources/Java/hardware/arduino/sam/variants/arduino_due_x/libsam_sam3x8e_gcc_rel.a(uotghs_device.o)
                0x00000000000856fc                UDD_WaitIN
 .text.UDD_WaitOUT
                0x0000000000085710       0x14 /Applications/Arduino.app/Contents/Resources/Java/hardware/arduino/sam/variants/arduino_due_x/libsam_sam3x8e_gcc_rel.a(uotghs_device.o)
                0x0000000000085710                UDD_WaitOUT
 .text.UDD_ClearIN
                0x0000000000085724       0x18 /Applications/Arduino.app/Contents/Resources/Java/hardware/arduino/sam/variants/arduino_due_x/libsam_sam3x8e_gcc_rel.a(uotghs_device.o)
                0x0000000000085724                UDD_ClearIN
 .text.UDD_ClearOUT
                0x000000000008573c       0x18 /Applications/Arduino.app/Contents/Resources/Java/hardware/arduino/sam/variants/arduino_due_x/libsam_sam3x8e_gcc_rel.a(uotghs_device.o)
                0x000000000008573c                UDD_ClearOUT
 .text.UDD_ReceivedSetupInt
                0x0000000000085754       0x10 /Applications/Arduino.app/Contents/Resources/Java/hardware/arduino/sam/variants/arduino_due_x/libsam_sam3x8e_gcc_rel.a(uotghs_device.o)
                0x0000000000085754                UDD_ReceivedSetupInt
 .text.UDD_ClearSetupInt
                0x0000000000085764       0x10 /Applications/Arduino.app/Contents/Resources/Java/hardware/arduino/sam/variants/arduino_due_x/libsam_sam3x8e_gcc_rel.a(uotghs_device.o)
                0x0000000000085764                UDD_ClearSetupInt
 .text.UDD_Send
                0x0000000000085774       0x90 /Applications/Arduino.app/Contents/Resources/Java/hardware/arduino/sam/variants/arduino_due_x/libsam_sam3x8e_gcc_rel.a(uotghs_device.o)
                0x0000000000085774                UDD_Send
 .text.UDD_Send8
                0x0000000000085804       0x28 /Applications/Arduino.app/Contents/Resources/Java/hardware/arduino/sam/variants/arduino_due_x/libsam_sam3x8e_gcc_rel.a(uotghs_device.o)
                0x0000000000085804                UDD_Send8
 .text.UDD_Recv8
                0x000000000008582c       0x28 /Applications/Arduino.app/Contents/Resources/Java/hardware/arduino/sam/variants/arduino_due_x/libsam_sam3x8e_gcc_rel.a(uotghs_device.o)
                0x000000000008582c                UDD_Recv8
 .text.UDD_Recv
                0x0000000000085854       0x34 /Applications/Arduino.app/Contents/Resources/Java/hardware/arduino/sam/variants/arduino_due_x/libsam_sam3x8e_gcc_rel.a(uotghs_device.o)
                0x0000000000085854                UDD_Recv
 .text.UDD_Stall
                0x0000000000085888       0x14 /Applications/Arduino.app/Contents/Resources/Java/hardware/arduino/sam/variants/arduino_due_x/libsam_sam3x8e_gcc_rel.a(uotghs_device.o)
                0x0000000000085888                UDD_Stall
 .text.UDD_FifoByteCount
                0x000000000008589c       0x1c /Applications/Arduino.app/Contents/Resources/Java/hardware/arduino/sam/variants/arduino_due_x/libsam_sam3x8e_gcc_rel.a(uotghs_device.o)
                0x000000000008589c                UDD_FifoByteCount
 .text.UDD_ReleaseRX
                0x00000000000858b8       0x2c /Applications/Arduino.app/Contents/Resources/Java/hardware/arduino/sam/variants/arduino_due_x/libsam_sam3x8e_gcc_rel.a(uotghs_device.o)
                0x00000000000858b8                UDD_ReleaseRX
 .text.UDD_ReleaseTX
                0x00000000000858e4       0x2c /Applications/Arduino.app/Contents/Resources/Java/hardware/arduino/sam/variants/arduino_due_x/libsam_sam3x8e_gcc_rel.a(uotghs_device.o)
                0x00000000000858e4                UDD_ReleaseTX
 .text.UDD_SetAddress
                0x0000000000085910       0x20 /Applications/Arduino.app/Contents/Resources/Java/hardware/arduino/sam/variants/arduino_due_x/libsam_sam3x8e_gcc_rel.a(uotghs_device.o)
                0x0000000000085910                UDD_SetAddress
 .text          0x0000000000085930      0x21c /Applications/Arduino.app/Contents/Resources/Java/hardware/tools/gcc-arm-none-eabi-4.8.3-2014q1/bin/../lib/gcc/arm-none-eabi/4.8.3/armv7-m/libgcc.a(_arm_addsubsf3.o)
                0x0000000000085930                __aeabi_frsub
                0x0000000000085938                __aeabi_fsub
                0x0000000000085938                __subsf3
                0x000000000008593c                __aeabi_fadd
                0x000000000008593c                __addsf3
                0x0000000000085a9c                __aeabi_ui2f
                0x0000000000085a9c                __floatunsisf
                0x0000000000085aa4                __floatsisf
                0x0000000000085aa4                __aeabi_i2f
                0x0000000000085ac0                __aeabi_ul2f
                0x0000000000085ac0                __floatundisf
                0x0000000000085ad0                __aeabi_l2f
                0x0000000000085ad0                __floatdisf
 .text          0x0000000000085b4c      0x2a0 /Applications/Arduino.app/Contents/Resources/Java/hardware/tools/gcc-arm-none-eabi-4.8.3-2014q1/bin/../lib/gcc/arm-none-eabi/4.8.3/armv7-m/libgcc.a(_arm_muldivsf3.o)
                0x0000000000085b4c                __mulsf3
                0x0000000000085b4c                __aeabi_fmul
                0x0000000000085cb4                __divsf3
                0x0000000000085cb4                __aeabi_fdiv
 .text          0x0000000000085dec       0x40 /Applications/Arduino.app/Contents/Resources/Java/hardware/tools/gcc-arm-none-eabi-4.8.3-2014q1/bin/../lib/gcc/arm-none-eabi/4.8.3/armv7-m/libgcc.a(_arm_fixunssfsi.o)
                0x0000000000085dec                __aeabi_f2uiz
                0x0000000000085dec                __fixunssfsi
 .text.__assert_func
                0x0000000000085e2c       0x3c /Applications/Arduino.app/Contents/Resources/Java/hardware/tools/gcc-arm-none-eabi-4.8.3-2014q1/bin/../lib/gcc/arm-none-eabi/4.8.3/../../../../arm-none-eabi/lib/armv7-m/libc.a(lib_a-assert.o)
                0x0000000000085e2c                __assert_func
 .text.fiprintf
                0x0000000000085e68       0x28 /Applications/Arduino.app/Contents/Resources/Java/hardware/tools/gcc-arm-none-eabi-4.8.3-2014q1/bin/../lib/gcc/arm-none-eabi/4.8.3/../../../../arm-none-eabi/lib/armv7-m/libc.a(lib_a-fiprintf.o)
                0x0000000000085e68                fiprintf
 .text.__libc_init_array
                0x0000000000085e90       0x50 /Applications/Arduino.app/Contents/Resources/Java/hardware/tools/gcc-arm-none-eabi-4.8.3-2014q1/bin/../lib/gcc/arm-none-eabi/4.8.3/../../../../arm-none-eabi/lib/armv7-m/libc.a(lib_a-init.o)
                0x0000000000085e90                __libc_init_array
 .text.iprintf  0x0000000000085ee0       0x28 /Applications/Arduino.app/Contents/Resources/Java/hardware/tools/gcc-arm-none-eabi-4.8.3-2014q1/bin/../lib/gcc/arm-none-eabi/4.8.3/../../../../arm-none-eabi/lib/armv7-m/libc.a(lib_a-iprintf.o)
                0x0000000000085ee0                iprintf
 .text.malloc   0x0000000000085f08       0x10 /Applications/Arduino.app/Contents/Resources/Java/hardware/tools/gcc-arm-none-eabi-4.8.3-2014q1/bin/../lib/gcc/arm-none-eabi/4.8.3/../../../../arm-none-eabi/lib/armv7-m/libc.a(lib_a-malloc.o)
                0x0000000000085f08                malloc
 .text._malloc_r
                0x0000000000085f18      0x538 /Applications/Arduino.app/Contents/Resources/Java/hardware/tools/gcc-arm-none-eabi-4.8.3-2014q1/bin/../lib/gcc/arm-none-eabi/4.8.3/../../../../arm-none-eabi/lib/armv7-m/libc.a(lib_a-mallocr.o)
                0x0000000000085f18                _malloc_r
 .text.memset   0x0000000000086450       0x94 /Applications/Arduino.app/Contents/Resources/Java/hardware/tools/gcc-arm-none-eabi-4.8.3-2014q1/bin/../lib/gcc/arm-none-eabi/4.8.3/../../../../arm-none-eabi/lib/armv7-m/libc.a(lib_a-memset.o)
                0x0000000000086450                memset
 .text.__malloc_lock
                0x00000000000864e4        0x4 /Applications/Arduino.app/Contents/Resources/Java/hardware/tools/gcc-arm-none-eabi-4.8.3-2014q1/bin/../lib/gcc/arm-none-eabi/4.8.3/../../../../arm-none-eabi/lib/armv7-m/libc.a(lib_a-mlock.o)
                0x00000000000864e4                __malloc_lock
 .text.__malloc_unlock
                0x00000000000864e8        0x4 /Applications/Arduino.app/Contents/Resources/Java/hardware/tools/gcc-arm-none-eabi-4.8.3-2014q1/bin/../lib/gcc/arm-none-eabi/4.8.3/../../../../arm-none-eabi/lib/armv7-m/libc.a(lib_a-mlock.o)
                0x00000000000864e8                __malloc_unlock
 .text._sbrk_r  0x00000000000864ec       0x24 /Applications/Arduino.app/Contents/Resources/Java/hardware/tools/gcc-arm-none-eabi-4.8.3-2014q1/bin/../lib/gcc/arm-none-eabi/4.8.3/../../../../arm-none-eabi/lib/armv7-m/libc.a(lib_a-sbrkr.o)
                0x00000000000864ec                _sbrk_r
 .text.strlen   0x0000000000086510       0x60 /Applications/Arduino.app/Contents/Resources/Java/hardware/tools/gcc-arm-none-eabi-4.8.3-2014q1/bin/../lib/gcc/arm-none-eabi/4.8.3/../../../../arm-none-eabi/lib/armv7-m/libc.a(lib_a-strlen.o)
                0x0000000000086510                strlen
 .text.__sprint_r.part.0
                0x0000000000086570       0x78 /Applications/Arduino.app/Contents/Resources/Java/hardware/tools/gcc-arm-none-eabi-4.8.3-2014q1/bin/../lib/gcc/arm-none-eabi/4.8.3/../../../../arm-none-eabi/lib/armv7-m/libc.a(lib_a-vfiprintf.o)
 .text._vfiprintf_r
                0x00000000000865e8      0xc54 /Applications/Arduino.app/Contents/Resources/Java/hardware/tools/gcc-arm-none-eabi-4.8.3-2014q1/bin/../lib/gcc/arm-none-eabi/4.8.3/../../../../arm-none-eabi/lib/armv7-m/libc.a(lib_a-vfiprintf.o)
                0x00000000000865e8                _vfiprintf_r
 .text.__sbprintf
                0x000000000008723c       0x7c /Applications/Arduino.app/Contents/Resources/Java/hardware/tools/gcc-arm-none-eabi-4.8.3-2014q1/bin/../lib/gcc/arm-none-eabi/4.8.3/../../../../arm-none-eabi/lib/armv7-m/libc.a(lib_a-vfiprintf.o)
 .text.__swsetup_r
                0x00000000000872b8       0xc4 /Applications/Arduino.app/Contents/Resources/Java/hardware/tools/gcc-arm-none-eabi-4.8.3-2014q1/bin/../lib/gcc/arm-none-eabi/4.8.3/../../../../arm-none-eabi/lib/armv7-m/libc.a(lib_a-wsetup.o)
                0x00000000000872b8                __swsetup_r
 .text.startup.register_fini
                0x000000000008737c       0x14 /Applications/Arduino.app/Contents/Resources/Java/hardware/tools/gcc-arm-none-eabi-4.8.3-2014q1/bin/../lib/gcc/arm-none-eabi/4.8.3/../../../../arm-none-eabi/lib/armv7-m/libc.a(lib_a-__call_atexit.o)
 .text.abort    0x0000000000087390       0x10 /Applications/Arduino.app/Contents/Resources/Java/hardware/tools/gcc-arm-none-eabi-4.8.3-2014q1/bin/../lib/gcc/arm-none-eabi/4.8.3/../../../../arm-none-eabi/lib/armv7-m/libc.a(lib_a-abort.o)
                0x0000000000087390                abort
 .text.atexit   0x00000000000873a0        0xc /Applications/Arduino.app/Contents/Resources/Java/hardware/tools/gcc-arm-none-eabi-4.8.3-2014q1/bin/../lib/gcc/arm-none-eabi/4.8.3/../../../../arm-none-eabi/lib/armv7-m/libc.a(lib_a-atexit.o)
                0x00000000000873a0                atexit
 .text.__sflush_r
                0x00000000000873ac      0x148 /Applications/Arduino.app/Contents/Resources/Java/hardware/tools/gcc-arm-none-eabi-4.8.3-2014q1/bin/../lib/gcc/arm-none-eabi/4.8.3/../../../../arm-none-eabi/lib/armv7-m/libc.a(lib_a-fflush.o)
                0x00000000000873ac                __sflush_r
 .text._fflush_r
                0x00000000000874f4       0x2c /Applications/Arduino.app/Contents/Resources/Java/hardware/tools/gcc-arm-none-eabi-4.8.3-2014q1/bin/../lib/gcc/arm-none-eabi/4.8.3/../../../../arm-none-eabi/lib/armv7-m/libc.a(lib_a-fflush.o)
                0x00000000000874f4                _fflush_r
 .text._cleanup_r
                0x0000000000087520        0xc /Applications/Arduino.app/Contents/Resources/Java/hardware/tools/gcc-arm-none-eabi-4.8.3-2014q1/bin/../lib/gcc/arm-none-eabi/4.8.3/../../../../arm-none-eabi/lib/armv7-m/libc.a(lib_a-findfp.o)
                0x0000000000087520                _cleanup_r
 .text.__sinit  0x000000000008752c       0xf4 /Applications/Arduino.app/Contents/Resources/Java/hardware/tools/gcc-arm-none-eabi-4.8.3-2014q1/bin/../lib/gcc/arm-none-eabi/4.8.3/../../../../arm-none-eabi/lib/armv7-m/libc.a(lib_a-findfp.o)
                0x000000000008752c                __sinit
 .text.__sfp_lock_acquire
                0x0000000000087620        0x4 /Applications/Arduino.app/Contents/Resources/Java/hardware/tools/gcc-arm-none-eabi-4.8.3-2014q1/bin/../lib/gcc/arm-none-eabi/4.8.3/../../../../arm-none-eabi/lib/armv7-m/libc.a(lib_a-findfp.o)
                0x0000000000087620                __sfp_lock_acquire
 .text.__sfp_lock_release
                0x0000000000087624        0x4 /Applications/Arduino.app/Contents/Resources/Java/hardware/tools/gcc-arm-none-eabi-4.8.3-2014q1/bin/../lib/gcc/arm-none-eabi/4.8.3/../../../../arm-none-eabi/lib/armv7-m/libc.a(lib_a-findfp.o)
                0x0000000000087624                __sfp_lock_release
 .text.__libc_fini_array
                0x0000000000087628       0x30 /Applications/Arduino.app/Contents/Resources/Java/hardware/tools/gcc-arm-none-eabi-4.8.3-2014q1/bin/../lib/gcc/arm-none-eabi/4.8.3/../../../../arm-none-eabi/lib/armv7-m/libc.a(lib_a-fini.o)
                0x0000000000087628                __libc_fini_array
 .text._fputwc_r
                0x0000000000087658       0xc0 /Applications/Arduino.app/Contents/Resources/Java/hardware/tools/gcc-arm-none-eabi-4.8.3-2014q1/bin/../lib/gcc/arm-none-eabi/4.8.3/../../../../arm-none-eabi/lib/armv7-m/libc.a(lib_a-fputwc.o)
                0x0000000000087658                _fputwc_r
 .text._malloc_trim_r
                0x0000000000087718       0x9c /Applications/Arduino.app/Contents/Resources/Java/hardware/tools/gcc-arm-none-eabi-4.8.3-2014q1/bin/../lib/gcc/arm-none-eabi/4.8.3/../../../../arm-none-eabi/lib/armv7-m/libc.a(lib_a-freer.o)
                0x0000000000087718                _malloc_trim_r
 .text._free_r  0x00000000000877b4      0x198 /Applications/Arduino.app/Contents/Resources/Java/hardware/tools/gcc-arm-none-eabi-4.8.3-2014q1/bin/../lib/gcc/arm-none-eabi/4.8.3/../../../../arm-none-eabi/lib/armv7-m/libc.a(lib_a-freer.o)
                0x00000000000877b4                _free_r
 .text.__sfvwrite_r
                0x000000000008794c      0x314 /Applications/Arduino.app/Contents/Resources/Java/hardware/tools/gcc-arm-none-eabi-4.8.3-2014q1/bin/../lib/gcc/arm-none-eabi/4.8.3/../../../../arm-none-eabi/lib/armv7-m/libc.a(lib_a-fvwrite.o)
                0x000000000008794c                __sfvwrite_r
 .text._fwalk   0x0000000000087c60       0x48 /Applications/Arduino.app/Contents/Resources/Java/hardware/tools/gcc-arm-none-eabi-4.8.3-2014q1/bin/../lib/gcc/arm-none-eabi/4.8.3/../../../../arm-none-eabi/lib/armv7-m/libc.a(lib_a-fwalk.o)
                0x0000000000087c60                _fwalk
 .text.__locale_charset
                0x0000000000087ca8        0x8 /Applications/Arduino.app/Contents/Resources/Java/hardware/tools/gcc-arm-none-eabi-4.8.3-2014q1/bin/../lib/gcc/arm-none-eabi/4.8.3/../../../../arm-none-eabi/lib/armv7-m/libc.a(lib_a-locale.o)
                0x0000000000087ca8                __locale_charset
 .text.__locale_mb_cur_max
                0x0000000000087cb0        0xc /Applications/Arduino.app/Contents/Resources/Java/hardware/tools/gcc-arm-none-eabi-4.8.3-2014q1/bin/../lib/gcc/arm-none-eabi/4.8.3/../../../../arm-none-eabi/lib/armv7-m/libc.a(lib_a-locale.o)
                0x0000000000087cb0                __locale_mb_cur_max
 .text.__smakebuf_r
                0x0000000000087cbc       0xe0 /Applications/Arduino.app/Contents/Resources/Java/hardware/tools/gcc-arm-none-eabi-4.8.3-2014q1/bin/../lib/gcc/arm-none-eabi/4.8.3/../../../../arm-none-eabi/lib/armv7-m/libc.a(lib_a-makebuf.o)
                0x0000000000087cbc                __smakebuf_r
 .text.memchr   0x0000000000087d9c       0x94 /Applications/Arduino.app/Contents/Resources/Java/hardware/tools/gcc-arm-none-eabi-4.8.3-2014q1/bin/../lib/gcc/arm-none-eabi/4.8.3/../../../../arm-none-eabi/lib/armv7-m/libc.a(lib_a-memchr-stub.o)
                0x0000000000087d9c                memchr
 .text          0x0000000000087e30       0xec /Applications/Arduino.app/Contents/Resources/Java/hardware/tools/gcc-arm-none-eabi-4.8.3-2014q1/bin/../lib/gcc/arm-none-eabi/4.8.3/../../../../arm-none-eabi/lib/armv7-m/libc.a(lib_a-memcpy.o)
                0x0000000000087e30                memcpy
 .text.memmove  0x0000000000087f1c       0xcc /Applications/Arduino.app/Contents/Resources/Java/hardware/tools/gcc-arm-none-eabi-4.8.3-2014q1/bin/../lib/gcc/arm-none-eabi/4.8.3/../../../../arm-none-eabi/lib/armv7-m/libc.a(lib_a-memmove.o)
                0x0000000000087f1c                memmove
 .text._realloc_r
                0x0000000000087fe8      0x3c0 /Applications/Arduino.app/Contents/Resources/Java/hardware/tools/gcc-arm-none-eabi-4.8.3-2014q1/bin/../lib/gcc/arm-none-eabi/4.8.3/../../../../arm-none-eabi/lib/armv7-m/libc.a(lib_a-reallocr.o)
                0x0000000000087fe8                _realloc_r
 .text._raise_r
                0x00000000000883a8       0x58 /Applications/Arduino.app/Contents/Resources/Java/hardware/tools/gcc-arm-none-eabi-4.8.3-2014q1/bin/../lib/gcc/arm-none-eabi/4.8.3/../../../../arm-none-eabi/lib/armv7-m/libc.a(lib_a-signal.o)
                0x00000000000883a8                _raise_r
 .text.raise    0x0000000000088400       0x10 /Applications/Arduino.app/Contents/Resources/Java/hardware/tools/gcc-arm-none-eabi-4.8.3-2014q1/bin/../lib/gcc/arm-none-eabi/4.8.3/../../../../arm-none-eabi/lib/armv7-m/libc.a(lib_a-signal.o)
                0x0000000000088400                raise
 .text._kill_r  0x0000000000088410       0x28 /Applications/Arduino.app/Contents/Resources/Java/hardware/tools/gcc-arm-none-eabi-4.8.3-2014q1/bin/../lib/gcc/arm-none-eabi/4.8.3/../../../../arm-none-eabi/lib/armv7-m/libc.a(lib_a-signalr.o)
                0x0000000000088410                _kill_r
 .text._getpid_r
                0x0000000000088438        0x4 /Applications/Arduino.app/Contents/Resources/Java/hardware/tools/gcc-arm-none-eabi-4.8.3-2014q1/bin/../lib/gcc/arm-none-eabi/4.8.3/../../../../arm-none-eabi/lib/armv7-m/libc.a(lib_a-signalr.o)
                0x0000000000088438                _getpid_r
 .text.__sread  0x000000000008843c       0x24 /Applications/Arduino.app/Contents/Resources/Java/hardware/tools/gcc-arm-none-eabi-4.8.3-2014q1/bin/../lib/gcc/arm-none-eabi/4.8.3/../../../../arm-none-eabi/lib/armv7-m/libc.a(lib_a-stdio.o)
                0x000000000008843c                __sread
 .text.__swrite
                0x0000000000088460       0x38 /Applications/Arduino.app/Contents/Resources/Java/hardware/tools/gcc-arm-none-eabi-4.8.3-2014q1/bin/../lib/gcc/arm-none-eabi/4.8.3/../../../../arm-none-eabi/lib/armv7-m/libc.a(lib_a-stdio.o)
                0x0000000000088460                __swrite
 .text.__sseek  0x0000000000088498       0x20 /Applications/Arduino.app/Contents/Resources/Java/hardware/tools/gcc-arm-none-eabi-4.8.3-2014q1/bin/../lib/gcc/arm-none-eabi/4.8.3/../../../../arm-none-eabi/lib/armv7-m/libc.a(lib_a-stdio.o)
                0x0000000000088498                __sseek
 .text.__sclose
                0x00000000000884b8        0x8 /Applications/Arduino.app/Contents/Resources/Java/hardware/tools/gcc-arm-none-eabi-4.8.3-2014q1/bin/../lib/gcc/arm-none-eabi/4.8.3/../../../../arm-none-eabi/lib/armv7-m/libc.a(lib_a-stdio.o)
                0x00000000000884b8                __sclose
 .text.__swbuf_r
                0x00000000000884c0       0xa8 /Applications/Arduino.app/Contents/Resources/Java/hardware/tools/gcc-arm-none-eabi-4.8.3-2014q1/bin/../lib/gcc/arm-none-eabi/4.8.3/../../../../arm-none-eabi/lib/armv7-m/libc.a(lib_a-wbuf.o)
                0x00000000000884c0                __swbuf_r
 .text._wcrtomb_r
                0x0000000000088568       0x50 /Applications/Arduino.app/Contents/Resources/Java/hardware/tools/gcc-arm-none-eabi-4.8.3-2014q1/bin/../lib/gcc/arm-none-eabi/4.8.3/../../../../arm-none-eabi/lib/armv7-m/libc.a(lib_a-wcrtomb.o)
                0x0000000000088568                _wcrtomb_r
 .text.__ascii_wctomb
                0x00000000000885b8       0x1c /Applications/Arduino.app/Contents/Resources/Java/hardware/tools/gcc-arm-none-eabi-4.8.3-2014q1/bin/../lib/gcc/arm-none-eabi/4.8.3/../../../../arm-none-eabi/lib/armv7-m/libc.a(lib_a-wctomb_r.o)
                0x00000000000885b8                __ascii_wctomb
 .text._write_r
                0x00000000000885d4       0x28 /Applications/Arduino.app/Contents/Resources/Java/hardware/tools/gcc-arm-none-eabi-4.8.3-2014q1/bin/../lib/gcc/arm-none-eabi/4.8.3/../../../../arm-none-eabi/lib/armv7-m/libc.a(lib_a-writer.o)
                0x00000000000885d4                _write_r
 .text.__register_exitproc
                0x00000000000885fc       0xa8 /Applications/Arduino.app/Contents/Resources/Java/hardware/tools/gcc-arm-none-eabi-4.8.3-2014q1/bin/../lib/gcc/arm-none-eabi/4.8.3/../../../../arm-none-eabi/lib/armv7-m/libc.a(lib_a-__atexit.o)
                0x00000000000885fc                __register_exitproc
 .text._close_r
                0x00000000000886a4       0x24 /Applications/Arduino.app/Contents/Resources/Java/hardware/tools/gcc-arm-none-eabi-4.8.3-2014q1/bin/../lib/gcc/arm-none-eabi/4.8.3/../../../../arm-none-eabi/lib/armv7-m/libc.a(lib_a-closer.o)
                0x00000000000886a4                _close_r
 .text._fclose_r
                0x00000000000886c8       0x80 /Applications/Arduino.app/Contents/Resources/Java/hardware/tools/gcc-arm-none-eabi-4.8.3-2014q1/bin/../lib/gcc/arm-none-eabi/4.8.3/../../../../arm-none-eabi/lib/armv7-m/libc.a(lib_a-fclose.o)
                0x00000000000886c8                _fclose_r
 .text.fclose   0x0000000000088748       0x10 /Applications/Arduino.app/Contents/Resources/Java/hardware/tools/gcc-arm-none-eabi-4.8.3-2014q1/bin/../lib/gcc/arm-none-eabi/4.8.3/../../../../arm-none-eabi/lib/armv7-m/libc.a(lib_a-fclose.o)
                0x0000000000088748                fclose
 .text._fstat_r
                0x0000000000088758       0x28 /Applications/Arduino.app/Contents/Resources/Java/hardware/tools/gcc-arm-none-eabi-4.8.3-2014q1/bin/../lib/gcc/arm-none-eabi/4.8.3/../../../../arm-none-eabi/lib/armv7-m/libc.a(lib_a-fstatr.o)
                0x0000000000088758                _fstat_r
 .text._isatty_r
                0x0000000000088780       0x24 /Applications/Arduino.app/Contents/Resources/Java/hardware/tools/gcc-arm-none-eabi-4.8.3-2014q1/bin/../lib/gcc/arm-none-eabi/4.8.3/../../../../arm-none-eabi/lib/armv7-m/libc.a(lib_a-isattyr.o)
                0x0000000000088780                _isatty_r
 .text._lseek_r
                0x00000000000887a4       0x28 /Applications/Arduino.app/Contents/Resources/Java/hardware/tools/gcc-arm-none-eabi-4.8.3-2014q1/bin/../lib/gcc/arm-none-eabi/4.8.3/../../../../arm-none-eabi/lib/armv7-m/libc.a(lib_a-lseekr.o)
                0x00000000000887a4                _lseek_r
 .text._read_r  0x00000000000887cc       0x28 /Applications/Arduino.app/Contents/Resources/Java/hardware/tools/gcc-arm-none-eabi-4.8.3-2014q1/bin/../lib/gcc/arm-none-eabi/4.8.3/../../../../arm-none-eabi/lib/armv7-m/libc.a(lib_a-readr.o)
                0x00000000000887cc                _read_r
 .text          0x00000000000887f4       0x2c /Applications/Arduino.app/Contents/Resources/Java/hardware/tools/gcc-arm-none-eabi-4.8.3-2014q1/bin/../lib/gcc/arm-none-eabi/4.8.3/armv7-m/libgcc.a(_aeabi_uldivmod.o)
                0x00000000000887f4                __aeabi_uldivmod
 .text          0x0000000000088820       0x60 /Applications/Arduino.app/Contents/Resources/Java/hardware/tools/gcc-arm-none-eabi-4.8.3-2014q1/bin/../lib/gcc/arm-none-eabi/4.8.3/armv7-m/libgcc.a(bpabi.o)
                0x0000000000088820                __gnu_ldivmod_helper
                0x0000000000088850                __gnu_uldivmod_helper
 .text          0x0000000000088880        0x4 /Applications/Arduino.app/Contents/Resources/Java/hardware/tools/gcc-arm-none-eabi-4.8.3-2014q1/bin/../lib/gcc/arm-none-eabi/4.8.3/armv7-m/libgcc.a(_dvmd_tls.o)
                0x0000000000088880                __aeabi_ldiv0
                0x0000000000088880                __aeabi_idiv0
 .text          0x0000000000088884      0x2a0 /Applications/Arduino.app/Contents/Resources/Java/hardware/tools/gcc-arm-none-eabi-4.8.3-2014q1/bin/../lib/gcc/arm-none-eabi/4.8.3/armv7-m/libgcc.a(_divdi3.o)
                0x0000000000088884                __divdi3
 .text          0x0000000000088b24      0x290 /Applications/Arduino.app/Contents/Resources/Java/hardware/tools/gcc-arm-none-eabi-4.8.3-2014q1/bin/../lib/gcc/arm-none-eabi/4.8.3/armv7-m/libgcc.a(_udivdi3.o)
                0x0000000000088b24                __udivdi3
 *(.glue_7t)
 .glue_7t       0x0000000000000000        0x0 linker stubs
 *(.glue_7)
 .glue_7        0x0000000000000000        0x0 linker stubs
 *(.rodata .rodata* .gnu.linkonce.r.*)
 .rodata.g_APinDescription
                0x0000000000088db4      0xa2c Builds/variant.cpp.o
                0x0000000000088db4                g_APinDescription
 .rodata.str1.1
                0x00000000000897e0       0x19 Builds/syscalls_sam3.c.o
 *fill*         0x00000000000897f9        0x3 
 .rodata.C.0.8146
                0x00000000000897fc       0x40 /Applications/Arduino.app/Contents/Resources/Java/hardware/arduino/sam/variants/arduino_due_x/libsam_sam3x8e_gcc_rel.a(adc.o)
 *fill*         0x000000000008983c        0x4 
 .rodata._ZTV9UARTClass
                0x0000000000089840       0x30 Builds/embeddedcomputing.a(UARTClass.cpp.o)
                0x0000000000089840                vtable for UARTClass
 .rodata._ZTV10USARTClass
                0x0000000000089870       0x30 Builds/embeddedcomputing.a(USARTClass.cpp.o)
                0x0000000000089870                vtable for USARTClass
 .rodata.STRING_PRODUCT
                0x00000000000898a0        0xc Builds/embeddedcomputing.a(USBCore.cpp.o)
                0x00000000000898a0                STRING_PRODUCT
 .rodata.USB_DeviceDescriptor
                0x00000000000898ac       0x12 Builds/embeddedcomputing.a(USBCore.cpp.o)
                0x00000000000898ac                USB_DeviceDescriptor
 *fill*         0x00000000000898be        0x2 
 .rodata._ZL9EndPoints
                0x00000000000898c0       0x14 Builds/embeddedcomputing.a(USBCore.cpp.o)
 .rodata.STRING_LANGUAGE
                0x00000000000898d4        0x4 Builds/embeddedcomputing.a(USBCore.cpp.o)
                0x00000000000898d4                STRING_LANGUAGE
 .rodata._ZL18test_packet_buffer
                0x00000000000898d8       0x35 Builds/embeddedcomputing.a(USBCore.cpp.o)
 .rodata.STRING_MANUFACTURER
                0x000000000008990d        0xc Builds/embeddedcomputing.a(USBCore.cpp.o)
                0x000000000008990d                STRING_MANUFACTURER
 .rodata.USB_DeviceDescriptorA
                0x0000000000089919       0x12 Builds/embeddedcomputing.a(USBCore.cpp.o)
                0x0000000000089919                USB_DeviceDescriptorA
 .rodata._ZL19USB_DeviceQualifier
                0x000000000008992b       0x12 Builds/embeddedcomputing.a(USBCore.cpp.o)
 *fill*         0x000000000008993d        0x3 
 .rodata._ZTV7Serial_
                0x0000000000089940       0x28 Builds/embeddedcomputing.a(CDC.cpp.o)
                0x0000000000089940                vtable for Serial_
 .rodata._ZL18_cdcOtherInterface
                0x0000000000089968       0x42 Builds/embeddedcomputing.a(CDC.cpp.o)
 .rodata._ZL13_cdcInterface
                0x00000000000899aa       0x42 Builds/embeddedcomputing.a(CDC.cpp.o)
 *fill*         0x00000000000899ec        0x4 
 .rodata._ZTV9Keyboard_
                0x00000000000899f0       0x20 Builds/embeddedcomputing.a(HID.cpp.o)
                0x00000000000899f0                vtable for Keyboard_
 .rodata._asciimap
                0x0000000000089a10       0x80 Builds/embeddedcomputing.a(HID.cpp.o)
                0x0000000000089a10                _asciimap
 .rodata._hidInterface
                0x0000000000089a90       0x19 Builds/embeddedcomputing.a(HID.cpp.o)
                0x0000000000089a90                _hidInterface
 .rodata._hidReportDescriptor
                0x0000000000089aa9       0x65 Builds/embeddedcomputing.a(HID.cpp.o)
                0x0000000000089aa9                _hidReportDescriptor
 .rodata.str1.1
                0x0000000000089b0e       0x54 /Applications/Arduino.app/Contents/Resources/Java/hardware/arduino/sam/variants/arduino_due_x/libsam_sam3x8e_gcc_rel.a(tc.o)
 .rodata.__func__.6634
                0x0000000000089b62        0xd /Applications/Arduino.app/Contents/Resources/Java/hardware/arduino/sam/variants/arduino_due_x/libsam_sam3x8e_gcc_rel.a(tc.o)
 .rodata.__func__.6640
                0x0000000000089b6f        0x9 /Applications/Arduino.app/Contents/Resources/Java/hardware/arduino/sam/variants/arduino_due_x/libsam_sam3x8e_gcc_rel.a(tc.o)
 .rodata.__func__.6646
                0x0000000000089b78        0x8 /Applications/Arduino.app/Contents/Resources/Java/hardware/arduino/sam/variants/arduino_due_x/libsam_sam3x8e_gcc_rel.a(tc.o)
 .rodata.str1.4
                0x0000000000089b80       0x3f /Applications/Arduino.app/Contents/Resources/Java/hardware/tools/gcc-arm-none-eabi-4.8.3-2014q1/bin/../lib/gcc/arm-none-eabi/4.8.3/../../../../arm-none-eabi/lib/armv7-m/libc.a(lib_a-assert.o)
                                         0x44 (size before relaxing)
 *fill*         0x0000000000089bbf        0x1 
 .rodata.str1.4
                0x0000000000089bc0        0x2 /Applications/Arduino.app/Contents/Resources/Java/hardware/tools/gcc-arm-none-eabi-4.8.3-2014q1/bin/../lib/gcc/arm-none-eabi/4.8.3/../../../../arm-none-eabi/lib/armv7-m/libc.a(lib_a-impure.o)
                                          0x4 (size before relaxing)
 *fill*         0x0000000000089bc2        0x2 
 .rodata._global_impure_ptr
                0x0000000000089bc4        0x4 /Applications/Arduino.app/Contents/Resources/Java/hardware/tools/gcc-arm-none-eabi-4.8.3-2014q1/bin/../lib/gcc/arm-none-eabi/4.8.3/../../../../arm-none-eabi/lib/armv7-m/libc.a(lib_a-impure.o)
                0x0000000000089bc4                _global_impure_ptr
 .rodata.blanks.6717
                0x0000000000089bc8       0x10 /Applications/Arduino.app/Contents/Resources/Java/hardware/tools/gcc-arm-none-eabi-4.8.3-2014q1/bin/../lib/gcc/arm-none-eabi/4.8.3/../../../../arm-none-eabi/lib/armv7-m/libc.a(lib_a-vfiprintf.o)
 .rodata.str1.4
                0x0000000000089bd8       0x30 /Applications/Arduino.app/Contents/Resources/Java/hardware/tools/gcc-arm-none-eabi-4.8.3-2014q1/bin/../lib/gcc/arm-none-eabi/4.8.3/../../../../arm-none-eabi/lib/armv7-m/libc.a(lib_a-vfiprintf.o)
 .rodata.zeroes.6718
                0x0000000000089c08       0x10 /Applications/Arduino.app/Contents/Resources/Java/hardware/tools/gcc-arm-none-eabi-4.8.3-2014q1/bin/../lib/gcc/arm-none-eabi/4.8.3/../../../../arm-none-eabi/lib/armv7-m/libc.a(lib_a-vfiprintf.o)
 *(.ARM.extab* .gnu.linkonce.armextab.*)
                0x0000000000089c18                . = ALIGN (0x4)
 *(.init)
 .init          0x0000000000089c18        0x4 /Applications/Arduino.app/Contents/Resources/Java/hardware/tools/gcc-arm-none-eabi-4.8.3-2014q1/bin/../lib/gcc/arm-none-eabi/4.8.3/armv7-m/crti.o
                0x0000000000089c18                _init
 .init          0x0000000000089c1c        0x8 /Applications/Arduino.app/Contents/Resources/Java/hardware/tools/gcc-arm-none-eabi-4.8.3-2014q1/bin/../lib/gcc/arm-none-eabi/4.8.3/armv7-m/crtn.o
                0x0000000000089c24                . = ALIGN (0x4)
                0x0000000000089c24                __preinit_array_start = .
 *(.preinit_array)
                0x0000000000089c24                __preinit_array_end = .
                0x0000000000089c24                . = ALIGN (0x4)
                0x0000000000089c24                __init_array_start = .
 *(SORT(.init_array.*))
 .init_array.00000